 FunctionsBasic

 Timestamp is 6099ca57 (Tue May 11 08:05:43 2021)

 Preferred load address is 00400000

 Start         Length     Name                   Class
 0001:00000000 00010000H .textbss                DATA
 0002:00000000 0000b2b0H .text$mn                CODE
 0002:0000b2b0 000012cdH .text$x                 CODE
 0003:00000000 00000104H .CRT$XCA                DATA
 0003:00000104 00000104H .CRT$XCAA               DATA
 0003:00000208 00000104H .CRT$XCZ                DATA
 0003:0000030c 00000104H .CRT$XIA                DATA
 0003:00000410 00000104H .CRT$XIAA               DATA
 0003:00000514 00000104H .CRT$XIAC               DATA
 0003:00000618 00000104H .CRT$XIZ                DATA
 0003:0000071c 00000104H .CRT$XPA                DATA
 0003:00000820 00000104H .CRT$XPZ                DATA
 0003:00000924 00000104H .CRT$XTA                DATA
 0003:00000a28 00000108H .CRT$XTZ                DATA
 0003:00000b30 000010d0H .rdata                  DATA
 0003:00001c00 00000104H .rdata$CastGuardVftablesA DATA
 0003:00001d04 00000104H .rdata$CastGuardVftablesC DATA
 0003:00001e08 00000274H .rdata$r                DATA
 0003:0000207c 00000188H .rdata$zzzdbg           DATA
 0003:00002204 00000104H .rtc$IAA                DATA
 0003:00002308 00000118H .rtc$IMZ                DATA
 0003:00002420 00000104H .rtc$IZZ                DATA
 0003:00002524 00000104H .rtc$TAA                DATA
 0003:00002628 00000118H .rtc$TMZ                DATA
 0003:00002740 00000108H .rtc$TZZ                DATA
 0003:00002848 00000494H .xdata$x                DATA
 0003:00002cdc 00000000H .edata                  DATA
 0004:00000000 0000014cH .data                   DATA
 0004:0000014c 00000178H .data$r                 DATA
 0004:000002c4 0000011cH .data$rs                DATA
 0004:000003e0 00000460H .bss                    DATA
 0005:00000000 00000288H .idata$5                DATA
 0005:00000288 00000050H .idata$2                DATA
 0005:000002d8 00000014H .idata$3                DATA
 0005:000002ec 00000288H .idata$4                DATA
 0005:00000574 00000d2dH .idata$6                DATA
 0006:00000000 000001b7H .msvcjmc                DATA
 0007:00000000 00000109H .00cfg                  DATA
 0008:00000000 00000170H .rsrc$01                DATA
 0008:00000170 000002ccH .rsrc$02                DATA

  Address         Publics by Value              Rva+Base       Lib:Object

 0000:00000000       ___arm64x_native_entrypoint 00000000     <absolute>
 0000:00000000       ___x64_code_ranges_to_entry_points 00000000     <absolute>
 0000:00000000       ___hybrid_auxiliary_iat_copy 00000000     <absolute>
 0000:00000000       ___hybrid_auxiliary_iat    00000000     <absolute>
 0000:00000000       ___guard_iat_count         00000000     <absolute>
 0000:00000000       ___hybrid_code_map_count   00000000     <absolute>
 0000:00000000       ___dynamic_value_reloc_table 00000000     <absolute>
 0000:00000000       ___guard_fids_table        00000000     <absolute>
 0000:00000000       ___arm64x_redirection_metadata_count 00000000     <absolute>
 0000:00000000       ___guard_check_icall_a64n_fptr 00000000     <absolute>
 0000:00000000       ___guard_eh_cont_table     00000000     <absolute>
 0000:00000000       ___guard_iat_table         00000000     <absolute>
 0000:00000000       ___enclave_config          00000000     <absolute>
 0000:00000000       ___arm64x_extra_rfe_table_size 00000000     <absolute>
 0000:00000000       ___guard_longjmp_table     00000000     <absolute>
 0000:00000000       ___safe_se_handler_count   00000000     <absolute>
 0000:00000000       ___AbsoluteZero            00000000     <absolute>
 0000:00000000       ___volatile_metadata       00000000     <absolute>
 0000:00000000       ___guard_eh_cont_count     00000000     <absolute>
 0000:00000000       ___guard_fids_count        00000000     <absolute>
 0000:00000000       ___safe_se_handler_table   00000000     <absolute>
 0000:00000000       ___guard_longjmp_count     00000000     <absolute>
 0000:00000000       ___hybrid_code_map         00000000     <absolute>
 0000:00000000       ___x64_code_ranges_to_entry_points_count 00000000     <absolute>
 0000:00000000       ___arm64x_redirection_metadata 00000000     <absolute>
 0000:00000000       ___arm64x_extra_rfe_table  00000000     <absolute>
 0000:00000100       ___guard_flags             00000100     <absolute>
 0000:00000000       ___ImageBase               00400000     <linker-defined>
 0001:00000000       __enc$textbss$begin        00401000     <linker-defined>
 0001:00010000       __enc$textbss$end          00411000     <linker-defined>
 0002:00000e00       ??$?6U?$char_traits@D@std@@@std@@YAAAV?$basic_ostream@DU?$char_traits@D@std@@@0@AAV10@PBD@Z 00411e00 f i Functions.obj
 0002:000013e0       ??$endl@DU?$char_traits@D@std@@@std@@YAAAV?$basic_ostream@DU?$char_traits@D@std@@@0@AAV10@@Z 004123e0 f i Functions.obj
 0002:00001490       ??0_Sentry_base@?$basic_ostream@DU?$char_traits@D@std@@@std@@QAE@AAV12@@Z 00412490 f i Functions.obj
 0002:00001550       ??0sentry@?$basic_ostream@DU?$char_traits@D@std@@@std@@QAE@AAV12@@Z 00412550 f i Functions.obj
 0002:000016c0       ??1_Sentry_base@?$basic_ostream@DU?$char_traits@D@std@@@std@@QAE@XZ 004126c0 f i Functions.obj
 0002:000017b0       ??1sentry@?$basic_ostream@DU?$char_traits@D@std@@@std@@QAE@XZ 004127b0 f i Functions.obj
 0002:000018a0       ??Bsentry@?$basic_ostream@DU?$char_traits@D@std@@@std@@QBE_NXZ 004128a0 f i Functions.obj
 0002:00001900       ?Add@@YAHHH@Z              00412900 f   Functions.obj
 0002:00001960       ?Add@@YANNN@Z              00412960 f   Functions.obj
 0002:000019d0       ?Calculate@Addition@@YANNN@Z 004129d0 f   Functions.obj
 0002:00001a40       ?Calculate@Avg@@YANNN@Z    00412a40 f   Functions.obj
 0002:00001ac0       ?CreateWindow@@YAXPBDHHHH@Z 00412ac0 f   Functions.obj
 0002:00001b10       ?EndMessage@@YAXXZ         00412b10 f   Functions.obj
 0002:00001b90       ?Print@@YAXPBH@Z           00412b90 f   Functions.obj
 0002:00001be0       ?SquareInline@@YAHH@Z      00412be0 f   Functions.obj
 0002:00001c40       ?TestFunctions@@YAHXZ      00412c40 f   Functions.obj
 0002:00001ef0       ?__empty_global_delete@@YAXPAX@Z 00412ef0 f i Functions.obj
 0002:00001f40       ?__empty_global_delete@@YAXPAXI@Z 00412f40 f i Functions.obj
 0002:00001f90       ?eof@?$_Narrow_char_traits@DH@std@@SAHXZ 00412f90 f i Functions.obj
 0002:00001fe0       ?eq_int_type@?$_Narrow_char_traits@DH@std@@SA_NABH0@Z 00412fe0 f i Functions.obj
 0002:00002060       ?length@?$_Narrow_char_traits@DH@std@@SAIQBD@Z 00413060 f i Functions.obj
 0002:000020c0       _Print                     004130c0 f   Functions.obj
 0002:00002110       __JustMyCode_Default       00413110 f i Functions.obj
 0002:00002120       ?AddWhichCreatesACopy1@@YA?AVCustomInteger@@HH@Z 00413120 f   CopyConstructors.obj
 0002:000021a0       ?Print@@YAHVCustomInteger@@@Z 004131a0 f   CopyConstructors.obj
 0002:00002210       ?TestCopyConstructors@@YAXXZ 00413210 f   CopyConstructors.obj
 0002:00002320       ?VoidWhichCreatesACopy3@@YAXXZ 00413320 f   CopyConstructors.obj
 0002:00002450       ?__autoclassinit2@CustomInteger@@QAEXI@Z 00413450 f i CopyConstructors.obj
 0002:000024b0       ??0CustomInteger@@QAE@$$QAV0@@Z 004134b0 f   CustomInteger.obj
 0002:00002520       ??0CustomInteger@@QAE@ABV0@@Z 00413520 f   CustomInteger.obj
 0002:000025e0       ??0CustomInteger@@QAE@H@Z  004135e0 f   CustomInteger.obj
 0002:00002690       ??0CustomInteger@@QAE@XZ   00413690 f   CustomInteger.obj
 0002:00002740       ??1CustomInteger@@QAE@XZ   00413740 f   CustomInteger.obj
 0002:000027c0       ??4CustomInteger@@QAEAAV0@$$QAV0@@Z 004137c0 f   CustomInteger.obj
 0002:00002860       ??4CustomInteger@@QAEAAV0@ABV0@@Z 00413860 f   CustomInteger.obj
 0002:00002950       ??8CustomInteger@@QBE_NABV0@@Z 00413950 f   CustomInteger.obj
 0002:000029e0       ??ECustomInteger@@QAE?AV0@XZ 004139e0 f   CustomInteger.obj
 0002:00002a80       ??ECustomInteger@@QAEAAV0@H@Z 00413a80 f   CustomInteger.obj
 0002:00002b80       ??HCustomInteger@@QBE?AV0@ABV0@@Z 00413b80 f   CustomInteger.obj
 0002:00002cd0       ?GetValue@CustomInteger@@QBEHXZ 00413cd0 f   CustomInteger.obj
 0002:00002d30       ?SetValue@CustomInteger@@QAEXH@Z 00413d30 f   CustomInteger.obj
 0002:00002d90       ??$?0$$V@?$_Compressed_pair@V?$allocator@D@std@@V?$_String_val@U?$_Simple_types@D@std@@@2@$00@std@@QAE@U_Zero_then_variadic_args_t@1@@Z 00413d90 f i main.obj
 0002:00002e00       ??$?0D@?$allocator@U_Container_proxy@std@@@std@@QAE@ABV?$allocator@D@1@@Z 00413e00 f i main.obj
 0002:00002e60       ??$_Allocate@$07U_Default_allocate_traits@std@@$0A@@std@@YAPAXI@Z 00413e60 f i main.obj
 0002:00002ef0       ??$_Allocate_manually_vector_aligned@U_Default_allocate_traits@std@@@std@@YAPAXI@Z 00413ef0 f i main.obj
 0002:00003030       ??$_Construct_in_place@PADABQAD@std@@YAXAAPADABQAD@Z 00414030 f i main.obj
 0002:000030d0       ??$_Construct_in_place@U_Container_proxy@std@@PAU_Container_base12@2@@std@@YAXAAU_Container_proxy@0@$$QAPAU_Container_base12@0@@Z 004140d0 f i main.obj
 0002:00003170       ??$_Convert_size@I@std@@YAII@Z 00414170 f i main.obj
 0002:000031c0       ??$_Deallocate@$07$0A@@std@@YAXPAXI@Z 004141c0 f i main.obj
 0002:00003280       ??$_Deallocate_plain@V?$allocator@U_Container_proxy@std@@@std@@@std@@YAXAAV?$allocator@U_Container_proxy@std@@@0@QAU_Container_proxy@0@@Z 00414280 f i main.obj
 0002:00003320       ??$_Delete_plain_internal@V?$allocator@U_Container_proxy@std@@@std@@@std@@YAXAAV?$allocator@U_Container_proxy@std@@@0@QAU_Container_proxy@0@@Z 00414320 f i main.obj
 0002:00003380       ??$_Destroy_in_place@PAD@std@@YAXAAPAD@Z 00414380 f i main.obj
 0002:000033d0       ??$_Get_size_of_n@$00@std@@YAII@Z 004143d0 f i main.obj
 0002:00003430       ??$_Get_size_of_n@$07@std@@YAII@Z 00414430 f i main.obj
 0002:000034b0       ??$_Reallocate_for@V<lambda_9366063389c5f42a00a5088cf24e69de>@@PBD@?$basic_string@DU?$char_traits@D@std@@V?$allocator@D@2@@std@@AAEAAV01@IV<lambda_9366063389c5f42a00a5088cf24e69de>@@PBD@Z 004144b0 f i main.obj
 0002:00003650       ??$_Unfancy@D@std@@YAPADPAD@Z 00414650 f i main.obj
 0002:000036a0       ??$_Unfancy@U_Container_proxy@std@@@std@@YAPAU_Container_proxy@0@PAU10@@Z 004146a0 f i main.obj
 0002:000036f0       ??$_Voidify_iter@PAPAD@std@@YAPAXPAPAD@Z 004146f0 f i main.obj
 0002:00003740       ??$_Voidify_iter@PAU_Container_proxy@std@@@std@@YAPAXPAU_Container_proxy@0@@Z 00414740 f i main.obj
 0002:00003790       ??$addressof@PAD@std@@YAPAPADAAPAD@Z 00414790 f i main.obj
 0002:000037e0       ??$addressof@U_Container_base12@std@@@std@@YAPAU_Container_base12@0@AAU10@@Z 004147e0 f i main.obj
 0002:00003830       ??$addressof@U_Container_proxy@std@@@std@@YAPAU_Container_proxy@0@AAU10@@Z 00414830 f i main.obj
 0002:00003880       ??$forward@ABQAD@std@@YAABQADABQAD@Z 00414880 f i main.obj
 0002:000038d0       ??$forward@PAU_Container_base12@std@@@std@@YA$$QAPAU_Container_base12@0@AAPAU10@@Z 004148d0 f i main.obj
 0002:00003920       ??$max@I@std@@YAABIABI0@Z  00414920 f i main.obj
 0002:000039b0       ??$min@I@std@@YAABIABI0@Z  004149b0 f i main.obj
 0002:00003a40       ??0?$_Container_proxy_ptr12@V?$allocator@U_Container_proxy@std@@@std@@@std@@QAE@AAV?$allocator@U_Container_proxy@std@@@1@AAU_Container_base12@1@@Z 00414a40 f i main.obj
 0002:00003b00       ??0?$_String_val@U?$_Simple_types@D@std@@@std@@QAE@XZ 00414b00 f i main.obj
 0002:00003b90       ??0?$allocator@D@std@@QAE@XZ 00414b90 f i main.obj
 0002:00003bf0       ??0?$basic_string@DU?$char_traits@D@std@@V?$allocator@D@2@@std@@QAE@QBD@Z 00414bf0 f i main.obj
 0002:00003d70       ??0_Bxty@?$_String_val@U?$_Simple_types@D@std@@@std@@QAE@XZ 00414d70 f i main.obj
 0002:00003dd0       ??0_Container_base12@std@@QAE@XZ 00414dd0 f i main.obj
 0002:00003e30       ??0_Container_proxy@std@@QAE@PAU_Container_base12@1@@Z 00414e30 f i main.obj
 0002:00003ea0       ??0bad_alloc@std@@AAE@QBD@Z 00414ea0 f i main.obj
 0002:00003f20       ??0bad_alloc@std@@QAE@ABV01@@Z 00414f20 f i main.obj
 0002:00003f90       ??0bad_array_new_length@std@@QAE@ABV01@@Z 00414f90 f i main.obj
 0002:00004000       ??0bad_array_new_length@std@@QAE@XZ 00415000 f i main.obj
 0002:00004070       ??0exception@std@@QAE@ABV01@@Z 00415070 f i main.obj
 0002:00004100       ??0exception@std@@QAE@QBDH@Z 00415100 f i main.obj
 0002:00004180       ??1?$_Compressed_pair@V?$allocator@D@std@@V?$_String_val@U?$_Simple_types@D@std@@@2@$00@std@@QAE@XZ 00415180 f i main.obj
 0002:000041d0       ??1?$_Container_proxy_ptr12@V?$allocator@U_Container_proxy@std@@@std@@@std@@QAE@XZ 004151d0 f i main.obj
 0002:00004250       ??1?$_String_val@U?$_Simple_types@D@std@@@std@@QAE@XZ 00415250 f i main.obj
 0002:000042b0       ??1?$basic_string@DU?$char_traits@D@std@@V?$allocator@D@2@@std@@QAE@XZ 004152b0 f i main.obj
 0002:000043b0       ??1_Bxty@?$_String_val@U?$_Simple_types@D@std@@@std@@QAE@XZ 004153b0 f i main.obj
 0002:00004410       ??1bad_alloc@std@@UAE@XZ   00415410 f i main.obj
 0002:00004460       ??1bad_array_new_length@std@@UAE@XZ 00415460 f i main.obj
 0002:000044b0       ??1exception@std@@UAE@XZ   004154b0 f i main.obj
 0002:00004520       ??2@YAPAXIPAX@Z            00415520 f i main.obj
 0002:00004570       ??R<lambda_9366063389c5f42a00a5088cf24e69de>@@QBEXQADIQBD@Z 00415570 f i main.obj
 0002:00004610       ??_Gbad_alloc@std@@UAEPAXI@Z 00415610 f i main.obj
 0002:00004610       ??_Ebad_alloc@std@@UAEPAXI@Z 00415610 f i main.obj
 0002:00004680       ??_Gbad_array_new_length@std@@UAEPAXI@Z 00415680 f i main.obj
 0002:00004680       ??_Ebad_array_new_length@std@@UAEPAXI@Z 00415680 f i main.obj
 0002:000046f0       ??_Gexception@std@@UAEPAXI@Z 004156f0 f i main.obj
 0002:000046f0       ??_Eexception@std@@UAEPAXI@Z 004156f0 f i main.obj
 0002:00004760       ?_Adjust_manually_vector_aligned@std@@YAXAAPAXAAI@Z 00415760 f i main.obj
 0002:00004930       ?_Allocate@_Default_allocate_traits@std@@SAPAXI@Z 00415930 f i main.obj
 0002:00004990       ?_Calculate_growth@?$basic_string@DU?$char_traits@D@std@@V?$allocator@D@2@@std@@ABEII@Z 00415990 f i main.obj
 0002:00004a10       ?_Calculate_growth@?$basic_string@DU?$char_traits@D@std@@V?$allocator@D@2@@std@@CAIIII@Z 00415a10 f i main.obj
 0002:00004b10       ?_Get_first@?$_Compressed_pair@V?$allocator@D@std@@V?$_String_val@U?$_Simple_types@D@std@@@2@$00@std@@QAEAAV?$allocator@D@2@XZ 00415b10 f i main.obj
 0002:00004b70       ?_Get_first@?$_Compressed_pair@V?$allocator@D@std@@V?$_String_val@U?$_Simple_types@D@std@@@2@$00@std@@QBEABV?$allocator@D@2@XZ 00415b70 f i main.obj
 0002:00004bd0       ?_Getal@?$basic_string@DU?$char_traits@D@std@@V?$allocator@D@2@@std@@AAEAAV?$allocator@D@2@XZ 00415bd0 f i main.obj
 0002:00004c30       ?_Getal@?$basic_string@DU?$char_traits@D@std@@V?$allocator@D@2@@std@@ABEABV?$allocator@D@2@XZ 00415c30 f i main.obj
 0002:00004c90       ?_Large_string_engaged@?$_String_val@U?$_Simple_types@D@std@@@std@@QBE_NXZ 00415c90 f i main.obj
 0002:00004d10       ?_Myptr@?$_String_val@U?$_Simple_types@D@std@@@std@@QAEPADXZ 00415d10 f i main.obj
 0002:00004da0       ?_Orphan_all@_Container_base12@std@@QAEXXZ 00415da0 f i main.obj
 0002:00004ed0       ?_Release@_Basic_container_proxy_ptr12@std@@QAEXXZ 00415ed0 f i main.obj
 0002:00004f30       ?_Throw_bad_array_new_length@std@@YAXXZ 00415f30 f i main.obj
 0002:00004fa0       ?_Tidy_deallocate@?$basic_string@DU?$char_traits@D@std@@V?$allocator@D@2@@std@@AAEXXZ 00415fa0 f i main.obj
 0002:000050e0       ?_Tidy_init@?$basic_string@DU?$char_traits@D@std@@V?$allocator@D@2@@std@@AAEXXZ 004160e0 f i main.obj
 0002:00005180       ?_Xlen_string@std@@YAXXZ   00416180 f i main.obj
 0002:000051e0       ?allocate@?$allocator@D@std@@QAEPADI@Z 004161e0 f i main.obj
 0002:00005250       ?allocate@?$allocator@U_Container_proxy@std@@@std@@QAEPAU_Container_proxy@2@I@Z 00416250 f i main.obj
 0002:000052c0       ?assign@?$_Narrow_char_traits@DH@std@@SAXAADABD@Z 004162c0 f i main.obj
 0002:00005320       ?assign@?$basic_string@DU?$char_traits@D@std@@V?$allocator@D@2@@std@@QAEAAV12@QBD@Z 00416320 f i main.obj
 0002:000053a0       ?assign@?$basic_string@DU?$char_traits@D@std@@V?$allocator@D@2@@std@@QAEAAV12@QBDI@Z 004163a0 f i main.obj
 0002:00005490       ?copy@?$_Char_traits@DH@std@@SAPADQADQBDI@Z 00416490 f i main.obj
 0002:00005500       ?deallocate@?$_Default_allocator_traits@V?$allocator@U_Container_proxy@std@@@std@@@std@@SAXAAV?$allocator@U_Container_proxy@std@@@2@QAU_Container_proxy@2@I@Z 00416500 f i main.obj
 0002:00005570       ?deallocate@?$allocator@D@std@@QAEXQADI@Z 00416570 f i main.obj
 0002:000055e0       ?max@?$numeric_limits@H@std@@SAHXZ 004165e0 f i main.obj
 0002:00005640       ?max_size@?$_Default_allocator_traits@V?$allocator@D@std@@@std@@SAIABV?$allocator@D@2@@Z 00416640 f i main.obj
 0002:00005690       ?max_size@?$basic_string@DU?$char_traits@D@std@@V?$allocator@D@2@@std@@QBEIXZ 00416690 f i main.obj
 0002:000057c0       ?move@?$_Char_traits@DH@std@@SAPADQADQBDI@Z 004167c0 f i main.obj
 0002:00005830       ?what@exception@std@@UBEPBDXZ 00416830 f i main.obj
 0002:000058c0       _main                      004168c0 f   main.obj
 0002:00005c80       ?AddLost@@YAHHH@Z          00416c80 f   math.obj
 0002:00005d10       ?SquareInline2@@YAHH@Z     00416d10 f   math.obj
 0002:00005d63       ?uncaught_exception@std@@YA_NXZ 00416d63 f   msvcprtd:MSVCP140D.dll
 0002:00005d69       ?good@ios_base@std@@QBE_NXZ 00416d69 f   msvcprtd:MSVCP140D.dll
 0002:00005d6f       ?flags@ios_base@std@@QBEHXZ 00416d6f f   msvcprtd:MSVCP140D.dll
 0002:00005d75       ?width@ios_base@std@@QBE_JXZ 00416d75 f   msvcprtd:MSVCP140D.dll
 0002:00005d7b       ?width@ios_base@std@@QAE_J_J@Z 00416d7b f   msvcprtd:MSVCP140D.dll
 0002:00005d81       ?sputc@?$basic_streambuf@DU?$char_traits@D@std@@@std@@QAEHD@Z 00416d81 f   msvcprtd:MSVCP140D.dll
 0002:00005d87       ?sputn@?$basic_streambuf@DU?$char_traits@D@std@@@std@@QAE_JPBD_J@Z 00416d87 f   msvcprtd:MSVCP140D.dll
 0002:00005d8d       ?setstate@?$basic_ios@DU?$char_traits@D@std@@@std@@QAEXH_N@Z 00416d8d f   msvcprtd:MSVCP140D.dll
 0002:00005d93       ?tie@?$basic_ios@DU?$char_traits@D@std@@@std@@QBEPAV?$basic_ostream@DU?$char_traits@D@std@@@2@XZ 00416d93 f   msvcprtd:MSVCP140D.dll
 0002:00005d99       ?rdbuf@?$basic_ios@DU?$char_traits@D@std@@@std@@QBEPAV?$basic_streambuf@DU?$char_traits@D@std@@@2@XZ 00416d99 f   msvcprtd:MSVCP140D.dll
 0002:00005d9f       ?fill@?$basic_ios@DU?$char_traits@D@std@@@std@@QBEDXZ 00416d9f f   msvcprtd:MSVCP140D.dll
 0002:00005da5       ?widen@?$basic_ios@DU?$char_traits@D@std@@@std@@QBEDD@Z 00416da5 f   msvcprtd:MSVCP140D.dll
 0002:00005dab       ?_Osfx@?$basic_ostream@DU?$char_traits@D@std@@@std@@QAEXXZ 00416dab f   msvcprtd:MSVCP140D.dll
 0002:00005db1       ??6?$basic_ostream@DU?$char_traits@D@std@@@std@@QAEAAV01@P6AAAV01@AAV01@@Z@Z 00416db1 f   msvcprtd:MSVCP140D.dll
 0002:00005db7       ?put@?$basic_ostream@DU?$char_traits@D@std@@@std@@QAEAAV12@D@Z 00416db7 f   msvcprtd:MSVCP140D.dll
 0002:00005dbd       ?flush@?$basic_ostream@DU?$char_traits@D@std@@@std@@QAEAAV12@XZ 00416dbd f   msvcprtd:MSVCP140D.dll
 0002:00005dc3       ??0_Lockit@std@@QAE@H@Z    00416dc3 f   msvcprtd:MSVCP140D.dll
 0002:00005dc9       ??1_Lockit@std@@QAE@XZ     00416dc9 f   msvcprtd:MSVCP140D.dll
 0002:00005dcf       ?_Xlength_error@std@@YAXPBD@Z 00416dcf f   msvcprtd:MSVCP140D.dll
 0002:00005dd5       ??5?$basic_istream@DU?$char_traits@D@std@@@std@@QAEAAV01@AAH@Z 00416dd5 f   msvcprtd:MSVCP140D.dll
 0002:00005ddb       ??6?$basic_ostream@DU?$char_traits@D@std@@@std@@QAEAAV01@H@Z 00416ddb f   msvcprtd:MSVCP140D.dll
 0002:00005df0       ?configure_argv@__scrt_narrow_argv_policy@@SAHXZ 00416df0 f i MSVCRTD:utility.obj
 0002:00005ec0       ?initialize_environment@__scrt_narrow_environment_policy@@SAHXZ 00416ec0 f i MSVCRTD:utility.obj
 0002:00005f60       _NtCurrentTeb              00416f60 f i MSVCRTD:utility.obj
 0002:00005f70       ___scrt_acquire_startup_lock 00416f70 f   MSVCRTD:utility.obj
 0002:00005fd0       ___scrt_dllmain_after_initialize_c 00416fd0 f   MSVCRTD:utility.obj
 0002:00006010       ___scrt_dllmain_before_initialize_c 00417010 f   MSVCRTD:utility.obj
 0002:00006040       ___scrt_dllmain_crt_thread_attach 00417040 f   MSVCRTD:utility.obj
 0002:00006080       ___scrt_dllmain_crt_thread_detach 00417080 f   MSVCRTD:utility.obj
 0002:000060a0       ___scrt_dllmain_exception_filter 004170a0 f   MSVCRTD:utility.obj
 0002:00006100       ___scrt_dllmain_uninitialize_c 00417100 f   MSVCRTD:utility.obj
 0002:00006140       ___scrt_dllmain_uninitialize_critical 00417140 f   MSVCRTD:utility.obj
 0002:00006160       ___scrt_initialize_crt     00417160 f   MSVCRTD:utility.obj
 0002:000061c0       ___scrt_initialize_onexit_tables 004171c0 f   MSVCRTD:utility.obj
 0002:000062d0       ___scrt_is_nonwritable_in_current_image 004172d0 f   MSVCRTD:utility.obj
 0002:00006450       ___scrt_release_startup_lock 00417450 f   MSVCRTD:utility.obj
 0002:00006480       ___scrt_uninitialize_crt   00417480 f   MSVCRTD:utility.obj
 0002:000064d0       __onexit                   004174d0 f   MSVCRTD:utility.obj
 0002:00006550       _at_quick_exit             00417550 f   MSVCRTD:utility.obj
 0002:000065a0       _atexit                    004175a0 f   MSVCRTD:utility.obj
 0002:000065e0       @_RTC_AllocaHelper@12      004175e0 f   MSVCRTD:stack.obj
 0002:00006620       @_RTC_CheckStackVars2@12   00417620 f   MSVCRTD:stack.obj
 0002:00006730       @_RTC_CheckStackVars@8     00417730 f   MSVCRTD:stack.obj
 0002:000067a0       __RTC_CheckEsp             004177a0 f   MSVCRTD:stack.obj
 0002:000067e0       @__CheckForDebuggerJustMyCode@4 004177e0 f   MSVCRTD:debugger_jmc.obj
 0002:00006830       @__security_check_cookie@4 00417830 f   MSVCRTD:secchk.obj
 0002:00006850       __CRT_RTC_INIT             00417850 f   MSVCRTD:init.obj
 0002:00006860       __CRT_RTC_INITW            00417860 f   MSVCRTD:init.obj
 0002:00006870       __RTC_InitBase             00417870 f   MSVCRTD:init.obj
 0002:000068b0       __RTC_Shutdown             004178b0 f   MSVCRTD:init.obj
 0002:000068d0       __ftol2_sse_excpt          004178d0 f   MSVCRTD:ftol2.obj
 0002:000068e0       __ftol2_sse                004178e0 f   MSVCRTD:ftol2.obj
 0002:000068f0       __ftoi2                    004178f0 f   MSVCRTD:ftol2.obj
 0002:00006990       __ftoui2                   00417990 f   MSVCRTD:ftol2.obj
 0002:00006a60       __ftol2                    00417a60 f   MSVCRTD:ftol2.obj
 0002:00006b40       __ftoul2                   00417b40 f   MSVCRTD:ftol2.obj
 0002:00006c30       ??2@YAPAXI@Z               00417c30 f   MSVCRTD:new_scalar.obj
 0002:00006c90       ??3@YAXPAXI@Z              00417c90 f   MSVCRTD:delete_scalar_size.obj
 0002:00006cb0       ??_U@YAPAXI@Z              00417cb0 f   MSVCRTD:new_array.obj
 0002:00006cd0       ??1type_info@@UAE@XZ       00417cd0 f   MSVCRTD:std_type_info_static.obj
 0002:00006cf0       ??_Etype_info@@UAEPAXI@Z   00417cf0 f i MSVCRTD:std_type_info_static.obj
 0002:00006cf0       ??_Gtype_info@@UAEPAXI@Z   00417cf0 f i MSVCRTD:std_type_info_static.obj
 0002:00007150       ?set_app_type@__scrt_main_policy@@SAXXZ 00418150 f i MSVCRTD:exe_main.obj
 0002:00007170       ?set_commode@__scrt_file_policy@@SAXXZ 00418170 f i MSVCRTD:exe_main.obj
 0002:00007190       ?set_fmode@__scrt_file_policy@@SAXXZ 00418190 f i MSVCRTD:exe_main.obj
 0002:000071b0       _mainCRTStartup            004181b0 f   MSVCRTD:exe_main.obj
 0002:000071c0       ___isa_available_init      004181c0 f   MSVCRTD:cpu_disp.obj
 0002:000075c0       __get_startup_argv_mode    004185c0 f   MSVCRTD:argv_mode.obj
 0002:000075d0       ___scrt_is_ucrt_dll_in_use 004185d0 f   MSVCRTD:ucrt_detection.obj
 0002:00007600       ___scrt_fastfail           00418600 f   MSVCRTD:utility_desktop.obj
 0002:00007790       ___scrt_get_show_window_mode 00418790 f   MSVCRTD:utility_desktop.obj
 0002:000077e0       ___scrt_initialize_mta     004187e0 f   MSVCRTD:utility_desktop.obj
 0002:000077f0       ___scrt_initialize_winrt   004187f0 f   MSVCRTD:utility_desktop.obj
 0002:00007800       ___scrt_is_managed_app     00418800 f   MSVCRTD:utility_desktop.obj
 0002:000078b0       ___scrt_set_unhandled_exception_filter 004188b0 f   MSVCRTD:utility_desktop.obj
 0002:000078d0       ___scrt_stub_for_initialize_mta 004188d0 f   MSVCRTD:utility_desktop.obj
 0002:000078d0       ___scrt_exe_initialize_mta 004188d0 f   MSVCRTD:utility_desktop.obj
 0002:000078e0       ___scrt_unhandled_exception_filter@4 004188e0 f   MSVCRTD:utility_desktop.obj
 0002:00007980       __crt_debugger_hook        00418980 f   MSVCRTD:utility_desktop.obj
 0002:000079a0       __except_handler4          004189a0 f   MSVCRTD:chandler4gs.obj
 0002:000079f0       @_guard_check_icall_nop@4  004189f0 f i MSVCRTD:guard_support.obj
 0002:00007a00       _ReadNoFence               00418a00 f i MSVCRTD:guard_support.obj
 0002:00007a20       _ReadPointerNoFence        00418a20 f i MSVCRTD:guard_support.obj
 0002:00007a40       ___castguard_check_failure_debugbreak 00418a40 f i MSVCRTD:guard_support.obj
 0002:00007a60       ___castguard_check_failure_fastfail 00418a60 f i MSVCRTD:guard_support.obj
 0002:00007a90       ___castguard_check_failure_nop 00418a90 f i MSVCRTD:guard_support.obj
 0002:00007aa0       ___castguard_check_failure_os_handled 00418aa0 f i MSVCRTD:guard_support.obj
 0002:00007b40       ___castguard_slow_path_check_debugbreak 00418b40 f i MSVCRTD:guard_support.obj
 0002:00007b80       ___castguard_slow_path_check_fastfail 00418b80 f i MSVCRTD:guard_support.obj
 0002:00007bd0       ___castguard_slow_path_check_nop 00418bd0 f i MSVCRTD:guard_support.obj
 0002:00007be0       ___castguard_slow_path_check_os_handled 00418be0 f i MSVCRTD:guard_support.obj
 0002:00007ca0       __guard_icall_checks_enforced 00418ca0 f i MSVCRTD:guard_support.obj
 0002:00007d90       ?_RTC_AllocaFailure@@YAXPAXPAU_RTC_ALLOCA_NODE@@H@Z 00418d90 f   MSVCRTD:error.obj
 0002:00007eb0       ?_RTC_Failure@@YAXPAXH@Z   00418eb0 f   MSVCRTD:error.obj
 0002:00007f20       ?_RTC_StackFailure@@YAXPAXPBD@Z 00418f20 f   MSVCRTD:error.obj
 0002:000083d0       __RTC_UninitUse            004193d0 f   MSVCRTD:error.obj
 0002:000084b0       ___local_stdio_printf_options 004194b0 f i MSVCRTD:error.obj
 0002:000084c0       __vsprintf_s_l             004194c0 f i MSVCRTD:error.obj
 0002:00008500       _sprintf_s                 00419500 f i MSVCRTD:error.obj
 0002:00008530       ___raise_securityfailure   00419530 f   MSVCRTD:gs_report.obj
 0002:00008570       ___report_gsfailure        00419570 f   MSVCRTD:gs_report.obj
 0002:000086c0       ___report_rangecheckfailure 004196c0 f   MSVCRTD:gs_report.obj
 0002:000086d0       ___report_securityfailure  004196d0 f   MSVCRTD:gs_report.obj
 0002:000087e0       ___report_securityfailureEx 004197e0 f   MSVCRTD:gs_report.obj
 0002:00008950       ?_RTC_GetErrorFunc@@YAP6AHHPBDH00ZZPBX@Z 00419950 f   MSVCRTD:userapi.obj
 0002:00008960       ?_RTC_GetErrorFuncW@@YAP6AHHPB_WH00ZZPBX@Z 00419960 f   MSVCRTD:userapi.obj
 0002:00008970       __RTC_GetErrDesc           00419970 f   MSVCRTD:userapi.obj
 0002:00008990       __RTC_NumErrors            00419990 f   MSVCRTD:userapi.obj
 0002:000089a0       __RTC_SetErrorFunc         004199a0 f   MSVCRTD:userapi.obj
 0002:000089d0       __RTC_SetErrorFuncW        004199d0 f   MSVCRTD:userapi.obj
 0002:00008a00       __RTC_SetErrorType         00419a00 f   MSVCRTD:userapi.obj
 0002:00008a30       ??0bad_alloc@std@@QAE@XZ   00419a30 f i MSVCRTD:throw_bad_alloc.obj
 0002:00008a60       ?__scrt_throw_std_bad_alloc@@YAXXZ 00419a60 f   MSVCRTD:throw_bad_alloc.obj
 0002:00008a90       ?__scrt_throw_std_bad_array_new_length@@YAXXZ 00419a90 f   MSVCRTD:throw_bad_alloc.obj
 0002:00008ac0       ??3@YAXPAX@Z               00419ac0 f   MSVCRTD:delete_scalar.obj
 0002:00008b70       ___security_init_cookie    00419b70 f   MSVCRTD:gs_support.obj
 0002:00008c10       __matherr                  00419c10 f   MSVCRTD:matherr.obj
 0002:00008c20       __get_startup_commit_mode  00419c20 f   MSVCRTD:commit_mode.obj
 0002:00008c30       __get_startup_file_mode    00419c30 f   MSVCRTD:file_mode.obj
 0002:00008c40       __get_startup_new_mode     00419c40 f   MSVCRTD:new_mode.obj
 0002:00008c50       __get_startup_thread_locale_mode 00419c50 f   MSVCRTD:thread_locale.obj
 0002:00008c60       ?__scrt_initialize_type_info@@YAXXZ 00419c60 f   MSVCRTD:tncleanup.obj
 0002:00008c80       ?__scrt_uninitialize_type_info@@YAXXZ 00419c80 f   MSVCRTD:tncleanup.obj
 0002:00008ca0       __should_initialize_environment 00419ca0 f   MSVCRTD:env_mode.obj
 0002:00008cb0       __initialize_default_precision 00419cb0 f   MSVCRTD:default_precision.obj
 0002:00008ce0       __initialize_invalid_parameter_handler 00419ce0 f   MSVCRTD:invalid_parameter_handler.obj
 0002:00008cf0       __initialize_denormal_control 00419cf0 f   MSVCRTD:denormal_control.obj
 0002:00008d00       ___local_stdio_scanf_options 00419d00 f i MSVCRTD:default_local_stdio_options.obj
 0002:00008d10       ___scrt_initialize_default_local_stdio_options 00419d10 f   MSVCRTD:default_local_stdio_options.obj
 0002:00008d60       ___scrt_is_user_matherr_present 00419d60 f   MSVCRTD:matherr_detection.obj
 0002:00008d90       ___scrt_get_dyn_tls_init_callback 00419d90 f   MSVCRTD:dyn_tls_init.obj
 0002:00008da0       ___scrt_get_dyn_tls_dtor_callback 00419da0 f   MSVCRTD:dyn_tls_dtor.obj
 0002:00008db0       __RTC_Initialize           00419db0 f   MSVCRTD:initsect.obj
 0002:00008df0       __RTC_Terminate            00419df0 f   MSVCRTD:initsect.obj
 0002:000093c0       ?_RTC_GetSrcLine@@YAHPAEPA_WKPAH1K@Z 0041a3c0 f   MSVCRTD:pdblkup.obj
 0002:00009820       __except_handler4_noexcept 0041a820 f   MSVCRTD:chandler4_noexcept.obj
 0002:00009891       ___CxxFrameHandler3        0041a891 f   vcruntimed:VCRUNTIME140D.dll
 0002:00009897       _memset                    0041a897 f   vcruntimed:VCRUNTIME140D.dll
 0002:0000989d       _memcpy                    0041a89d f   vcruntimed:VCRUNTIME140D.dll
 0002:000098a3       _memmove                   0041a8a3 f   vcruntimed:VCRUNTIME140D.dll
 0002:000098a9       ___std_exception_copy      0041a8a9 f   vcruntimed:VCRUNTIME140D.dll
 0002:000098af       ___std_exception_destroy   0041a8af f   vcruntimed:VCRUNTIME140D.dll
 0002:000098b5       __CxxThrowException@8      0041a8b5 f   vcruntimed:VCRUNTIME140D.dll
 0002:000098bb       ___current_exception       0041a8bb f   vcruntimed:VCRUNTIME140D.dll
 0002:000098c1       ___current_exception_context 0041a8c1 f   vcruntimed:VCRUNTIME140D.dll
 0002:000098c7       __except_handler4_common   0041a8c7 f   vcruntimed:VCRUNTIME140D.dll
 0002:000098cd       ___std_type_info_destroy_list 0041a8cd f   vcruntimed:VCRUNTIME140D.dll
 0002:000098d3       ___vcrt_GetModuleFileNameW 0041a8d3 f   vcruntimed:VCRUNTIME140D.dll
 0002:000098d9       ___vcrt_GetModuleHandleW   0041a8d9 f   vcruntimed:VCRUNTIME140D.dll
 0002:000098df       ___vcrt_LoadLibraryExW     0041a8df f   vcruntimed:VCRUNTIME140D.dll
 0002:000098e5       _strlen                    0041a8e5 f   ucrtd:ucrtbased.dll
 0002:000098eb       __invalid_parameter        0041a8eb f   ucrtd:ucrtbased.dll
 0002:000098f1       __CrtDbgReport             0041a8f1 f   ucrtd:ucrtbased.dll
 0002:000098f7       __seh_filter_dll           0041a8f7 f   ucrtd:ucrtbased.dll
 0002:000098fd       __configure_narrow_argv    0041a8fd f   ucrtd:ucrtbased.dll
 0002:00009903       __initialize_narrow_environment 0041a903 f   ucrtd:ucrtbased.dll
 0002:00009909       __initialize_onexit_table  0041a909 f   ucrtd:ucrtbased.dll
 0002:0000990f       __register_onexit_function 0041a90f f   ucrtd:ucrtbased.dll
 0002:00009915       __execute_onexit_table     0041a915 f   ucrtd:ucrtbased.dll
 0002:0000991b       __crt_atexit               0041a91b f   ucrtd:ucrtbased.dll
 0002:00009921       __crt_at_quick_exit        0041a921 f   ucrtd:ucrtbased.dll
 0002:00009927       __cexit                    0041a927 f   ucrtd:ucrtbased.dll
 0002:0000992d       __CrtDbgReportW            0041a92d f   ucrtd:ucrtbased.dll
 0002:00009933       __callnewh                 0041a933 f   ucrtd:ucrtbased.dll
 0002:00009939       _malloc                    0041a939 f   ucrtd:ucrtbased.dll
 0002:0000993f       __seh_filter_exe           0041a93f f   ucrtd:ucrtbased.dll
 0002:00009945       __set_app_type             0041a945 f   ucrtd:ucrtbased.dll
 0002:0000994b       ___setusermatherr          0041a94b f   ucrtd:ucrtbased.dll
 0002:00009951       __get_initial_narrow_environment 0041a951 f   ucrtd:ucrtbased.dll
 0002:00009957       __initterm                 0041a957 f   ucrtd:ucrtbased.dll
 0002:0000995d       __initterm_e               0041a95d f   ucrtd:ucrtbased.dll
 0002:00009963       _exit                      0041a963 f   ucrtd:ucrtbased.dll
 0002:00009969       __exit                     0041a969 f   ucrtd:ucrtbased.dll
 0002:0000996f       __set_fmode                0041a96f f   ucrtd:ucrtbased.dll
 0002:00009975       ___p___argc                0041a975 f   ucrtd:ucrtbased.dll
 0002:0000997b       ___p___argv                0041a97b f   ucrtd:ucrtbased.dll
 0002:00009981       __c_exit                   0041a981 f   ucrtd:ucrtbased.dll
 0002:00009987       __register_thread_local_exe_atexit_callback 0041a987 f   ucrtd:ucrtbased.dll
 0002:0000998d       __configthreadlocale       0041a98d f   ucrtd:ucrtbased.dll
 0002:00009993       __set_new_mode             0041a993 f   ucrtd:ucrtbased.dll
 0002:00009999       ___p__commode              0041a999 f   ucrtd:ucrtbased.dll
 0002:0000999f       _terminate                 0041a99f f   ucrtd:ucrtbased.dll
 0002:000099a5       _strcpy_s                  0041a9a5 f   ucrtd:ucrtbased.dll
 0002:000099ab       _strcat_s                  0041a9ab f   ucrtd:ucrtbased.dll
 0002:000099b1       ___stdio_common_vsprintf_s 0041a9b1 f   ucrtd:ucrtbased.dll
 0002:000099b7       __free_dbg                 0041a9b7 f   ucrtd:ucrtbased.dll
 0002:000099bd       __controlfp_s              0041a9bd f   ucrtd:ucrtbased.dll
 0002:000099c3       __wmakepath_s              0041a9c3 f   ucrtd:ucrtbased.dll
 0002:000099c9       __wsplitpath_s             0041a9c9 f   ucrtd:ucrtbased.dll
 0002:000099cf       _wcscpy_s                  0041a9cf f   ucrtd:ucrtbased.dll
 0002:000099d5       _GetCurrentThreadId@0      0041a9d5 f   kernel32:KERNEL32.dll
 0002:000099db       _IsProcessorFeaturePresent@4 0041a9db f   kernel32:KERNEL32.dll
 0002:000099e1       _IsDebuggerPresent@0       0041a9e1 f   kernel32:KERNEL32.dll
 0002:000099e7       _UnhandledExceptionFilter@4 0041a9e7 f   kernel32:KERNEL32.dll
 0002:000099ed       _SetUnhandledExceptionFilter@4 0041a9ed f   kernel32:KERNEL32.dll
 0002:000099f3       _GetStartupInfoW@4         0041a9f3 f   kernel32:KERNEL32.dll
 0002:000099f9       _GetModuleHandleW@4        0041a9f9 f   kernel32:KERNEL32.dll
 0002:000099ff       _RaiseException@16         0041a9ff f   kernel32:KERNEL32.dll
 0002:00009a05       _MultiByteToWideChar@24    0041aa05 f   kernel32:KERNEL32.dll
 0002:00009a0b       _WideCharToMultiByte@32    0041aa0b f   kernel32:KERNEL32.dll
 0002:00009a11       _GetCurrentProcess@0       0041aa11 f   kernel32:KERNEL32.dll
 0002:00009a17       _TerminateProcess@8        0041aa17 f   kernel32:KERNEL32.dll
 0002:00009a1d       _QueryPerformanceCounter@4 0041aa1d f   kernel32:KERNEL32.dll
 0002:00009a23       _GetCurrentProcessId@0     0041aa23 f   kernel32:KERNEL32.dll
 0002:00009a29       _GetSystemTimeAsFileTime@4 0041aa29 f   kernel32:KERNEL32.dll
 0002:00009a2f       _InitializeSListHead@4     0041aa2f f   kernel32:KERNEL32.dll
 0002:00009a35       _GetLastError@0            0041aa35 f   kernel32:KERNEL32.dll
 0002:00009a3b       _HeapAlloc@12              0041aa3b f   kernel32:KERNEL32.dll
 0002:00009a41       _HeapFree@12               0041aa41 f   kernel32:KERNEL32.dll
 0002:00009a47       _GetProcessHeap@0          0041aa47 f   kernel32:KERNEL32.dll
 0002:00009a4d       _VirtualQuery@12           0041aa4d f   kernel32:KERNEL32.dll
 0002:00009a53       _FreeLibrary@4             0041aa53 f   kernel32:KERNEL32.dll
 0002:00009a59       _GetProcAddress@8          0041aa59 f   kernel32:KERNEL32.dll
 0002:00009a60       ___acrt_initialize         0041aa60 f   MSVCRTD:ucrt_stubs.obj
 0002:00009a60       ___scrt_stub_for_acrt_initialize 0041aa60 f   MSVCRTD:ucrt_stubs.obj
 0002:00009a60       ___vcrt_initialize         0041aa60 f   MSVCRTD:ucrt_stubs.obj
 0002:00009a70       ___acrt_thread_attach      0041aa70 f   MSVCRTD:ucrt_stubs.obj
 0002:00009a70       ___vcrt_thread_attach      0041aa70 f   MSVCRTD:ucrt_stubs.obj
 0002:00009a70       ___scrt_stub_for_acrt_thread_attach 0041aa70 f   MSVCRTD:ucrt_stubs.obj
 0002:00009a80       ___vcrt_thread_detach      0041aa80 f   MSVCRTD:ucrt_stubs.obj
 0002:00009a80       ___scrt_stub_for_acrt_thread_detach 0041aa80 f   MSVCRTD:ucrt_stubs.obj
 0002:00009a80       ___acrt_thread_detach      0041aa80 f   MSVCRTD:ucrt_stubs.obj
 0002:00009a90       ___scrt_stub_for_acrt_uninitialize 0041aa90 f   MSVCRTD:ucrt_stubs.obj
 0002:00009a90       ___vcrt_uninitialize       0041aa90 f   MSVCRTD:ucrt_stubs.obj
 0002:00009a90       ___acrt_uninitialize       0041aa90 f   MSVCRTD:ucrt_stubs.obj
 0002:00009aa0       ___acrt_uninitialize_critical 0041aaa0 f   MSVCRTD:ucrt_stubs.obj
 0002:00009aa0       ___vcrt_uninitialize_critical 0041aaa0 f   MSVCRTD:ucrt_stubs.obj
 0002:00009aa0       ___scrt_stub_for_acrt_uninitialize_critical 0041aaa0 f   MSVCRTD:ucrt_stubs.obj
 0002:00009ab0       ___scrt_stub_for_is_c_termination_complete 0041aab0 f   MSVCRTD:ucrt_stubs.obj
 0002:00009ab0       __is_c_termination_complete 0041aab0 f   MSVCRTD:ucrt_stubs.obj
 0002:00009ac0       __filter_x86_sse2_floating_point_exception_default 0041aac0 f   MSVCRTD:x86_exception_filter.obj
 0002:00009ac0       __filter_x86_sse2_floating_point_exception 0041aac0 f   MSVCRTD:x86_exception_filter.obj
 0003:00000000       ___xc_a                    0041e000     MSVCRTD:initializers.obj
 0003:00000208       ___xc_z                    0041e208     MSVCRTD:initializers.obj
 0003:0000030c       ___xi_a                    0041e30c     MSVCRTD:initializers.obj
 0003:00000618       ___xi_z                    0041e618     MSVCRTD:initializers.obj
 0003:0000071c       ___xp_a                    0041e71c     MSVCRTD:initializers.obj
 0003:00000820       ___xp_z                    0041e820     MSVCRTD:initializers.obj
 0003:00000924       ___xt_a                    0041e924     MSVCRTD:initializers.obj
 0003:00000a28       ___xt_z                    0041ea28     MSVCRTD:initializers.obj
 0003:00000b30       ??_C@_0DK@LIMKECIL@After?5all?5has?5beedn?5said?5and?5do@ 0041eb30     Functions.obj
 0003:00000b78       ??_C@_0BA@MBOPOEHA@My?5Window?5title@ 0041eb78     Functions.obj
 0003:00000b90       __real@4000000000000000    0041eb90     Functions.obj
 0003:00000ba0       __real@4012666666666666    0041eba0     Functions.obj
 0003:00000bb0       __real@4016666666666666    0041ebb0     Functions.obj
 0003:00000bc0       __real@401ccccccccccccd    0041ebc0     Functions.obj
 0003:00000bd0       __real@40340ccccccccccd    0041ebd0     Functions.obj
 0003:00000be0       __real@4046d9999999999a    0041ebe0     Functions.obj
 0003:00000bf0       __real@4049000000000000    0041ebf0     Functions.obj
 0003:00000c00       __real@40494ccccccccccd    0041ec00     Functions.obj
 0003:00000c10       __real@404bf33333333333    0041ec10     Functions.obj
 0003:00000c20       __real@4050dccccccccccd    0041ec20     Functions.obj
 0003:00000c30       __real@4058d9999999999a    0041ec30     Functions.obj
 0003:00000c40       __real@4078e73333333333    0041ec40     Functions.obj
 0003:00000c50       ??_7exception@std@@6B@     0041ec50     main.obj
 0003:00000c5c       ??_C@_0BC@EOODALEL@Unknown?5exception@ 0041ec5c     main.obj
 0003:00000c78       ??_7bad_alloc@std@@6B@     0041ec78     main.obj
 0003:00000c88       ??_7bad_array_new_length@std@@6B@ 0041ec88     main.obj
 0003:00000c94       ??_C@_0BF@KINCDENJ@bad?5array?5new?5length@ 0041ec94     main.obj
 0003:00000cb0       ??_C@_0BB@FCMFBGOM@invalid?5argument@ 0041ecb0     main.obj
 0003:00000cc4       ??_C@_02DKCKIIND@?$CFs@    0041ecc4     main.obj
 0003:00000cc8       ??_C@_0GL@GMNLCECP@C?3?2Program?5Files?5?$CIx86?$CJ?2Microsof@ 0041ecc8     main.obj
 0003:00000d48       ??_C@_1NG@BHPDNEN@?$AAC?$AA?3?$AA?2?$AAP?$AAr?$AAo?$AAg?$AAr?$AAa?$AAm?$AA?5?$AAF?$AAi?$AAl?$AAe@ 0041ed48     main.obj
 0003:00000e48       ??_C@_1EK@NIFDJFDG@?$AAs?$AAt?$AAd?$AA?3?$AA?3?$AA_?$AAA?$AAd?$AAj?$AAu?$AAs?$AAt?$AA_?$AAm?$AAa@ 0041ee48     main.obj
 0003:00000ea0       ??_C@_1CG@JNLFBNGN@?$AA?$CC?$AAi?$AAn?$AAv?$AAa?$AAl?$AAi?$AAd?$AA?5?$AAa?$AAr?$AAg?$AAu?$AAm?$AAe@ 0041eea0     main.obj
 0003:00000ed0       ??_C@_0BA@JFNIOLAK@string?5too?5long@ 0041eed0     main.obj
 0003:00000ee4       ??_C@_0O@GPKAKMKB@initial?5value@ 0041eee4     main.obj
 0003:00000ef4       ??_C@_07IMBNIMKO@andrson@  0041eef4     main.obj
 0003:00000f00       ??_C@_1EO@GFNCMDLA@?$AAs?$AAt?$AAd?$AA?3?$AA?3?$AA_?$AAA?$AAl?$AAl?$AAo?$AAc?$AAa?$AAt?$AAe?$AA_@ 0041ef00     main.obj
 0003:00000f60       ??_C@_0N@OILLNBJL@The?5sum?5is?3?5@ 0041ef60     math.obj
 0003:00000f84       ??_7type_info@@6B@         0041ef84     MSVCRTD:std_type_info_static.obj
 0003:00001048       ??_C@_0NN@JMPELKLB@The?5value?5of?5ESP?5was?5not?5proper@ 0041f048     MSVCRTD:error.obj
 0003:00001158       ??_C@_0BBN@ELNNILBE@A?5cast?5to?5a?5smaller?5data?5type?5h@ 0041f158     MSVCRTD:error.obj
 0003:000012b0       ??_C@_0BN@BPOGFMJL@Stack?5memory?5was?5corrupted?$AN?6@ 0041f2b0     MSVCRTD:error.obj
 0003:000012d4       ??_C@_0DG@DAJCDLPN@A?5local?5variable?5was?5used?5befor@ 0041f2d4     MSVCRTD:error.obj
 0003:00001314       ??_C@_0CM@JMIDGKLA@Stack?5memory?5around?5_alloca?5was@ 0041f314     MSVCRTD:error.obj
 0003:00001348       ??_C@_0BO@CHIONIOI@Unknown?5Runtime?5Check?5Error?$AN?6@ 0041f348     MSVCRTD:error.obj
 0003:00001370       ??_C@_1GM@CNOOJIHC@?$AAR?$AAu?$AAn?$AAt?$AAi?$AAm?$AAe?$AA?5?$AAC?$AAh?$AAe?$AAc?$AAk?$AA?5?$AAE@ 0041f370     MSVCRTD:error.obj
 0003:000013f8       ??_C@_1EA@NFKNIFJP@?$AAR?$AAu?$AAn?$AA?9?$AAT?$AAi?$AAm?$AAe?$AA?5?$AAC?$AAh?$AAe?$AAc?$AAk?$AA?5@ 0041f3f8     MSVCRTD:error.obj
 0003:00001444       ??_C@_0BB@PFFGGCJP@Unknown?5Filename@ 0041f444     MSVCRTD:error.obj
 0003:00001458       ??_C@_0BE@GNBOBNCK@Unknown?5Module?5Name@ 0041f458     MSVCRTD:error.obj
 0003:00001470       ??_C@_0CA@IODNCDPG@Run?9Time?5Check?5Failure?5?$CD?$CFd?5?9?5?$CFs@ 0041f470     MSVCRTD:error.obj
 0003:00001498       ??_C@_0CG@IAFNJNEE@Stack?5corrupted?5near?5unknown?5va@ 0041f498     MSVCRTD:error.obj
 0003:000014c8       ??_C@_05MKKEDADM@?$CF?42X?5@ 0041f4c8     MSVCRTD:error.obj
 0003:000014d0       ??_C@_0EJ@LJKNEOLN@Stack?5area?5around?5_alloca?5memor@ 0041f4d0     MSVCRTD:error.obj
 0003:00001528       ??_C@_01EEMJAFIK@?6@       0041f528     MSVCRTD:error.obj
 0003:0000152c       ??_C@_02LLMPMKNF@?$DO?5@   0041f52c     MSVCRTD:error.obj
 0003:00001530       ??_C@_08OMAHNMHJ@?6Data?3?5?$DM@ 0041f530     MSVCRTD:error.obj
 0003:0000153c       ??_C@_0CK@DKGBICFE@?6Allocation?5number?5within?5this?5@ 0041f53c     MSVCRTD:error.obj
 0003:00001570       ??_C@_07DFDJCKFN@?6Size?3?5@ 0041f570     MSVCRTD:error.obj
 0003:0000157c       ??_C@_0N@MHFFIMFG@?6Address?3?50x@ 0041f57c     MSVCRTD:error.obj
 0003:00001590       ??_C@_0EI@CLEPFNGI@Stack?5area?5around?5_alloca?5memor@ 0041f590     MSVCRTD:error.obj
 0003:000015e8       ??_C@_0BK@ODNDAGKB@?$CFs?$CFs?$CFp?$CFs?$CFzd?$CFs?$CFd?$CFs?$CFs?$CFs?$CFs?$CFs@ 0041f5e8     MSVCRTD:error.obj
 0003:00001608       ??_C@_0DE@OHJBPMBP@A?5variable?5is?5being?5used?5withou@ 0041f608     MSVCRTD:error.obj
 0003:0000166c       ??_C@_0BJ@HEGAHDFO@Stack?5pointer?5corruption@ 0041f66c     MSVCRTD:userapi.obj
 0003:0000168c       ??_C@_0CK@FEGOIOPB@Cast?5to?5smaller?5type?5causing?5lo@ 0041f68c     MSVCRTD:userapi.obj
 0003:000016c0       ??_C@_0BI@CIGMDCBH@Stack?5memory?5corruption@ 0041f6c0     MSVCRTD:userapi.obj
 0003:000016dc       ??_C@_0CK@CNLNOEPB@Local?5variable?5used?5before?5init@ 0041f6dc     MSVCRTD:userapi.obj
 0003:00001710       ??_C@_0BP@OGBCLIBO@Stack?5around?5_alloca?5corrupted@ 0041f710     MSVCRTD:userapi.obj
 0003:00001738       ??_C@_0P@GHFPNOJB@bad?5allocation@ 0041f738     MSVCRTD:throw_bad_alloc.obj
 0003:000017a8       ??_C@_1EI@MLPKHBGE@?$AAa?$AAp?$AAi?$AA?9?$AAm?$AAs?$AA?9?$AAw?$AAi?$AAn?$AA?9?$AAc?$AAo?$AAr?$AAe@ 0041f7a8     MSVCRTD:pdblkup.obj
 0003:00001800       ??_C@_1BK@JHLNAEJL@?$AAa?$AAd?$AAv?$AAa?$AAp?$AAi?$AA3?$AA2?$AA?4?$AAd?$AAl?$AAl@ 0041f800     MSVCRTD:pdblkup.obj
 0003:00001820       ??_C@_0O@COHOBMLB@RegOpenKeyExW@ 0041f820     MSVCRTD:pdblkup.obj
 0003:00001830       ??_C@_0BB@GLNAEDBD@RegQueryValueExW@ 0041f830     MSVCRTD:pdblkup.obj
 0003:00001844       ??_C@_0M@HLOHPNFA@RegCloseKey@ 0041f844     MSVCRTD:pdblkup.obj
 0003:00001858       ??_C@_1HE@EBEAGLFB@?$AAS?$AAO?$AAF?$AAT?$AAW?$AAA?$AAR?$AAE?$AA?2?$AAW?$AAo?$AAw?$AA6?$AA4?$AA3@ 0041f858     MSVCRTD:pdblkup.obj
 0003:000018e4       ??_C@_1BG@EABPBLLF@?$AAP?$AAr?$AAo?$AAd?$AAu?$AAc?$AAt?$AAD?$AAi?$AAr@ 0041f8e4     MSVCRTD:pdblkup.obj
 0003:00001924       ??_C@_1BC@JINFINNJ@?$AAM?$AAS?$AAP?$AAD?$AAB?$AA1?$AA4?$AA0@ 0041f924     MSVCRTD:pdblkup.obj
 0003:0000193c       ??_C@_0BB@KCIACLNC@PDBOpenValidate5@ 0041f93c     MSVCRTD:pdblkup.obj
 0003:00001950       ??_C@_01KDCPPGHE@r@        0041f950     MSVCRTD:pdblkup.obj
 0003:00001990       __load_config_used         0041f990     MSVCRTD:loadcfg.obj
 0003:00001c00       ___CastGuardVftablesStart  0041fc00     MSVCRTD:guard_support.obj
 0003:00001d04       ___CastGuardVftablesEnd    0041fd04     MSVCRTD:guard_support.obj
 0003:00001e08       ??_R4exception@std@@6B@    0041fe08     main.obj
 0003:00001e20       ??_R3exception@std@@8      0041fe20     main.obj
 0003:00001e34       ??_R2exception@std@@8      0041fe34     main.obj
 0003:00001e3c       ??_R1A@?0A@EA@exception@std@@8 0041fe3c     main.obj
 0003:00001e60       ??_R4bad_alloc@std@@6B@    0041fe60     main.obj
 0003:00001e78       ??_R3bad_alloc@std@@8      0041fe78     main.obj
 0003:00001e8c       ??_R2bad_alloc@std@@8      0041fe8c     main.obj
 0003:00001e98       ??_R1A@?0A@EA@bad_alloc@std@@8 0041fe98     main.obj
 0003:00001ebc       ??_R4bad_array_new_length@std@@6B@ 0041febc     main.obj
 0003:00001ed4       ??_R3bad_array_new_length@std@@8 0041fed4     main.obj
 0003:00001ee8       ??_R2bad_array_new_length@std@@8 0041fee8     main.obj
 0003:00001ef8       ??_R1A@?0A@EA@bad_array_new_length@std@@8 0041fef8     main.obj
 0003:00001f1c       ??_R4type_info@@6B@        0041ff1c     MSVCRTD:std_type_info_static.obj
 0003:00001f34       ??_R3type_info@@8          0041ff34     MSVCRTD:std_type_info_static.obj
 0003:00001f48       ??_R2type_info@@8          0041ff48     MSVCRTD:std_type_info_static.obj
 0003:00001f50       ??_R1A@?0A@EA@type_info@@8 0041ff50     MSVCRTD:std_type_info_static.obj
 0003:00002204       ___rtc_iaa                 00420204     MSVCRTD:initsect.obj
 0003:00002420       ___rtc_izz                 00420420     MSVCRTD:initsect.obj
 0003:00002524       ___rtc_taa                 00420524     MSVCRTD:initsect.obj
 0003:00002740       ___rtc_tzz                 00420740     MSVCRTD:initsect.obj
 0003:00002a78       __TI3?AVbad_array_new_length@std@@ 00420a78     main.obj
 0003:00002a8c       __CTA3?AVbad_array_new_length@std@@ 00420a8c     main.obj
 0003:00002aa0       __CT??_R0?AVbad_array_new_length@std@@@8??0bad_array_new_length@std@@QAE@ABV01@@Z12 00420aa0     main.obj
 0003:00002ac0       __CT??_R0?AVbad_alloc@std@@@8??0bad_alloc@std@@QAE@ABV01@@Z12 00420ac0     main.obj
 0003:00002ae0       __CT??_R0?AVexception@std@@@8??0exception@std@@QAE@ABV01@@Z12 00420ae0     main.obj
 0003:00002b60       __TI2?AVbad_alloc@std@@    00420b60     MSVCRTD:throw_bad_alloc.obj
 0003:00002b74       __CTA2?AVbad_alloc@std@@   00420b74     MSVCRTD:throw_bad_alloc.obj
 0004:00000000       ?__LINE__Var@?0??_Adjust_manually_vector_aligned@std@@YAXAAPAXAAI@Z@4JA 00421000     main.obj
 0004:00000004       ___scrt_native_dllmain_reason 00421004     MSVCRTD:utility.obj
 0004:00000010       ___security_cookie_complement 00421010     MSVCRTD:gs_cookie.obj
 0004:00000014       ___security_cookie         00421014     MSVCRTD:gs_cookie.obj
 0004:0000001c       __fltused                  0042101c     MSVCRTD:fltused.obj
 0004:00000020       ___isa_enabled             00421020     MSVCRTD:cpu_disp.obj
 0004:00000024       ?_RTC_ErrorLevels@@3PAHA   00421024     MSVCRTD:error.obj
 0004:0000003c       ___scrt_default_matherr    0042103c     MSVCRTD:matherr.obj
 0004:00000040       ___scrt_ucrt_dll_is_in_use 00421040     MSVCRTD:ucrt_stubs.obj
 0004:0000014c       ??_R0?AVbad_array_new_length@std@@@8 0042114c     main.obj
 0004:0000017c       ??_R0?AVbad_alloc@std@@@8  0042117c     main.obj
 0004:000001a0       ??_R0?AVexception@std@@@8  004211a0     main.obj
 0004:000002c4       ??_R0?AVtype_info@@@8      004212c4     MSVCRTD:std_type_info_static.obj
 0004:000003e0       ___scrt_current_native_startup_state 004213e0     MSVCRTD:utility.obj
 0004:000003e4       ___scrt_native_startup_lock 004213e4     MSVCRTD:utility.obj
 0004:0000040c       ___isa_available           0042140c     MSVCRTD:cpu_disp.obj
 0004:00000410       ___favor                   00421410     MSVCRTD:cpu_disp.obj
 0004:00000418       ___scrt_debugger_hook_flag 00421418     MSVCRTD:utility_desktop.obj
 0004:0000041c       ___castguard_check_failure_os_handled_fptr 0042141c     MSVCRTD:guard_support.obj
 0004:00000420       ?_OptionsStorage@?1??__local_stdio_printf_options@@9@4_KA 00421420     MSVCRTD:error.obj
 0004:000007f8       ?__type_info_root_node@@3U__type_info_node@@A 004217f8     MSVCRTD:tncleanup.obj
 0004:00000808       ?_OptionsStorage@?1??__local_stdio_scanf_options@@9@4_KA 00421808     MSVCRTD:default_local_stdio_options.obj
 0004:0000081c       ___dyn_tls_dtor_callback   0042181c     <common>
 0004:00000828       ___dyn_tls_init_callback   00421828     <common>
 0004:00000834       ___DebuggerCurrentSteppingThreadId 00421834     <common>
 0005:00000000       __imp__GetProcAddress@8    00422000     kernel32:KERNEL32.dll
 0005:00000004       __imp__IsProcessorFeaturePresent@4 00422004     kernel32:KERNEL32.dll
 0005:00000008       __imp__IsDebuggerPresent@0 00422008     kernel32:KERNEL32.dll
 0005:0000000c       __imp__UnhandledExceptionFilter@4 0042200c     kernel32:KERNEL32.dll
 0005:00000010       __imp__SetUnhandledExceptionFilter@4 00422010     kernel32:KERNEL32.dll
 0005:00000014       __imp__GetStartupInfoW@4   00422014     kernel32:KERNEL32.dll
 0005:00000018       __imp__GetModuleHandleW@4  00422018     kernel32:KERNEL32.dll
 0005:0000001c       __imp__RaiseException@16   0042201c     kernel32:KERNEL32.dll
 0005:00000020       __imp__MultiByteToWideChar@24 00422020     kernel32:KERNEL32.dll
 0005:00000024       __imp__WideCharToMultiByte@32 00422024     kernel32:KERNEL32.dll
 0005:00000028       __imp__GetCurrentProcess@0 00422028     kernel32:KERNEL32.dll
 0005:0000002c       __imp__TerminateProcess@8  0042202c     kernel32:KERNEL32.dll
 0005:00000030       __imp__QueryPerformanceCounter@4 00422030     kernel32:KERNEL32.dll
 0005:00000034       __imp__GetCurrentProcessId@0 00422034     kernel32:KERNEL32.dll
 0005:00000038       __imp__GetSystemTimeAsFileTime@4 00422038     kernel32:KERNEL32.dll
 0005:0000003c       __imp__InitializeSListHead@4 0042203c     kernel32:KERNEL32.dll
 0005:00000040       __imp__GetLastError@0      00422040     kernel32:KERNEL32.dll
 0005:00000044       __imp__HeapAlloc@12        00422044     kernel32:KERNEL32.dll
 0005:00000048       __imp__HeapFree@12         00422048     kernel32:KERNEL32.dll
 0005:0000004c       __imp__GetProcessHeap@0    0042204c     kernel32:KERNEL32.dll
 0005:00000050       __imp__VirtualQuery@12     00422050     kernel32:KERNEL32.dll
 0005:00000054       __imp__FreeLibrary@4       00422054     kernel32:KERNEL32.dll
 0005:00000058       __imp__GetCurrentThreadId@0 00422058     kernel32:KERNEL32.dll
 0005:0000005c       \177KERNEL32_NULL_THUNK_DATA 0042205c     kernel32:KERNEL32.dll
 0005:00000098       __imp_?cin@std@@3V?$basic_istream@DU?$char_traits@D@std@@@1@A 00422098     msvcprtd:MSVCP140D.dll
 0005:0000009c       __imp_??5?$basic_istream@DU?$char_traits@D@std@@@std@@QAEAAV01@AAH@Z 0042209c     msvcprtd:MSVCP140D.dll
 0005:000000a0       __imp_?_Xlength_error@std@@YAXPBD@Z 004220a0     msvcprtd:MSVCP140D.dll
 0005:000000a4       __imp_??1_Lockit@std@@QAE@XZ 004220a4     msvcprtd:MSVCP140D.dll
 0005:000000a8       __imp_??0_Lockit@std@@QAE@H@Z 004220a8     msvcprtd:MSVCP140D.dll
 0005:000000ac       __imp_?cout@std@@3V?$basic_ostream@DU?$char_traits@D@std@@@1@A 004220ac     msvcprtd:MSVCP140D.dll
 0005:000000b0       __imp_?flush@?$basic_ostream@DU?$char_traits@D@std@@@std@@QAEAAV12@XZ 004220b0     msvcprtd:MSVCP140D.dll
 0005:000000b4       __imp_?put@?$basic_ostream@DU?$char_traits@D@std@@@std@@QAEAAV12@D@Z 004220b4     msvcprtd:MSVCP140D.dll
 0005:000000b8       __imp_??6?$basic_ostream@DU?$char_traits@D@std@@@std@@QAEAAV01@P6AAAV01@AAV01@@Z@Z 004220b8     msvcprtd:MSVCP140D.dll
 0005:000000bc       __imp_?_Osfx@?$basic_ostream@DU?$char_traits@D@std@@@std@@QAEXXZ 004220bc     msvcprtd:MSVCP140D.dll
 0005:000000c0       __imp_?widen@?$basic_ios@DU?$char_traits@D@std@@@std@@QBEDD@Z 004220c0     msvcprtd:MSVCP140D.dll
 0005:000000c4       __imp_?fill@?$basic_ios@DU?$char_traits@D@std@@@std@@QBEDXZ 004220c4     msvcprtd:MSVCP140D.dll
 0005:000000c8       __imp_?rdbuf@?$basic_ios@DU?$char_traits@D@std@@@std@@QBEPAV?$basic_streambuf@DU?$char_traits@D@std@@@2@XZ 004220c8     msvcprtd:MSVCP140D.dll
 0005:000000cc       __imp_?tie@?$basic_ios@DU?$char_traits@D@std@@@std@@QBEPAV?$basic_ostream@DU?$char_traits@D@std@@@2@XZ 004220cc     msvcprtd:MSVCP140D.dll
 0005:000000d0       __imp_?setstate@?$basic_ios@DU?$char_traits@D@std@@@std@@QAEXH_N@Z 004220d0     msvcprtd:MSVCP140D.dll
 0005:000000d4       __imp_?sputn@?$basic_streambuf@DU?$char_traits@D@std@@@std@@QAE_JPBD_J@Z 004220d4     msvcprtd:MSVCP140D.dll
 0005:000000d8       __imp_?sputc@?$basic_streambuf@DU?$char_traits@D@std@@@std@@QAEHD@Z 004220d8     msvcprtd:MSVCP140D.dll
 0005:000000dc       __imp_?width@ios_base@std@@QAE_J_J@Z 004220dc     msvcprtd:MSVCP140D.dll
 0005:000000e0       __imp_?width@ios_base@std@@QBE_JXZ 004220e0     msvcprtd:MSVCP140D.dll
 0005:000000e4       __imp_?flags@ios_base@std@@QBEHXZ 004220e4     msvcprtd:MSVCP140D.dll
 0005:000000e8       __imp_?good@ios_base@std@@QBE_NXZ 004220e8     msvcprtd:MSVCP140D.dll
 0005:000000ec       __imp_??6?$basic_ostream@DU?$char_traits@D@std@@@std@@QAEAAV01@H@Z 004220ec     msvcprtd:MSVCP140D.dll
 0005:000000f0       __imp_?uncaught_exception@std@@YA_NXZ 004220f0     msvcprtd:MSVCP140D.dll
 0005:000000f4       \177MSVCP140D_NULL_THUNK_DATA 004220f4     msvcprtd:MSVCP140D.dll
 0005:00000130       __imp__memcpy              00422130     vcruntimed:VCRUNTIME140D.dll
 0005:00000134       __imp__memmove             00422134     vcruntimed:VCRUNTIME140D.dll
 0005:00000138       __imp____std_exception_copy 00422138     vcruntimed:VCRUNTIME140D.dll
 0005:0000013c       __imp____std_exception_destroy 0042213c     vcruntimed:VCRUNTIME140D.dll
 0005:00000140       __imp___CxxThrowException@8 00422140     vcruntimed:VCRUNTIME140D.dll
 0005:00000144       __imp____current_exception 00422144     vcruntimed:VCRUNTIME140D.dll
 0005:00000148       __imp____current_exception_context 00422148     vcruntimed:VCRUNTIME140D.dll
 0005:0000014c       __imp___except_handler4_common 0042214c     vcruntimed:VCRUNTIME140D.dll
 0005:00000150       __imp____std_type_info_destroy_list 00422150     vcruntimed:VCRUNTIME140D.dll
 0005:00000154       __imp____vcrt_GetModuleFileNameW 00422154     vcruntimed:VCRUNTIME140D.dll
 0005:00000158       __imp____vcrt_GetModuleHandleW 00422158     vcruntimed:VCRUNTIME140D.dll
 0005:0000015c       __imp____vcrt_LoadLibraryExW 0042215c     vcruntimed:VCRUNTIME140D.dll
 0005:00000160       __imp____CxxFrameHandler3  00422160     vcruntimed:VCRUNTIME140D.dll
 0005:00000164       __imp__memset              00422164     vcruntimed:VCRUNTIME140D.dll
 0005:00000168       \177VCRUNTIME140D_NULL_THUNK_DATA 00422168     vcruntimed:VCRUNTIME140D.dll
 0005:0000019c       __imp____p___argc          0042219c     ucrtd:ucrtbased.dll
 0005:000001a0       __imp____p___argv          004221a0     ucrtd:ucrtbased.dll
 0005:000001a4       __imp___c_exit             004221a4     ucrtd:ucrtbased.dll
 0005:000001a8       __imp___register_thread_local_exe_atexit_callback 004221a8     ucrtd:ucrtbased.dll
 0005:000001ac       __imp___configthreadlocale 004221ac     ucrtd:ucrtbased.dll
 0005:000001b0       __imp___set_new_mode       004221b0     ucrtd:ucrtbased.dll
 0005:000001b4       __imp____p__commode        004221b4     ucrtd:ucrtbased.dll
 0005:000001b8       __imp__terminate           004221b8     ucrtd:ucrtbased.dll
 0005:000001bc       __imp__strcpy_s            004221bc     ucrtd:ucrtbased.dll
 0005:000001c0       __imp__strcat_s            004221c0     ucrtd:ucrtbased.dll
 0005:000001c4       __imp____stdio_common_vsprintf_s 004221c4     ucrtd:ucrtbased.dll
 0005:000001c8       __imp___exit               004221c8     ucrtd:ucrtbased.dll
 0005:000001cc       __imp___controlfp_s        004221cc     ucrtd:ucrtbased.dll
 0005:000001d0       __imp___wmakepath_s        004221d0     ucrtd:ucrtbased.dll
 0005:000001d4       __imp___wsplitpath_s       004221d4     ucrtd:ucrtbased.dll
 0005:000001d8       __imp__wcscpy_s            004221d8     ucrtd:ucrtbased.dll
 0005:000001dc       __imp__exit                004221dc     ucrtd:ucrtbased.dll
 0005:000001e0       __imp___initialize_onexit_table 004221e0     ucrtd:ucrtbased.dll
 0005:000001e4       __imp___initialize_narrow_environment 004221e4     ucrtd:ucrtbased.dll
 0005:000001e8       __imp___configure_narrow_argv 004221e8     ucrtd:ucrtbased.dll
 0005:000001ec       __imp___seh_filter_dll     004221ec     ucrtd:ucrtbased.dll
 0005:000001f0       __imp___CrtDbgReport       004221f0     ucrtd:ucrtbased.dll
 0005:000001f4       __imp___invalid_parameter  004221f4     ucrtd:ucrtbased.dll
 0005:000001f8       __imp__strlen              004221f8     ucrtd:ucrtbased.dll
 0005:000001fc       __imp___set_fmode          004221fc     ucrtd:ucrtbased.dll
 0005:00000200       __imp___initterm_e         00422200     ucrtd:ucrtbased.dll
 0005:00000204       __imp___initterm           00422204     ucrtd:ucrtbased.dll
 0005:00000208       __imp___get_initial_narrow_environment 00422208     ucrtd:ucrtbased.dll
 0005:0000020c       __imp____setusermatherr    0042220c     ucrtd:ucrtbased.dll
 0005:00000210       __imp___set_app_type       00422210     ucrtd:ucrtbased.dll
 0005:00000214       __imp___seh_filter_exe     00422214     ucrtd:ucrtbased.dll
 0005:00000218       __imp__malloc              00422218     ucrtd:ucrtbased.dll
 0005:0000021c       __imp___register_onexit_function 0042221c     ucrtd:ucrtbased.dll
 0005:00000220       __imp___CrtDbgReportW      00422220     ucrtd:ucrtbased.dll
 0005:00000224       __imp___cexit              00422224     ucrtd:ucrtbased.dll
 0005:00000228       __imp___crt_at_quick_exit  00422228     ucrtd:ucrtbased.dll
 0005:0000022c       __imp___crt_atexit         0042222c     ucrtd:ucrtbased.dll
 0005:00000230       __imp___free_dbg           00422230     ucrtd:ucrtbased.dll
 0005:00000234       __imp___execute_onexit_table 00422234     ucrtd:ucrtbased.dll
 0005:00000238       __imp___callnewh           00422238     ucrtd:ucrtbased.dll
 0005:0000023c       \177ucrtbased_NULL_THUNK_DATA 0042223c     ucrtd:ucrtbased.dll
 0005:00000288       __IMPORT_DESCRIPTOR_MSVCP140D 00422288     msvcprtd:MSVCP140D.dll
 0005:0000029c       __IMPORT_DESCRIPTOR_VCRUNTIME140D 0042229c     vcruntimed:VCRUNTIME140D.dll
 0005:000002b0       __IMPORT_DESCRIPTOR_ucrtbased 004222b0     ucrtd:ucrtbased.dll
 0005:000002c4       __IMPORT_DESCRIPTOR_KERNEL32 004222c4     kernel32:KERNEL32.dll
 0005:000002d8       __NULL_IMPORT_DESCRIPTOR   004222d8     msvcprtd:MSVCP140D.dll
 0007:00000000       ___guard_check_icall_fptr  00425000     MSVCRTD:guard_support.obj
 0007:00000004       ___guard_xfg_check_icall_fptr 00425004     MSVCRTD:guard_support.obj

 entry point at        0002:00000037

 Static symbols

 0003:fffe2000       __catchsym$??$?6U?$char_traits@D@std@@@std@@YAAAV?$basic_ostream@DU?$char_traits@D@std@@@0@AAV10@PBD@Z$3 00400000     math.obj
 0003:fffe2000       __ehfuncinfo$??1_Sentry_base@?$basic_ostream@DU?$char_traits@D@std@@@std@@QAE@XZ 00400000     math.obj
 0003:fffe2000       __ehfuncinfo$??1sentry@?$basic_ostream@DU?$char_traits@D@std@@@std@@QAE@XZ 00400000     math.obj
 0002:fffef000       __ehhandler$??1_Sentry_base@?$basic_ostream@DU?$char_traits@D@std@@@std@@QAE@XZ 00400000 f   math.obj
 0002:fffef000       __ehhandler$??1sentry@?$basic_ostream@DU?$char_traits@D@std@@@std@@QAE@XZ 00400000 f   math.obj
 0002:fffef000       __unwindfunclet$??$?6U?$char_traits@D@std@@@std@@YAAAV?$basic_ostream@DU?$char_traits@D@std@@@0@AAV10@PBD@Z$2 00400000 f   math.obj
 0002:fffef000       __unwindfunclet$??0sentry@?$basic_ostream@DU?$char_traits@D@std@@@std@@QAE@AAV12@@Z$0 00400000 f   math.obj
 0003:fffe2000       __unwindtable$??0sentry@?$basic_ostream@DU?$char_traits@D@std@@@std@@QAE@AAV12@@Z 00400000     math.obj
 0000:fffdc000       __guard_fids___except_handler4 00400000     MSVCRTD:chandler4gs.obj
 0000:fffdc000       __guard_fids_?pre_c_initialization@@YAHXZ 00400000     MSVCRTD:exe_main.obj
 0000:fffdc000       __guard_fids__             00400000     MSVCRTD:exe_main.obj
 0000:fffdc000       __guard_fids__             00400000     MSVCRTD:guard_support.obj
 0000:fffdc000       __guard_fids__             00400000     MSVCRTD:guard_support.obj
 0000:fffdc000       __guard_fids___guard_icall_checks_enforced 00400000     MSVCRTD:guard_support.obj
 0000:fffdc000       __guard_fids___CRT_RTC_INIT 00400000     MSVCRTD:init.obj
 0000:fffdc000       __guard_fids___CRT_RTC_INITW 00400000     MSVCRTD:init.obj
 0000:fffdc000       __guard_fids__             00400000     MSVCRTD:std_type_info_static.obj
 0000:fffdc000       __guard_fids__             00400000     MSVCRTD:throw_bad_alloc.obj
 0000:fffdc000       __guard_fids__             00400000     MSVCRTD:throw_bad_alloc.obj
 0000:fffdc000       __guard_fids__             00400000     MSVCRTD:throw_bad_alloc.obj
 0000:fffdc000       __guard_fids__             00400000     MSVCRTD:throw_bad_alloc.obj
 0000:fffdc000       __guard_fids__             00400000     MSVCRTD:throw_bad_alloc.obj
 0000:fffdc000       __guard_fids__             00400000     MSVCRTD:throw_bad_alloc.obj
 0000:fffdc000       __guard_fids__             00400000     MSVCRTD:throw_bad_alloc.obj
 0000:fffdc000       __guard_fids__             00400000     MSVCRTD:throw_bad_alloc.obj
 0000:fffdc000       __guard_fids____scrt_set_unhandled_exception_filter 00400000     MSVCRTD:utility_desktop.obj
 0000:fffd8000       .debug$S                   00400000     msvcprtd:MSVCP140D.dll
 0000:fffd8000       .debug$S                   00400000     msvcprtd:MSVCP140D.dll
 0000:fffd8000       .debug$S                   00400000     msvcprtd:MSVCP140D.dll
 0000:fffd8000       .debug$S                   00400000     msvcprtd:MSVCP140D.dll
 0000:fffd8000       .debug$S                   00400000     msvcprtd:MSVCP140D.dll
 0000:fffd8000       .debug$S                   00400000     msvcprtd:MSVCP140D.dll
 0000:fffd8000       .debug$S                   00400000     msvcprtd:MSVCP140D.dll
 0000:fffd8000       .debug$S                   00400000     msvcprtd:MSVCP140D.dll
 0000:fffd8000       .debug$S                   00400000     msvcprtd:MSVCP140D.dll
 0000:fffd8000       .debug$S                   00400000     msvcprtd:MSVCP140D.dll
 0000:fffd8000       .debug$S                   00400000     msvcprtd:MSVCP140D.dll
 0000:fffd8000       .debug$S                   00400000     msvcprtd:MSVCP140D.dll
 0000:fffd8000       .debug$S                   00400000     msvcprtd:MSVCP140D.dll
 0000:fffd8000       .debug$S                   00400000     msvcprtd:MSVCP140D.dll
 0000:fffd8000       .debug$S                   00400000     msvcprtd:MSVCP140D.dll
 0000:fffd8000       .debug$S                   00400000     msvcprtd:MSVCP140D.dll
 0000:fffd8000       .debug$S                   00400000     msvcprtd:MSVCP140D.dll
 0000:fffd8000       .debug$S                   00400000     msvcprtd:MSVCP140D.dll
 0000:fffd8000       .debug$S                   00400000     msvcprtd:MSVCP140D.dll
 0000:fffd8000       .debug$S                   00400000     msvcprtd:MSVCP140D.dll
 0000:fffd8000       .debug$S                   00400000     msvcprtd:MSVCP140D.dll
 0000:fffd8000       .debug$S                   00400000     msvcprtd:MSVCP140D.dll
 0000:fffd8000       .debug$S                   00400000     msvcprtd:MSVCP140D.dll
 0000:fffd8000       .debug$S                   00400000     vcruntimed:VCRUNTIME140D.dll
 0000:fffd8000       .debug$S                   00400000     vcruntimed:VCRUNTIME140D.dll
 0000:fffd8000       .debug$S                   00400000     vcruntimed:VCRUNTIME140D.dll
 0000:fffd8000       .debug$S                   00400000     vcruntimed:VCRUNTIME140D.dll
 0000:fffd8000       .debug$S                   00400000     vcruntimed:VCRUNTIME140D.dll
 0000:fffd8000       .debug$S                   00400000     vcruntimed:VCRUNTIME140D.dll
 0000:fffd8000       .debug$S                   00400000     vcruntimed:VCRUNTIME140D.dll
 0000:fffd8000       .debug$S                   00400000     vcruntimed:VCRUNTIME140D.dll
 0000:fffd8000       .debug$S                   00400000     vcruntimed:VCRUNTIME140D.dll
 0000:fffd8000       .debug$S                   00400000     vcruntimed:VCRUNTIME140D.dll
 0000:fffd8000       .debug$S                   00400000     vcruntimed:VCRUNTIME140D.dll
 0000:fffd8000       .debug$S                   00400000     vcruntimed:VCRUNTIME140D.dll
 0000:fffd8000       .debug$S                   00400000     vcruntimed:VCRUNTIME140D.dll
 0000:fffd8000       .debug$S                   00400000     vcruntimed:VCRUNTIME140D.dll
 0000:fffd8000       .debug$S                   00400000     ucrtd:ucrtbased.dll
 0000:fffd8000       .debug$S                   00400000     ucrtd:ucrtbased.dll
 0000:fffd8000       .debug$S                   00400000     ucrtd:ucrtbased.dll
 0000:fffd8000       .debug$S                   00400000     ucrtd:ucrtbased.dll
 0000:fffd8000       .debug$S                   00400000     ucrtd:ucrtbased.dll
 0000:fffd8000       .debug$S                   00400000     ucrtd:ucrtbased.dll
 0000:fffd8000       .debug$S                   00400000     ucrtd:ucrtbased.dll
 0000:fffd8000       .debug$S                   00400000     ucrtd:ucrtbased.dll
 0000:fffd8000       .debug$S                   00400000     ucrtd:ucrtbased.dll
 0000:fffd8000       .debug$S                   00400000     ucrtd:ucrtbased.dll
 0000:fffd8000       .debug$S                   00400000     ucrtd:ucrtbased.dll
 0000:fffd8000       .debug$S                   00400000     ucrtd:ucrtbased.dll
 0000:fffd8000       .debug$S                   00400000     ucrtd:ucrtbased.dll
 0000:fffd8000       .debug$S                   00400000     ucrtd:ucrtbased.dll
 0000:fffd8000       .debug$S                   00400000     ucrtd:ucrtbased.dll
 0000:fffd8000       .debug$S                   00400000     ucrtd:ucrtbased.dll
 0000:fffd8000       .debug$S                   00400000     ucrtd:ucrtbased.dll
 0000:fffd8000       .debug$S                   00400000     ucrtd:ucrtbased.dll
 0000:fffd8000       .debug$S                   00400000     ucrtd:ucrtbased.dll
 0000:fffd8000       .debug$S                   00400000     ucrtd:ucrtbased.dll
 0000:fffd8000       .debug$S                   00400000     ucrtd:ucrtbased.dll
 0000:fffd8000       .debug$S                   00400000     ucrtd:ucrtbased.dll
 0000:fffd8000       .debug$S                   00400000     ucrtd:ucrtbased.dll
 0000:fffd8000       .debug$S                   00400000     ucrtd:ucrtbased.dll
 0000:fffd8000       .debug$S                   00400000     ucrtd:ucrtbased.dll
 0000:fffd8000       .debug$S                   00400000     ucrtd:ucrtbased.dll
 0000:fffd8000       .debug$S                   00400000     ucrtd:ucrtbased.dll
 0000:fffd8000       .debug$S                   00400000     ucrtd:ucrtbased.dll
 0000:fffd8000       .debug$S                   00400000     ucrtd:ucrtbased.dll
 0000:fffd8000       .debug$S                   00400000     ucrtd:ucrtbased.dll
 0000:fffd8000       .debug$S                   00400000     ucrtd:ucrtbased.dll
 0000:fffd8000       .debug$S                   00400000     ucrtd:ucrtbased.dll
 0000:fffd8000       .debug$S                   00400000     ucrtd:ucrtbased.dll
 0000:fffd8000       .debug$S                   00400000     ucrtd:ucrtbased.dll
 0000:fffd8000       .debug$S                   00400000     ucrtd:ucrtbased.dll
 0000:fffd8000       .debug$S                   00400000     ucrtd:ucrtbased.dll
 0000:fffd8000       .debug$S                   00400000     ucrtd:ucrtbased.dll
 0000:fffd8000       .debug$S                   00400000     ucrtd:ucrtbased.dll
 0000:fffd8000       .debug$S                   00400000     ucrtd:ucrtbased.dll
 0000:fffd8000       .debug$S                   00400000     ucrtd:ucrtbased.dll
 0000:fffd8000       .debug$S                   00400000     kernel32:KERNEL32.dll
 0000:fffd8000       .debug$S                   00400000     kernel32:KERNEL32.dll
 0000:fffd8000       .debug$S                   00400000     kernel32:KERNEL32.dll
 0000:fffd8000       .debug$S                   00400000     kernel32:KERNEL32.dll
 0000:fffd8000       .debug$S                   00400000     kernel32:KERNEL32.dll
 0000:fffd8000       .debug$S                   00400000     kernel32:KERNEL32.dll
 0000:fffd8000       .debug$S                   00400000     kernel32:KERNEL32.dll
 0000:fffd8000       .debug$S                   00400000     kernel32:KERNEL32.dll
 0000:fffd8000       .debug$S                   00400000     kernel32:KERNEL32.dll
 0000:fffd8000       .debug$S                   00400000     kernel32:KERNEL32.dll
 0000:fffd8000       .debug$S                   00400000     kernel32:KERNEL32.dll
 0000:fffd8000       .debug$S                   00400000     kernel32:KERNEL32.dll
 0000:fffd8000       .debug$S                   00400000     kernel32:KERNEL32.dll
 0000:fffd8000       .debug$S                   00400000     kernel32:KERNEL32.dll
 0000:fffd8000       .debug$S                   00400000     kernel32:KERNEL32.dll
 0000:fffd8000       .debug$S                   00400000     kernel32:KERNEL32.dll
 0000:fffd8000       .debug$S                   00400000     kernel32:KERNEL32.dll
 0000:fffd8000       .debug$S                   00400000     kernel32:KERNEL32.dll
 0000:fffd8000       .debug$S                   00400000     kernel32:KERNEL32.dll
 0000:fffd8000       .debug$S                   00400000     kernel32:KERNEL32.dll
 0000:fffd8000       .debug$S                   00400000     kernel32:KERNEL32.dll
 0000:fffd8000       .debug$S                   00400000     kernel32:KERNEL32.dll
 0000:fffd8000       .debug$S                   00400000     kernel32:KERNEL32.dll
 0000:fffdc004       __guard_fids__             00400004     MSVCRTD:exe_main.obj
 0003:fffe2008       __ehfuncinfo$??0sentry@?$basic_ostream@DU?$char_traits@D@std@@@std@@QAE@AAV12@@Z 00400008     math.obj
 0000:fffdc008       __guard_fids__             00400008     MSVCRTD:exe_main.obj
 0002:fffef00d       __ehhandler$??$?6U?$char_traits@D@std@@@std@@YAAAV?$basic_ostream@DU?$char_traits@D@std@@@0@AAV10@PBD@Z 0040000d f   math.obj
 0002:fffef00d       __ehhandler$??0sentry@?$basic_ostream@DU?$char_traits@D@std@@@std@@QAE@AAV12@@Z 0040000d f   math.obj
 0003:fffe2010       __tryblocktable$??$?6U?$char_traits@D@std@@@std@@YAAAV?$basic_ostream@DU?$char_traits@D@std@@@0@AAV10@PBD@Z 00400010     math.obj
 0003:fffe2024       __unwindtable$??$?6U?$char_traits@D@std@@@std@@YAAAV?$basic_ostream@DU?$char_traits@D@std@@@0@AAV10@PBD@Z 00400024     math.obj
 0003:fffe203c       __ehfuncinfo$??$?6U?$char_traits@D@std@@@std@@YAAAV?$basic_ostream@DU?$char_traits@D@std@@@0@AAV10@PBD@Z 0040003c     math.obj
 0002:fffef3e4       __catch$??$?6U?$char_traits@D@std@@@std@@YAAAV?$basic_ostream@DU?$char_traits@D@std@@@0@AAV10@PBD@Z$0 004003e4 f   math.obj
 0002:fffef494       $LN32                      00400494     math.obj
 0002:fffef49c       $LN31                      0040049c     math.obj
 0002:fffef4a8       $LN29                      004004a8     math.obj
 0002:000011e4       __catch$??$?6U?$char_traits@D@std@@@std@@YAAAV?$basic_ostream@DU?$char_traits@D@std@@@0@AAV10@PBD@Z$0 004121e4 f i Functions.obj
 0002:00001294       $LN32                      00412294     Functions.obj
 0002:0000129c       $LN31                      0041229c     Functions.obj
 0002:000012a8       $LN29                      004122a8     Functions.obj
 0002:00001e40       $LN6                       00412e40     Functions.obj
 0002:00001e48       $LN5                       00412e48     Functions.obj
 0002:00001e60       $LN4                       00412e60     Functions.obj
 0002:00001e62       $LN3                       00412e62     Functions.obj
 0002:000023ec       $LN9                       004133ec     CopyConstructors.obj
 0002:000023f4       $LN8                       004133f4     CopyConstructors.obj
 0002:0000240c       $LN6                       0041340c     CopyConstructors.obj
 0002:0000240e       $LN5                       0041340e     CopyConstructors.obj
 0002:00002b28       $LN6                       00413b28     CustomInteger.obj
 0002:00002b30       $LN5                       00413b30     CustomInteger.obj
 0002:00002b3c       $LN4                       00413b3c     CustomInteger.obj
 0002:00002c70       $LN9                       00413c70     CustomInteger.obj
 0002:00002c78       $LN8                       00413c78     CustomInteger.obj
 0002:00002c84       $LN6                       00413c84     CustomInteger.obj
 0002:000035dc       $LN8                       004145dc     main.obj
 0002:000035e4       $LN7                       004145e4     main.obj
 0002:000035f0       $LN6                       004145f0     main.obj
 0002:00003cf0       $LN9                       00414cf0     main.obj
 0002:00003cf8       $LN8                       00414cf8     main.obj
 0002:00003d10       $LN6                       00414d10     main.obj
 0002:00003d17       $LN5                       00414d17     main.obj
 0002:00004360       $LN5                       00415360     main.obj
 0002:00004368       $LN4                       00415368     main.obj
 0002:00004374       $LN3                       00415374     main.obj
 0002:00004ac0       $LN7                       00415ac0     main.obj
 0002:00004ac8       $LN6                       00415ac8     main.obj
 0002:00004ad4       $LN5                       00415ad4     main.obj
 0002:00004e70       $LN9                       00415e70     main.obj
 0002:00004e78       $LN8                       00415e78     main.obj
 0002:00004e84       $LN7                       00415e84     main.obj
 0002:0000575c       $LN5                       0041675c     main.obj
 0002:00005764       $LN4                       00416764     main.obj
 0002:00005770       $LN3                       00416770     main.obj
 0002:00005b4c       $LN19                      00416b4c     main.obj
 0002:00005b54       $LN18                      00416b54     main.obj
 0002:00005ba8       $LN16                      00416ba8     main.obj
 0002:00005bac       $LN15                      00416bac     main.obj
 0002:00005baf       $LN14                      00416baf     main.obj
 0002:00005bb2       $LN13                      00416bb2     main.obj
 0002:00005bb5       $LN12                      00416bb5     main.obj
 0002:00005bb8       $LN11                      00416bb8     main.obj
 0002:00005bba       $LN10                      00416bba     main.obj
 0002:00005e10       ?find_pe_section@@YAPAU_IMAGE_SECTION_HEADER@@QAEI@Z 00416e10 f   MSVCRTD:utility.obj
 0002:00005ed0       ?is_potentially_valid_image_base@@YA_NQAX@Z 00416ed0 f   MSVCRTD:utility.obj
 0002:000068d0       $$000000                   004178d0     MSVCRTD:ftol2.obj
 0002:000068e0       $$000000                   004178e0     MSVCRTD:ftol2.obj
 0002:000068f0       $$000000                   004178f0     MSVCRTD:ftol2.obj
 0002:00006901       L3B                        00417901     MSVCRTD:ftol2.obj
 0002:00006944       L3F                        00417944     MSVCRTD:ftol2.obj
 0002:0000694c       L40                        0041794c     MSVCRTD:ftol2.obj
 0002:0000695f       L41                        0041795f     MSVCRTD:ftol2.obj
 0002:00006990       $$000000                   00417990     MSVCRTD:ftol2.obj
 0002:000069ab       L8F                        004179ab     MSVCRTD:ftol2.obj
 0002:000069bc       L90                        004179bc     MSVCRTD:ftol2.obj
 0002:000069cb       L91                        004179cb     MSVCRTD:ftol2.obj
 0002:000069d1       L92                        004179d1     MSVCRTD:ftol2.obj
 0002:000069d7       L93                        004179d7     MSVCRTD:ftol2.obj
 0002:00006a16       L96                        00417a16     MSVCRTD:ftol2.obj
 0002:00006a1d       L97                        00417a1d     MSVCRTD:ftol2.obj
 0002:00006a25       L99                        00417a25     MSVCRTD:ftol2.obj
 0002:00006a60       $$000000                   00417a60     MSVCRTD:ftol2.obj
 0002:00006a7e       L51                        00417a7e     MSVCRTD:ftol2.obj
 0002:00006ac3       L52                        00417ac3     MSVCRTD:ftol2.obj
 0002:00006ad7       L53                        00417ad7     MSVCRTD:ftol2.obj
 0002:00006ad9       L55                        00417ad9     MSVCRTD:ftol2.obj
 0002:00006ae3       L56                        00417ae3     MSVCRTD:ftol2.obj
 0002:00006afc       L57                        00417afc     MSVCRTD:ftol2.obj
 0002:00006b40       $$000000                   00417b40     MSVCRTD:ftol2.obj
 0002:00006b5b       LA5                        00417b5b     MSVCRTD:ftol2.obj
 0002:00006b70       LA6                        00417b70     MSVCRTD:ftol2.obj
 0002:00006b7f       LA7                        00417b7f     MSVCRTD:ftol2.obj
 0002:00006b8c       LA9                        00417b8c     MSVCRTD:ftol2.obj
 0002:00006bd3       LAA                        00417bd3     MSVCRTD:ftol2.obj
 0002:00006bda       LAC                        00417bda     MSVCRTD:ftol2.obj
 0002:00006be1       LAD                        00417be1     MSVCRTD:ftol2.obj
 0002:00006beb       LAF                        00417beb     MSVCRTD:ftol2.obj
 0002:00006d30       ?pre_c_initialization@@YAHXZ 00417d30 f   MSVCRTD:exe_main.obj
 0002:00006e10       ?post_pgo_initialization@@YAHXZ 00417e10 f   MSVCRTD:exe_main.obj
 0002:00006e20       ?pre_cpp_initialization@@YAXXZ 00417e20 f   MSVCRTD:exe_main.obj
 0002:00006e40       ?__scrt_common_main@@YAHXZ 00417e40 f   MSVCRTD:exe_main.obj
 0002:00006e60       ?__scrt_common_main_seh@@YAHXZ 00417e60 f   MSVCRTD:exe_main.obj
 0002:00007100       ?invoke_main@@YAHXZ        00418100 f   MSVCRTD:exe_main.obj
 0002:00007af0       ___castguard_compat_check  00418af0 f   MSVCRTD:guard_support.obj
 0002:00007c50       ___castguard_slow_path_compat_check 00418c50 f   MSVCRTD:guard_support.obj
 0002:00007ce0       ?DebuggerProbe@@YA_NK@Z    00418ce0 f   MSVCRTD:error.obj
 0002:00007d30       ?DebuggerRuntime@@YA_NKHPAXPB_W@Z 00418d30 f   MSVCRTD:error.obj
 0002:00008000       ?_getMemBlockDataString@@YAXPAD0PBDI@Z 00419000 f   MSVCRTD:error.obj
 0002:00008090       ?_strlen_priv@@YAIPBD@Z    00419090 f   MSVCRTD:error.obj
[...]
 0002:00008fc0       ?GetPdbDllFromInstallPath@@YAPAUHINSTANCE__@@XZ 00419fc0 f   MSVCRTD:pdblkup.obj
 0002:000092b0       ?GetPdbDllPathFromFilePath@@YAHPB_WPA_WI@Z 0041a2b0 f   MSVCRTD:pdblkup.obj
 0002:0000b2b0       __unwindfunclet$??$?6U?$char_traits@D@std@@@std@@YAAAV?$basic_ostream@DU?$char_traits@D@std@@@0@AAV10@PBD@Z$2 0041c2b0 f   Functions.obj
 0002:0000b2bd       __ehhandler$??$?6U?$char_traits@D@std@@@std@@YAAAV?$basic_ostream@DU?$char_traits@D@std@@@0@AAV10@PBD@Z 0041c2bd f   Functions.obj
 0002:0000b300       __unwindfunclet$??0sentry@?$basic_ostream@DU?$char_traits@D@std@@@std@@QAE@AAV12@@Z$0 0041c300 f   Functions.obj
 0002:0000b30d       __ehhandler$??0sentry@?$basic_ostream@DU?$char_traits@D@std@@@std@@QAE@AAV12@@Z 0041c30d f   Functions.obj
 0002:0000b340       __ehhandler$??1_Sentry_base@?$basic_ostream@DU?$char_traits@D@std@@@std@@QAE@XZ 0041c340 f   Functions.obj
 0002:0000b370       __ehhandler$??1sentry@?$basic_ostream@DU?$char_traits@D@std@@@std@@QAE@XZ 0041c370 f   Functions.obj
 0002:0000b3a0       __unwindfunclet$?VoidWhichCreatesACopy3@@YAXXZ$0 0041c3a0 f   CopyConstructors.obj
 0002:0000b3ad       __ehhandler$?VoidWhichCreatesACopy3@@YAXXZ 0041c3ad f   CopyConstructors.obj
 0002:0000b3f0       __unwindfunclet$??HCustomInteger@@QBE?AV0@ABV0@@Z$0 0041c3f0 f   CustomInteger.obj
 0002:0000b3fd       __ehhandler$??HCustomInteger@@QBE?AV0@ABV0@@Z 0041c3fd f   CustomInteger.obj
 0002:0000b440       __ehhandler$??$_Deallocate@$07$0A@@std@@YAXPAXI@Z 0041c440 f   main.obj
 0002:0000b470       __ehhandler$??$_Deallocate_plain@V?$allocator@U_Container_proxy@std@@@std@@@std@@YAXAAV?$allocator@U_Container_proxy@std@@@0@QAU_Container_proxy@0@@Z 0041c470 f   main.obj
 0002:0000b4a0       __unwindfunclet$??0?$basic_string@DU?$char_traits@D@std@@V?$allocator@D@2@@std@@QAE@QBD@Z$0 0041c4a0 f   main.obj
 0002:0000b4a8       __unwindfunclet$??0?$basic_string@DU?$char_traits@D@std@@V?$allocator@D@2@@std@@QAE@QBD@Z$1 0041c4a8 f   main.obj
 0002:0000b4b5       __ehhandler$??0?$basic_string@DU?$char_traits@D@std@@V?$allocator@D@2@@std@@QAE@QBD@Z 0041c4b5 f   main.obj
 0002:0000b4f0       __ehhandler$?_Tidy_deallocate@?$basic_string@DU?$char_traits@D@std@@V?$allocator@D@2@@std@@AAEXXZ 0041c4f0 f   main.obj
 0002:0000b520       __unwindfunclet$_main$0    0041c520 f   main.obj
 0002:0000b52d       __ehhandler$_main          0041c52d f   main.obj
 0003:00000104       ?pre_cpp_initializer@@3P6AXXZA 0041e104     MSVCRTD:exe_main.obj
 0003:00000410       ?pre_c_initializer@@3P6AHXZA 0041e410     MSVCRTD:exe_main.obj
 0003:00000514       ?post_pgo_initializer@@3P6AHXZA 0041e514     MSVCRTD:exe_main.obj
 0003:00000f70       two32                      0041ef70     MSVCRTD:ftol2.obj
 0003:00000f74       two63                      0041ef74     MSVCRTD:ftol2.obj
 0003:00000f78       _NaN                       0041ef78     MSVCRTD:ftol2.obj
 0003:00000f8c       ?_RTC_ErrorMessages@@3QBQBDB 0041ef8c     MSVCRTD:error.obj
 0003:00000fa4       ?_RTC_NoFalsePositives@@3QBHB 0041efa4     MSVCRTD:error.obj
 0003:00000fbc       ?stack_premsg@@3QBDB       0041efbc     MSVCRTD:error.obj
 0003:00000fd8       ?stack_postmsg@@3QBDB      0041efd8     MSVCRTD:error.obj
 0003:00000fec       ?uninit_premsg@@3QBDB      0041efec     MSVCRTD:error.obj
 0003:00000ffc       ?uninit_postmsg@@3QBDB     0041effc     MSVCRTD:error.obj
 0003:00001648       _GS_ExceptionPointers      0041f648     MSVCRTD:gs_report.obj
 0003:00001654       ?_RTC_errlist@@3QBQBDB     0041f654     MSVCRTD:userapi.obj
 0003:0000174c       ?mspdbName@@3QB_WB         0041f74c     MSVCRTD:pdblkup.obj
 0003:00001770       ?debugCrtFileName@@3QB_WB  0041f770     MSVCRTD:pdblkup.obj
 0003:00001900       ?dllExt@?1??GetPdbDllPathFromFilePath@@YAHPB_WPA_WI@Z@4QB_WB 0041f900     MSVCRTD:pdblkup.obj
 0003:0000190c       ?mspdbFilename@?1??GetPdbDllPathFromFilePath@@YAHPB_WPA_WI@Z@4QB_WB 0041f90c     MSVCRTD:pdblkup.obj
 0003:00002308       __RTC_InitBase.rtc$IMZ     00420308     Functions.obj
 0003:0000230c       __RTC_InitBase.rtc$IMZ     0042030c     CopyConstructors.obj
 0003:00002310       __RTC_InitBase.rtc$IMZ     00420310     CustomInteger.obj
 0003:00002314       __RTC_InitBase.rtc$IMZ     00420314     main.obj
 0003:00002318       __RTC_InitBase.rtc$IMZ     00420318     math.obj
 0003:00002628       __RTC_Shutdown.rtc$TMZ     00420628     Functions.obj
 0003:0000262c       __RTC_Shutdown.rtc$TMZ     0042062c     CopyConstructors.obj
 0003:00002630       __RTC_Shutdown.rtc$TMZ     00420630     CustomInteger.obj
 0003:00002634       __RTC_Shutdown.rtc$TMZ     00420634     main.obj
 0003:00002638       __RTC_Shutdown.rtc$TMZ     00420638     math.obj
 0003:00002848       __catchsym$??$?6U?$char_traits@D@std@@@std@@YAAAV?$basic_ostream@DU?$char_traits@D@std@@@0@AAV10@PBD@Z$3 00420848     Functions.obj
 0003:00002858       __tryblocktable$??$?6U?$char_traits@D@std@@@std@@YAAAV?$basic_ostream@DU?$char_traits@D@std@@@0@AAV10@PBD@Z 00420858     Functions.obj
 0003:0000286c       __unwindtable$??$?6U?$char_traits@D@std@@@std@@YAAAV?$basic_ostream@DU?$char_traits@D@std@@@0@AAV10@PBD@Z 0042086c     Functions.obj
 0003:00002884       __ehfuncinfo$??$?6U?$char_traits@D@std@@@std@@YAAAV?$basic_ostream@DU?$char_traits@D@std@@@0@AAV10@PBD@Z 00420884     Functions.obj
 0003:000028b4       __ehfuncinfo$??1_Sentry_base@?$basic_ostream@DU?$char_traits@D@std@@@std@@QAE@XZ 004208b4     Functions.obj
 0003:000028dc       __unwindtable$??0sentry@?$basic_ostream@DU?$char_traits@D@std@@@std@@QAE@AAV12@@Z 004208dc     Functions.obj
 0003:000028e4       __ehfuncinfo$??0sentry@?$basic_ostream@DU?$char_traits@D@std@@@std@@QAE@AAV12@@Z 004208e4     Functions.obj
 0003:0000290c       __ehfuncinfo$??1sentry@?$basic_ostream@DU?$char_traits@D@std@@@std@@QAE@XZ 0042090c     Functions.obj
 0003:00002934       __unwindtable$?VoidWhichCreatesACopy3@@YAXXZ 00420934     CopyConstructors.obj
 0003:0000293c       __ehfuncinfo$?VoidWhichCreatesACopy3@@YAXXZ 0042093c     CopyConstructors.obj
 0003:00002964       __unwindtable$??HCustomInteger@@QBE?AV0@ABV0@@Z 00420964     CustomInteger.obj
 0003:0000296c       __ehfuncinfo$??HCustomInteger@@QBE?AV0@ABV0@@Z 0042096c     CustomInteger.obj
 0003:00002994       __unwindtable$??0?$basic_string@DU?$char_traits@D@std@@V?$allocator@D@2@@std@@QAE@QBD@Z 00420994     main.obj
 0003:000029a4       __ehfuncinfo$??0?$basic_string@DU?$char_traits@D@std@@V?$allocator@D@2@@std@@QAE@QBD@Z 004209a4     main.obj
 0003:000029d0       __ehfuncinfo$?_Tidy_deallocate@?$basic_string@DU?$char_traits@D@std@@V?$allocator@D@2@@std@@AAEXXZ 004209d0     main.obj
 0003:000029f8       __unwindtable$_main        004209f8     main.obj
 0003:00002a00       __ehfuncinfo$_main         00420a00     main.obj
 0003:00002a28       __ehfuncinfo$??$_Deallocate@$07$0A@@std@@YAXPAXI@Z 00420a28     main.obj
 0003:00002a50       __ehfuncinfo$??$_Deallocate_plain@V?$allocator@U_Container_proxy@std@@@std@@@std@@YAXAAV?$allocator@U_Container_proxy@std@@@0@QAU_Container_proxy@0@@Z 00420a50     main.obj
 0003:00002b00       __sehtable$___scrt_is_nonwritable_in_current_image 00420b00     MSVCRTD:utility.obj
 0003:00002b20       __sehtable$?__scrt_common_main_seh@@YAHXZ 00420b20     MSVCRTD:exe_main.obj
 0003:00002b40       __sehtable$?notify_debugger@@YAXABUtagEXCEPTION_VISUALCPP_DEBUG_INFO@@@Z 00420b40     MSVCRTD:error.obj
 0004:000003e8       ?is_initialized_as_dll@@3_NA 004213e8     MSVCRTD:utility.obj
 0004:000003e9       ?module_local_atexit_table_initialized@@3_NA 004213e9     MSVCRTD:utility.obj
 0004:000003ec       ?module_local_atexit_table@@3U_onexit_table_t@@A 004213ec     MSVCRTD:utility.obj
 0004:000003f8       ?module_local_at_quick_exit_table@@3U_onexit_table_t@@A 004213f8     MSVCRTD:utility.obj
 0004:0000040b       ?init@?1??_RTC_InitBase@@9@4_NA 0042140b     MSVCRTD:init.obj
 0004:00000430       _GS_ExceptionRecord        00421430     MSVCRTD:gs_report.obj
 0004:00000480       _GS_ContextRecord          00421480     MSVCRTD:gs_report.obj
 0004:000007ec       ?_RTC_ErrorReportFunc@@3P6AHHPBDH00ZZA 004217ec     MSVCRTD:userapi.obj
 0004:000007f0       ?_RTC_ErrorReportFuncW@@3P6AHHPB_WH00ZZA 004217f0     MSVCRTD:userapi.obj
 0004:00000814       ?mspdb@@3PAUHINSTANCE__@@A 00421814     MSVCRTD:pdblkup.obj
 0004:00000818       ?alreadyTried@?1??GetPdbDll@@YAPAUHINSTANCE__@@XZ@4_NA 00421818     MSVCRTD:pdblkup.obj
 0004:00000819       ?PDBOK@?1??_RTC_GetSrcLine@@YAHPAEPA_WKPAH1K@Z@4_NA 00421819     MSVCRTD:pdblkup.obj
 0005:00000a76       .idata$6                   00422a76     msvcprtd:MSVCP140D.dll
 0005:00000bbc       .idata$6                   00422bbc     vcruntimed:VCRUNTIME140D.dll
 0005:00000e94       .idata$6                   00422e94     ucrtd:ucrtbased.dll
 0005:00001078       .idata$6                   00423078     kernel32:KERNEL32.dll
 0006:00000000       __B47D56BF_vcruntime_new@h 00424000     Functions.obj
 0006:00000001       __741AE07E_corecrt_math@h  00424001     Functions.obj
 0006:00000002       __B49664B7_stdlib@h        00424002     Functions.obj
 0006:00000003       __C21D4742_cstdlib         00424003     Functions.obj
 0006:00000004       __E5A3C3E7_cmath           00424004     Functions.obj
 0006:00000005       __A2143F22_corecrt_stdio_config@h 00424005     Functions.obj
 0006:00000006       __829E1958_corecrt_wstdio@h 00424006     Functions.obj
 0006:00000007       __6DFAE8B8_stdio@h         00424007     Functions.obj
 0006:00000008       __1FEB9909_corecrt_memcpy_s@h 00424008     Functions.obj
 0006:00000009       __A751F051_corecrt_memory@h 00424009     Functions.obj
 0006:0000000a       __9200769A_corecrt_wstring@h 0042400a     Functions.obj
 0006:0000000b       __32E5F013_string@h        0042400b     Functions.obj
 0006:0000000c       __C6E16F6F_corecrt_wconio@h 0042400c     Functions.obj
 0006:0000000d       __6D390390_corecrt_wio@h   0042400d     Functions.obj
 0006:0000000e       __1157D6BA_corecrt_wtime@h 0042400e     Functions.obj
 0006:0000000f       __1DC1E279_stat@h          0042400f     Functions.obj
 0006:00000010       __93DC0B45_wchar@h         00424010     Functions.obj
 0006:00000011       __CF8711D5_type_traits     00424011     Functions.obj
 0006:00000012       __17C09D42_xutility        00424012     Functions.obj
 0006:00000013       __20BB4341_malloc@h        00424013     Functions.obj
 0006:00000014       __4AA59CE7_vcruntime_exception@h 00424014     Functions.obj
 0006:00000015       __2EFB0E87_exception       00424015     Functions.obj
 0006:00000016       __4B0E324D_limits          00424016     Functions.obj
 0006:00000017       __9F85A10A_xmemory         00424017     Functions.obj
 0006:00000018       __EB562796_xstring         00424018     Functions.obj
 0006:00000019       __A7B534DA_stdexcept       00424019     Functions.obj
 0006:0000001a       __1E2F7035_xcall_once@h    0042401a     Functions.obj
 0006:0000001b       __A0B61CF9_time@h          0042401b     Functions.obj
 0006:0000001c       __17D805AB_xthreads@h      0042401c     Functions.obj
 0006:0000001d       __203B6E8F_atomic          0042401d     Functions.obj
 0006:0000001e       __A1726215_system_error    0042401e     Functions.obj
 0006:0000001f       __6E3609D7_vcruntime_typeinfo@h 0042401f     Functions.obj
 0006:00000020       __671F6E5B_typeinfo        00424020     Functions.obj
 0006:00000021       __F7A03EC3_memory          00424021     Functions.obj
 0006:00000022       __DBE569CC_xfacet          00424022     Functions.obj
 0006:00000023       __B2D2BA86_ctype@h         00424023     Functions.obj
 0006:00000024       __78968D93_xlocinfo        00424024     Functions.obj
 0006:00000025       __346853A7_xlocale         00424025     Functions.obj
 0006:00000026       __4173FA80_xiosbase        00424026     Functions.obj
 0006:00000027       __AAEF35B0_xlocnum         00424027     Functions.obj
 0006:00000028       __6DB3A328_ios             00424028     Functions.obj
 0006:00000029       __F8069E9E_Functions@cpp   00424029     Functions.obj
 0006:0000002a       __44A8BC59_istream         0042402a     Functions.obj
 0006:0000002b       __27788963_ostream         0042402b     Functions.obj
 0006:0000002c       __A5158C66_streambuf       0042402c     Functions.obj
 0006:0000002d       __87E7E7CB_iosfwd          0042402d     Functions.obj
 0006:0000002e       __F510C2C9_utility         0042402e     Functions.obj
 0006:0000002f       __066C2A02_iterator        0042402f     Functions.obj
 0006:00000030       __020F55DB_xstddef         00424030     Functions.obj
 0006:00000031       __24F78251_xatomic@h       00424031     Functions.obj
 0006:0000003c       __B8A0F7A9_CopyConstructors@cpp 0042403c     CopyConstructors.obj
 0006:0000003d       __4A1D5C48_CustomInteger@h 0042403d     CustomInteger.obj
 0006:0000003e       __291275E4_CustomInteger@cpp 0042403e     CustomInteger.obj
 0006:0000003f       __B47D56BF_vcruntime_new@h 0042403f     main.obj
 0006:00000040       __741AE07E_corecrt_math@h  00424040     main.obj
 0006:00000041       __B49664B7_stdlib@h        00424041     main.obj
 0006:00000042       __C21D4742_cstdlib         00424042     main.obj
 0006:00000043       __E5A3C3E7_cmath           00424043     main.obj
 0006:00000044       __A2143F22_corecrt_stdio_config@h 00424044     main.obj
 0006:00000045       __829E1958_corecrt_wstdio@h 00424045     main.obj
 0006:00000046       __6DFAE8B8_stdio@h         00424046     main.obj
 0006:00000047       __1FEB9909_corecrt_memcpy_s@h 00424047     main.obj
 0006:00000048       __A751F051_corecrt_memory@h 00424048     main.obj
 0006:00000049       __9200769A_corecrt_wstring@h 00424049     main.obj
 0006:0000004a       __32E5F013_string@h        0042404a     main.obj
 0006:0000004b       __C6E16F6F_corecrt_wconio@h 0042404b     main.obj
 0006:0000004c       __6D390390_corecrt_wio@h   0042404c     main.obj
 0006:0000004d       __1157D6BA_corecrt_wtime@h 0042404d     main.obj
 0006:0000004e       __1DC1E279_stat@h          0042404e     main.obj
 0006:0000004f       __93DC0B45_wchar@h         0042404f     main.obj
 0006:00000050       __CF8711D5_type_traits     00424050     main.obj
 0006:00000051       __17C09D42_xutility        00424051     main.obj
 0006:00000052       __20BB4341_malloc@h        00424052     main.obj
 0006:00000053       __4AA59CE7_vcruntime_exception@h 00424053     main.obj
 0006:00000054       __2EFB0E87_exception       00424054     main.obj
 0006:00000055       __4B0E324D_limits          00424055     main.obj
 0006:00000056       __9F85A10A_xmemory         00424056     main.obj
 0006:00000057       __EB562796_xstring         00424057     main.obj
 0006:00000058       __A7B534DA_stdexcept       00424058     main.obj
 0006:00000059       __1E2F7035_xcall_once@h    00424059     main.obj
 0006:0000005a       __A0B61CF9_time@h          0042405a     main.obj
 0006:0000005b       __17D805AB_xthreads@h      0042405b     main.obj
 0006:0000005c       __203B6E8F_atomic          0042405c     main.obj
 0006:0000005d       __A1726215_system_error    0042405d     main.obj
 0006:0000005e       __6E3609D7_vcruntime_typeinfo@h 0042405e     main.obj
 0006:0000005f       __671F6E5B_typeinfo        0042405f     main.obj
 0006:00000060       __F7A03EC3_memory          00424060     main.obj
 0006:00000061       __DBE569CC_xfacet          00424061     main.obj
 0006:00000062       __B2D2BA86_ctype@h         00424062     main.obj
 0006:00000063       __78968D93_xlocinfo        00424063     main.obj
 0006:00000064       __346853A7_xlocale         00424064     main.obj
 0006:00000065       __4173FA80_xiosbase        00424065     main.obj
 0006:00000066       __AAEF35B0_xlocnum         00424066     main.obj
 0006:00000067       __6DB3A328_ios             00424067     main.obj
 0006:00000068       __E585A166_main@cpp        00424068     main.obj
 0006:00000069       __44A8BC59_istream         00424069     main.obj
 0006:0000006a       __27788963_ostream         0042406a     main.obj
 0006:0000006b       __A5158C66_streambuf       0042406b     main.obj
 0006:0000006c       __87E7E7CB_iosfwd          0042406c     main.obj
 0006:0000006d       __F510C2C9_utility         0042406d     main.obj
 0006:0000006e       __066C2A02_iterator        0042406e     main.obj
 0006:0000006f       __020F55DB_xstddef         0042406f     main.obj
 0006:00000070       __24F78251_xatomic@h       00424070     main.obj
 0006:0000007b       __B47D56BF_vcruntime_new@h 0042407b     math.obj
 0006:0000007c       __741AE07E_corecrt_math@h  0042407c     math.obj
 0006:0000007d       __B49664B7_stdlib@h        0042407d     math.obj
 0006:0000007e       __C21D4742_cstdlib         0042407e     math.obj
 0006:0000007f       __E5A3C3E7_cmath           0042407f     math.obj
 0006:00000080       __A2143F22_corecrt_stdio_config@h 00424080     math.obj
 0006:00000081       __829E1958_corecrt_wstdio@h 00424081     math.obj
 0006:00000082       __6DFAE8B8_stdio@h         00424082     math.obj
 0006:00000083       __1FEB9909_corecrt_memcpy_s@h 00424083     math.obj
 0006:00000084       __A751F051_corecrt_memory@h 00424084     math.obj
 0006:00000085       __9200769A_corecrt_wstring@h 00424085     math.obj
 0006:00000086       __32E5F013_string@h        00424086     math.obj
 0006:00000087       __C6E16F6F_corecrt_wconio@h 00424087     math.obj
 0006:00000088       __6D390390_corecrt_wio@h   00424088     math.obj
 0006:00000089       __1157D6BA_corecrt_wtime@h 00424089     math.obj
 0006:0000008a       __1DC1E279_stat@h          0042408a     math.obj
 0006:0000008b       __93DC0B45_wchar@h         0042408b     math.obj
 0006:0000008c       __CF8711D5_type_traits     0042408c     math.obj
 0006:0000008d       __17C09D42_xutility        0042408d     math.obj
 0006:0000008e       __20BB4341_malloc@h        0042408e     math.obj
 0006:0000008f       __4AA59CE7_vcruntime_exception@h 0042408f     math.obj
 0006:00000090       __2EFB0E87_exception       00424090     math.obj
 0006:00000091       __4B0E324D_limits          00424091     math.obj
 0006:00000092       __9F85A10A_xmemory         00424092     math.obj
 0006:00000093       __EB562796_xstring         00424093     math.obj
 0006:00000094       __A7B534DA_stdexcept       00424094     math.obj
 0006:00000095       __1E2F7035_xcall_once@h    00424095     math.obj
 0006:00000096       __A0B61CF9_time@h          00424096     math.obj
 0006:00000097       __17D805AB_xthreads@h      00424097     math.obj
 0006:00000098       __203B6E8F_atomic          00424098     math.obj
 0006:00000099       __A1726215_system_error    00424099     math.obj
 0006:0000009a       __6E3609D7_vcruntime_typeinfo@h 0042409a     math.obj
 0006:0000009b       __671F6E5B_typeinfo        0042409b     math.obj
 0006:0000009c       __F7A03EC3_memory          0042409c     math.obj
 0006:0000009d       __DBE569CC_xfacet          0042409d     math.obj
 0006:0000009e       __B2D2BA86_ctype@h         0042409e     math.obj
 0006:0000009f       __78968D93_xlocinfo        0042409f     math.obj
 0006:000000a0       __346853A7_xlocale         004240a0     math.obj
 0006:000000a1       __4173FA80_xiosbase        004240a1     math.obj
 0006:000000a2       __AAEF35B0_xlocnum         004240a2     math.obj
 0006:000000a3       __6DB3A328_ios             004240a3     math.obj
 0006:000000a4       __D58D4583_math@cpp        004240a4     math.obj
 0006:000000a5       __44A8BC59_istream         004240a5     math.obj
 0006:000000a6       __27788963_ostream         004240a6     math.obj
 0006:000000a7       __A5158C66_streambuf       004240a7     math.obj
 0006:000000a8       __066C2A02_iterator        004240a8     math.obj
 0006:000000a9       __87E7E7CB_iosfwd          004240a9     math.obj
 0006:000000aa       __F510C2C9_utility         004240aa     math.obj
 0006:000000ab       __020F55DB_xstddef         004240ab     math.obj
 0006:000000ac       __24F78251_xatomic@h       004240ac     math.obj
 0008:00000170       $R000000                   00426170     * linker generated manifest res *
