 FunctionsBasic

 Timestamp is 608aacaf (Thu Apr 29 20:55:11 2021)

 Preferred load address is 00400000

 Start         Length     Name                   Class
 0001:00000000 00010000H .textbss                DATA
 0002:00000000 0000af40H .text$mn                CODE
 0002:0000af40 000012cdH .text$x                 CODE
 0003:00000000 00000104H .CRT$XCA                DATA
 0003:00000104 00000104H .CRT$XCAA               DATA
 0003:00000208 00000104H .CRT$XCZ                DATA
 0003:0000030c 00000104H .CRT$XIA                DATA
 0003:00000410 00000104H .CRT$XIAA               DATA
 0003:00000514 00000104H .CRT$XIAC               DATA
 0003:00000618 00000104H .CRT$XIZ                DATA
 0003:0000071c 00000104H .CRT$XPA                DATA
 0003:00000820 00000104H .CRT$XPZ                DATA
 0003:00000924 00000104H .CRT$XTA                DATA
 0003:00000a28 00000108H .CRT$XTZ                DATA
 0003:00000b30 000010d0H .rdata                  DATA
 0003:00001c00 00000104H .rdata$CastGuardVftablesA DATA
 0003:00001d04 00000104H .rdata$CastGuardVftablesC DATA
 0003:00001e08 00000274H .rdata$r                DATA
 0003:0000207c 00000188H .rdata$zzzdbg           DATA
 0003:00002204 00000104H .rtc$IAA                DATA
 0003:00002308 00000118H .rtc$IMZ                DATA
 0003:00002420 00000104H .rtc$IZZ                DATA
 0003:00002524 00000104H .rtc$TAA                DATA
 0003:00002628 00000118H .rtc$TMZ                DATA
 0003:00002740 00000108H .rtc$TZZ                DATA
 0003:00002848 00000494H .xdata$x                DATA
 0003:00002cdc 00000000H .edata                  DATA
 0004:00000000 0000014cH .data                   DATA
 0004:0000014c 00000178H .data$r                 DATA
 0004:000002c4 0000011cH .data$rs                DATA
 0004:000003e0 00000460H .bss                    DATA
 0005:00000000 00000288H .idata$5                DATA
 0005:00000288 00000050H .idata$2                DATA
 0005:000002d8 00000014H .idata$3                DATA
 0005:000002ec 00000288H .idata$4                DATA
 0005:00000574 00000d2dH .idata$6                DATA
 0006:00000000 000001b7H .msvcjmc                DATA
 0007:00000000 00000109H .00cfg                  DATA
 0008:00000000 00000170H .rsrc$01                DATA
 0008:00000170 000002ccH .rsrc$02                DATA

  Address         Publics by Value              Rva+Base       Lib:Object

 0000:00000000       ___guard_fids_count        00000000     <absolute>
 0000:00000000       ___safe_se_handler_table   00000000     <absolute>
 0000:00000000       ___hybrid_auxiliary_iat_copy 00000000     <absolute>
 0000:00000000       ___arm64x_native_entrypoint 00000000     <absolute>
 0000:00000000       ___safe_se_handler_count   00000000     <absolute>
 0000:00000000       ___x64_code_ranges_to_entry_points 00000000     <absolute>
 0000:00000000       ___guard_eh_cont_count     00000000     <absolute>
 0000:00000000       ___dynamic_value_reloc_table 00000000     <absolute>
 0000:00000000       ___x64_code_ranges_to_entry_points_count 00000000     <absolute>
 0000:00000000       ___hybrid_auxiliary_iat    00000000     <absolute>
 0000:00000000       ___AbsoluteZero            00000000     <absolute>
 0000:00000000       ___guard_iat_table         00000000     <absolute>
 0000:00000000       ___hybrid_code_map         00000000     <absolute>
 0000:00000000       ___hybrid_code_map_count   00000000     <absolute>
 0000:00000000       ___guard_longjmp_count     00000000     <absolute>
 0000:00000000       ___arm64x_extra_rfe_table_size 00000000     <absolute>
 0000:00000000       ___guard_longjmp_table     00000000     <absolute>
 0000:00000000       ___enclave_config          00000000     <absolute>
 0000:00000000       ___guard_iat_count         00000000     <absolute>
 0000:00000000       ___arm64x_redirection_metadata_count 00000000     <absolute>
 0000:00000000       ___guard_check_icall_a64n_fptr 00000000     <absolute>
 0000:00000000       ___volatile_metadata       00000000     <absolute>
 0000:00000000       ___arm64x_extra_rfe_table  00000000     <absolute>
 0000:00000000       ___guard_eh_cont_table     00000000     <absolute>
 0000:00000000       ___guard_fids_table        00000000     <absolute>
 0000:00000000       ___arm64x_redirection_metadata 00000000     <absolute>
 0000:00000100       ___guard_flags             00000100     <absolute>
 0000:00000000       ___ImageBase               00400000     <linker-defined>
 0001:00000000       __enc$textbss$begin        00401000     <linker-defined>
 0001:00010000       __enc$textbss$end          00411000     <linker-defined>
 0002:00000dd0       ??$?6U?$char_traits@D@std@@@std@@YAAAV?$basic_ostream@DU?$char_traits@D@std@@@0@AAV10@PBD@Z 00411dd0 f i Functions.obj
 0002:00001280       ??8CustomInteger@@QBE_NABV0@@Z 00412280 f   CustomInteger.obj
 0002:000012f0       ??ECustomInteger@@QAE?AV0@XZ 004122f0 f   CustomInteger.obj
 0002:000013b0       ??$endl@DU?$char_traits@D@std@@@std@@YAAAV?$basic_ostream@DU?$char_traits@D@std@@@0@AAV10@@Z 004123b0 f i Functions.obj
 0002:00001460       ??0_Sentry_base@?$basic_ostream@DU?$char_traits@D@std@@@std@@QAE@AAV12@@Z 00412460 f i Functions.obj
 0002:00001520       ??0sentry@?$basic_ostream@DU?$char_traits@D@std@@@std@@QAE@AAV12@@Z 00412520 f i Functions.obj
 0002:00001640       ?GetValue@CustomInteger@@QBEHXZ 00412640 f   CustomInteger.obj
 0002:00001690       ??1_Sentry_base@?$basic_ostream@DU?$char_traits@D@std@@@std@@QAE@XZ 00412690 f i Functions.obj
 0002:00001780       ??1sentry@?$basic_ostream@DU?$char_traits@D@std@@@std@@QAE@XZ 00412780 f i Functions.obj
 0002:00001870       ??Bsentry@?$basic_ostream@DU?$char_traits@D@std@@@std@@QBE_NXZ 00412870 f i Functions.obj
 0002:000018d0       ?Add@@YAHHH@Z              004128d0 f   Functions.obj
 0002:00001930       ?Add@@YANNN@Z              00412930 f   Functions.obj
 0002:000019a0       ?Calculate@Addition@@YANNN@Z 004129a0 f   Functions.obj
 0002:00001a10       ?Calculate@Avg@@YANNN@Z    00412a10 f   Functions.obj
 0002:00001a90       ?CreateWindow@@YAXPBDHHHH@Z 00412a90 f   Functions.obj
 0002:00001ae0       ?EndMessage@@YAXXZ         00412ae0 f   Functions.obj
 0002:00001b60       ?Print@@YAXPBH@Z           00412b60 f   Functions.obj
 0002:00001bb0       ?SquareInline@@YAHH@Z      00412bb0 f   Functions.obj
 0002:00001c10       ?TestFunctions@@YAHXZ      00412c10 f   Functions.obj
 0002:00001e40       ?SetValue@CustomInteger@@QAEXH@Z 00412e40 f   CustomInteger.obj
 0002:00001ec0       ?__empty_global_delete@@YAXPAX@Z 00412ec0 f i Functions.obj
 0002:00001f10       ?__empty_global_delete@@YAXPAXI@Z 00412f10 f i Functions.obj
 0002:00001f60       ?eof@?$_Narrow_char_traits@DH@std@@SAHXZ 00412f60 f i Functions.obj
 0002:00001fb0       ?eq_int_type@?$_Narrow_char_traits@DH@std@@SA_NABH0@Z 00412fb0 f i Functions.obj
 0002:00002030       ?length@?$_Narrow_char_traits@DH@std@@SAIQBD@Z 00413030 f i Functions.obj
 0002:00002090       _Print                     00413090 f   Functions.obj
 0002:000020e0       __JustMyCode_Default       004130e0 f i Functions.obj
 0002:000020f0       ?AddWhichCreatesACopy1@@YA?AVCustomInteger@@HH@Z 004130f0 f   CopyConstructors.obj
 0002:00002170       ?Print@@YAHVCustomInteger@@@Z 00413170 f   CopyConstructors.obj
 0002:000021e0       ?TestCopyConstructors@@YAXXZ 004131e0 f   CopyConstructors.obj
 0002:000022f0       ?VoidWhichCreatesACopy3@@YAXXZ 004132f0 f   CopyConstructors.obj
 0002:00002420       ?__autoclassinit2@CustomInteger@@QAEXI@Z 00413420 f i CopyConstructors.obj
 0002:00002480       ??0CustomInteger@@QAE@$$QAV0@@Z 00413480 f   CustomInteger.obj
 0002:000024f0       ??0CustomInteger@@QAE@ABV0@@Z 004134f0 f   CustomInteger.obj
 0002:000025b0       ??0CustomInteger@@QAE@H@Z  004135b0 f   CustomInteger.obj
 0002:00002660       ??0CustomInteger@@QAE@XZ   00413660 f   CustomInteger.obj
 0002:00002710       ??1CustomInteger@@QAE@XZ   00413710 f   CustomInteger.obj
 0002:00002790       ??4CustomInteger@@QAEAAV0@$$QAV0@@Z 00413790 f   CustomInteger.obj
 0002:00002830       ??4CustomInteger@@QAEAAV0@ABV0@@Z 00413830 f   CustomInteger.obj
 0002:000028f0       ??ECustomInteger@@QAEAAV0@H@Z 004138f0 f   CustomInteger.obj
 0002:00002a40       ??$?0$$V@?$_Compressed_pair@V?$allocator@D@std@@V?$_String_val@U?$_Simple_types@D@std@@@2@$00@std@@QAE@U_Zero_then_variadic_args_t@1@@Z 00413a40 f i main.obj
 0002:00002ab0       ??$?0D@?$allocator@U_Container_proxy@std@@@std@@QAE@ABV?$allocator@D@1@@Z 00413ab0 f i main.obj
 0002:00002b10       ??$_Allocate@$07U_Default_allocate_traits@std@@$0A@@std@@YAPAXI@Z 00413b10 f i main.obj
 0002:00002ba0       ??$_Allocate_manually_vector_aligned@U_Default_allocate_traits@std@@@std@@YAPAXI@Z 00413ba0 f i main.obj
 0002:00002ce0       ??$_Construct_in_place@PADABQAD@std@@YAXAAPADABQAD@Z 00413ce0 f i main.obj
 0002:00002d80       ??$_Construct_in_place@U_Container_proxy@std@@PAU_Container_base12@2@@std@@YAXAAU_Container_proxy@0@$$QAPAU_Container_base12@0@@Z 00413d80 f i main.obj
 0002:00002e20       ??$_Convert_size@I@std@@YAII@Z 00413e20 f i main.obj
 0002:00002e70       ??$_Deallocate@$07$0A@@std@@YAXPAXI@Z 00413e70 f i main.obj
 0002:00002f30       ??$_Deallocate_plain@V?$allocator@U_Container_proxy@std@@@std@@@std@@YAXAAV?$allocator@U_Container_proxy@std@@@0@QAU_Container_proxy@0@@Z 00413f30 f i main.obj
 0002:00002fd0       ??$_Delete_plain_internal@V?$allocator@U_Container_proxy@std@@@std@@@std@@YAXAAV?$allocator@U_Container_proxy@std@@@0@QAU_Container_proxy@0@@Z 00413fd0 f i main.obj
 0002:00003030       ??$_Destroy_in_place@PAD@std@@YAXAAPAD@Z 00414030 f i main.obj
 0002:00003080       ??$_Get_size_of_n@$00@std@@YAII@Z 00414080 f i main.obj
 0002:000030e0       ??$_Get_size_of_n@$07@std@@YAII@Z 004140e0 f i main.obj
 0002:00003160       ??$_Reallocate_for@V<lambda_9366063389c5f42a00a5088cf24e69de>@@PBD@?$basic_string@DU?$char_traits@D@std@@V?$allocator@D@2@@std@@AAEAAV01@IV<lambda_9366063389c5f42a00a5088cf24e69de>@@PBD@Z 00414160 f i main.obj
 0002:00003300       ??$_Unfancy@D@std@@YAPADPAD@Z 00414300 f i main.obj
 0002:00003350       ??$_Unfancy@U_Container_proxy@std@@@std@@YAPAU_Container_proxy@0@PAU10@@Z 00414350 f i main.obj
 0002:000033a0       ??$_Voidify_iter@PAPAD@std@@YAPAXPAPAD@Z 004143a0 f i main.obj
 0002:000033f0       ??$_Voidify_iter@PAU_Container_proxy@std@@@std@@YAPAXPAU_Container_proxy@0@@Z 004143f0 f i main.obj
 0002:00003440       ??$addressof@PAD@std@@YAPAPADAAPAD@Z 00414440 f i main.obj
 0002:00003490       ??$addressof@U_Container_base12@std@@@std@@YAPAU_Container_base12@0@AAU10@@Z 00414490 f i main.obj
 0002:000034e0       ??$addressof@U_Container_proxy@std@@@std@@YAPAU_Container_proxy@0@AAU10@@Z 004144e0 f i main.obj
 0002:00003530       ??$forward@ABQAD@std@@YAABQADABQAD@Z 00414530 f i main.obj
 0002:00003580       ??$forward@PAU_Container_base12@std@@@std@@YA$$QAPAU_Container_base12@0@AAPAU10@@Z 00414580 f i main.obj
 0002:000035d0       ??$max@I@std@@YAABIABI0@Z  004145d0 f i main.obj
 0002:00003660       ??$min@I@std@@YAABIABI0@Z  00414660 f i main.obj
 0002:000036f0       ??0?$_Container_proxy_ptr12@V?$allocator@U_Container_proxy@std@@@std@@@std@@QAE@AAV?$allocator@U_Container_proxy@std@@@1@AAU_Container_base12@1@@Z 004146f0 f i main.obj
 0002:000037b0       ??0?$_String_val@U?$_Simple_types@D@std@@@std@@QAE@XZ 004147b0 f i main.obj
 0002:00003840       ??0?$allocator@D@std@@QAE@XZ 00414840 f i main.obj
 0002:000038a0       ??0?$basic_string@DU?$char_traits@D@std@@V?$allocator@D@2@@std@@QAE@QBD@Z 004148a0 f i main.obj
 0002:00003a20       ??0_Bxty@?$_String_val@U?$_Simple_types@D@std@@@std@@QAE@XZ 00414a20 f i main.obj
 0002:00003a80       ??0_Container_base12@std@@QAE@XZ 00414a80 f i main.obj
 0002:00003ae0       ??0_Container_proxy@std@@QAE@PAU_Container_base12@1@@Z 00414ae0 f i main.obj
 0002:00003b50       ??0bad_alloc@std@@AAE@QBD@Z 00414b50 f i main.obj
 0002:00003bd0       ??0bad_alloc@std@@QAE@ABV01@@Z 00414bd0 f i main.obj
 0002:00003c40       ??0bad_array_new_length@std@@QAE@ABV01@@Z 00414c40 f i main.obj
 0002:00003cb0       ??0bad_array_new_length@std@@QAE@XZ 00414cb0 f i main.obj
 0002:00003d20       ??0exception@std@@QAE@ABV01@@Z 00414d20 f i main.obj
 0002:00003db0       ??0exception@std@@QAE@QBDH@Z 00414db0 f i main.obj
 0002:00003e30       ??1?$_Compressed_pair@V?$allocator@D@std@@V?$_String_val@U?$_Simple_types@D@std@@@2@$00@std@@QAE@XZ 00414e30 f i main.obj
 0002:00003e80       ??1?$_Container_proxy_ptr12@V?$allocator@U_Container_proxy@std@@@std@@@std@@QAE@XZ 00414e80 f i main.obj
 0002:00003f00       ??1?$_String_val@U?$_Simple_types@D@std@@@std@@QAE@XZ 00414f00 f i main.obj
 0002:00003f60       ??1?$basic_string@DU?$char_traits@D@std@@V?$allocator@D@2@@std@@QAE@XZ 00414f60 f i main.obj
 0002:00004060       ??1_Bxty@?$_String_val@U?$_Simple_types@D@std@@@std@@QAE@XZ 00415060 f i main.obj
 0002:000040c0       ??1bad_alloc@std@@UAE@XZ   004150c0 f i main.obj
 0002:00004110       ??1bad_array_new_length@std@@UAE@XZ 00415110 f i main.obj
 0002:00004160       ??1exception@std@@UAE@XZ   00415160 f i main.obj
 0002:000041d0       ??2@YAPAXIPAX@Z            004151d0 f i main.obj
 0002:00004220       ??R<lambda_9366063389c5f42a00a5088cf24e69de>@@QBEXQADIQBD@Z 00415220 f i main.obj
 0002:000042c0       ??_Gbad_alloc@std@@UAEPAXI@Z 004152c0 f i main.obj
 0002:000042c0       ??_Ebad_alloc@std@@UAEPAXI@Z 004152c0 f i main.obj
 0002:00004330       ??_Ebad_array_new_length@std@@UAEPAXI@Z 00415330 f i main.obj
 0002:00004330       ??_Gbad_array_new_length@std@@UAEPAXI@Z 00415330 f i main.obj
 0002:000043a0       ??_Eexception@std@@UAEPAXI@Z 004153a0 f i main.obj
 0002:000043a0       ??_Gexception@std@@UAEPAXI@Z 004153a0 f i main.obj
 0002:00004410       ?_Adjust_manually_vector_aligned@std@@YAXAAPAXAAI@Z 00415410 f i main.obj
 0002:000045e0       ?_Allocate@_Default_allocate_traits@std@@SAPAXI@Z 004155e0 f i main.obj
 0002:00004640       ?_Calculate_growth@?$basic_string@DU?$char_traits@D@std@@V?$allocator@D@2@@std@@ABEII@Z 00415640 f i main.obj
 0002:000046c0       ?_Calculate_growth@?$basic_string@DU?$char_traits@D@std@@V?$allocator@D@2@@std@@CAIIII@Z 004156c0 f i main.obj
 0002:000047c0       ?_Get_first@?$_Compressed_pair@V?$allocator@D@std@@V?$_String_val@U?$_Simple_types@D@std@@@2@$00@std@@QAEAAV?$allocator@D@2@XZ 004157c0 f i main.obj
 0002:00004820       ?_Get_first@?$_Compressed_pair@V?$allocator@D@std@@V?$_String_val@U?$_Simple_types@D@std@@@2@$00@std@@QBEABV?$allocator@D@2@XZ 00415820 f i main.obj
 0002:00004880       ?_Getal@?$basic_string@DU?$char_traits@D@std@@V?$allocator@D@2@@std@@AAEAAV?$allocator@D@2@XZ 00415880 f i main.obj
 0002:000048e0       ?_Getal@?$basic_string@DU?$char_traits@D@std@@V?$allocator@D@2@@std@@ABEABV?$allocator@D@2@XZ 004158e0 f i main.obj
 0002:00004940       ?_Large_string_engaged@?$_String_val@U?$_Simple_types@D@std@@@std@@QBE_NXZ 00415940 f i main.obj
 0002:000049c0       ?_Myptr@?$_String_val@U?$_Simple_types@D@std@@@std@@QAEPADXZ 004159c0 f i main.obj
 0002:00004a50       ?_Orphan_all@_Container_base12@std@@QAEXXZ 00415a50 f i main.obj
 0002:00004b80       ?_Release@_Basic_container_proxy_ptr12@std@@QAEXXZ 00415b80 f i main.obj
 0002:00004be0       ?_Throw_bad_array_new_length@std@@YAXXZ 00415be0 f i main.obj
 0002:00004c50       ?_Tidy_deallocate@?$basic_string@DU?$char_traits@D@std@@V?$allocator@D@2@@std@@AAEXXZ 00415c50 f i main.obj
 0002:00004d90       ?_Tidy_init@?$basic_string@DU?$char_traits@D@std@@V?$allocator@D@2@@std@@AAEXXZ 00415d90 f i main.obj
 0002:00004e30       ?_Xlen_string@std@@YAXXZ   00415e30 f i main.obj
 0002:00004e90       ?allocate@?$allocator@D@std@@QAEPADI@Z 00415e90 f i main.obj
 0002:00004f00       ?allocate@?$allocator@U_Container_proxy@std@@@std@@QAEPAU_Container_proxy@2@I@Z 00415f00 f i main.obj
 0002:00004f70       ?assign@?$_Narrow_char_traits@DH@std@@SAXAADABD@Z 00415f70 f i main.obj
 0002:00004fd0       ?assign@?$basic_string@DU?$char_traits@D@std@@V?$allocator@D@2@@std@@QAEAAV12@QBD@Z 00415fd0 f i main.obj
 0002:00005050       ?assign@?$basic_string@DU?$char_traits@D@std@@V?$allocator@D@2@@std@@QAEAAV12@QBDI@Z 00416050 f i main.obj
 0002:00005140       ?copy@?$_Char_traits@DH@std@@SAPADQADQBDI@Z 00416140 f i main.obj
 0002:000051b0       ?deallocate@?$_Default_allocator_traits@V?$allocator@U_Container_proxy@std@@@std@@@std@@SAXAAV?$allocator@U_Container_proxy@std@@@2@QAU_Container_proxy@2@I@Z 004161b0 f i main.obj
 0002:00005220       ?deallocate@?$allocator@D@std@@QAEXQADI@Z 00416220 f i main.obj
 0002:00005290       ?max@?$numeric_limits@H@std@@SAHXZ 00416290 f i main.obj
 0002:000052f0       ?max_size@?$_Default_allocator_traits@V?$allocator@D@std@@@std@@SAIABV?$allocator@D@2@@Z 004162f0 f i main.obj
 0002:00005340       ?max_size@?$basic_string@DU?$char_traits@D@std@@V?$allocator@D@2@@std@@QBEIXZ 00416340 f i main.obj
 0002:00005470       ?move@?$_Char_traits@DH@std@@SAPADQADQBDI@Z 00416470 f i main.obj
 0002:000054e0       ?what@exception@std@@UBEPBDXZ 004164e0 f i main.obj
 0002:00005570       _main                      00416570 f   main.obj
 0002:00005930       ?AddLost@@YAHHH@Z          00416930 f   math.obj
 0002:000059c0       ?SquareInline2@@YAHH@Z     004169c0 f   math.obj
 0002:00005a13       ?uncaught_exception@std@@YA_NXZ 00416a13 f   msvcprtd:MSVCP140D.dll
 0002:00005a19       ?good@ios_base@std@@QBE_NXZ 00416a19 f   msvcprtd:MSVCP140D.dll
 0002:00005a1f       ?flags@ios_base@std@@QBEHXZ 00416a1f f   msvcprtd:MSVCP140D.dll
 0002:00005a25       ?width@ios_base@std@@QBE_JXZ 00416a25 f   msvcprtd:MSVCP140D.dll
 0002:00005a2b       ?width@ios_base@std@@QAE_J_J@Z 00416a2b f   msvcprtd:MSVCP140D.dll
 0002:00005a31       ?sputc@?$basic_streambuf@DU?$char_traits@D@std@@@std@@QAEHD@Z 00416a31 f   msvcprtd:MSVCP140D.dll
 0002:00005a37       ?sputn@?$basic_streambuf@DU?$char_traits@D@std@@@std@@QAE_JPBD_J@Z 00416a37 f   msvcprtd:MSVCP140D.dll
 0002:00005a3d       ?setstate@?$basic_ios@DU?$char_traits@D@std@@@std@@QAEXH_N@Z 00416a3d f   msvcprtd:MSVCP140D.dll
 0002:00005a43       ?tie@?$basic_ios@DU?$char_traits@D@std@@@std@@QBEPAV?$basic_ostream@DU?$char_traits@D@std@@@2@XZ 00416a43 f   msvcprtd:MSVCP140D.dll
 0002:00005a49       ?rdbuf@?$basic_ios@DU?$char_traits@D@std@@@std@@QBEPAV?$basic_streambuf@DU?$char_traits@D@std@@@2@XZ 00416a49 f   msvcprtd:MSVCP140D.dll
 0002:00005a4f       ?fill@?$basic_ios@DU?$char_traits@D@std@@@std@@QBEDXZ 00416a4f f   msvcprtd:MSVCP140D.dll
 0002:00005a55       ?widen@?$basic_ios@DU?$char_traits@D@std@@@std@@QBEDD@Z 00416a55 f   msvcprtd:MSVCP140D.dll
 0002:00005a5b       ?_Osfx@?$basic_ostream@DU?$char_traits@D@std@@@std@@QAEXXZ 00416a5b f   msvcprtd:MSVCP140D.dll
 0002:00005a61       ??6?$basic_ostream@DU?$char_traits@D@std@@@std@@QAEAAV01@P6AAAV01@AAV01@@Z@Z 00416a61 f   msvcprtd:MSVCP140D.dll
 0002:00005a67       ?put@?$basic_ostream@DU?$char_traits@D@std@@@std@@QAEAAV12@D@Z 00416a67 f   msvcprtd:MSVCP140D.dll
 0002:00005a6d       ?flush@?$basic_ostream@DU?$char_traits@D@std@@@std@@QAEAAV12@XZ 00416a6d f   msvcprtd:MSVCP140D.dll
 0002:00005a73       ??0_Lockit@std@@QAE@H@Z    00416a73 f   msvcprtd:MSVCP140D.dll
 0002:00005a79       ??1_Lockit@std@@QAE@XZ     00416a79 f   msvcprtd:MSVCP140D.dll
 0002:00005a7f       ?_Xlength_error@std@@YAXPBD@Z 00416a7f f   msvcprtd:MSVCP140D.dll
 0002:00005a85       ??5?$basic_istream@DU?$char_traits@D@std@@@std@@QAEAAV01@AAH@Z 00416a85 f   msvcprtd:MSVCP140D.dll
 0002:00005a8b       ??6?$basic_ostream@DU?$char_traits@D@std@@@std@@QAEAAV01@H@Z 00416a8b f   msvcprtd:MSVCP140D.dll
 0002:00005aa0       ?configure_argv@__scrt_narrow_argv_policy@@SAHXZ 00416aa0 f i MSVCRTD:utility.obj
 0002:00005b70       ?initialize_environment@__scrt_narrow_environment_policy@@SAHXZ 00416b70 f i MSVCRTD:utility.obj
 0002:00005c10       _NtCurrentTeb              00416c10 f i MSVCRTD:utility.obj
 0002:00005c20       ___scrt_acquire_startup_lock 00416c20 f   MSVCRTD:utility.obj
 0002:00005c80       ___scrt_dllmain_after_initialize_c 00416c80 f   MSVCRTD:utility.obj
 0002:00005cc0       ___scrt_dllmain_before_initialize_c 00416cc0 f   MSVCRTD:utility.obj
 0002:00005cf0       ___scrt_dllmain_crt_thread_attach 00416cf0 f   MSVCRTD:utility.obj
 0002:00005d30       ___scrt_dllmain_crt_thread_detach 00416d30 f   MSVCRTD:utility.obj
 0002:00005d50       ___scrt_dllmain_exception_filter 00416d50 f   MSVCRTD:utility.obj
 0002:00005db0       ___scrt_dllmain_uninitialize_c 00416db0 f   MSVCRTD:utility.obj
 0002:00005df0       ___scrt_dllmain_uninitialize_critical 00416df0 f   MSVCRTD:utility.obj
 0002:00005e10       ___scrt_initialize_crt     00416e10 f   MSVCRTD:utility.obj
 0002:00005e70       ___scrt_initialize_onexit_tables 00416e70 f   MSVCRTD:utility.obj
 0002:00005f80       ___scrt_is_nonwritable_in_current_image 00416f80 f   MSVCRTD:utility.obj
 0002:00006100       ___scrt_release_startup_lock 00417100 f   MSVCRTD:utility.obj
 0002:00006130       ___scrt_uninitialize_crt   00417130 f   MSVCRTD:utility.obj
 0002:00006180       __onexit                   00417180 f   MSVCRTD:utility.obj
 0002:00006200       _at_quick_exit             00417200 f   MSVCRTD:utility.obj
 0002:00006250       _atexit                    00417250 f   MSVCRTD:utility.obj
 0002:00006290       @_RTC_AllocaHelper@12      00417290 f   MSVCRTD:stack.obj
 0002:000062d0       @_RTC_CheckStackVars2@12   004172d0 f   MSVCRTD:stack.obj
 0002:000063e0       @_RTC_CheckStackVars@8     004173e0 f   MSVCRTD:stack.obj
 0002:00006450       __RTC_CheckEsp             00417450 f   MSVCRTD:stack.obj
 0002:00006490       @__CheckForDebuggerJustMyCode@4 00417490 f   MSVCRTD:debugger_jmc.obj
 0002:000064e0       @__security_check_cookie@4 004174e0 f   MSVCRTD:secchk.obj
 0002:00006500       __CRT_RTC_INIT             00417500 f   MSVCRTD:init.obj
 0002:00006510       __CRT_RTC_INITW            00417510 f   MSVCRTD:init.obj
 0002:00006520       __RTC_InitBase             00417520 f   MSVCRTD:init.obj
 0002:00006560       __RTC_Shutdown             00417560 f   MSVCRTD:init.obj
 0002:00006580       __ftol2_sse_excpt          00417580 f   MSVCRTD:ftol2.obj
 0002:00006590       __ftol2_sse                00417590 f   MSVCRTD:ftol2.obj
 0002:000065a0       __ftoi2                    004175a0 f   MSVCRTD:ftol2.obj
 0002:00006640       __ftoui2                   00417640 f   MSVCRTD:ftol2.obj
 0002:00006710       __ftol2                    00417710 f   MSVCRTD:ftol2.obj
 0002:000067f0       __ftoul2                   004177f0 f   MSVCRTD:ftol2.obj
 0002:000068e0       ??2@YAPAXI@Z               004178e0 f   MSVCRTD:new_scalar.obj
 0002:00006940       ??3@YAXPAXI@Z              00417940 f   MSVCRTD:delete_scalar_size.obj
 0002:00006960       ??_U@YAPAXI@Z              00417960 f   MSVCRTD:new_array.obj
 0002:00006980       ??1type_info@@UAE@XZ       00417980 f   MSVCRTD:std_type_info_static.obj
 0002:000069a0       ??_Gtype_info@@UAEPAXI@Z   004179a0 f i MSVCRTD:std_type_info_static.obj
 0002:000069a0       ??_Etype_info@@UAEPAXI@Z   004179a0 f i MSVCRTD:std_type_info_static.obj
 0002:00006e00       ?set_app_type@__scrt_main_policy@@SAXXZ 00417e00 f i MSVCRTD:exe_main.obj
 0002:00006e20       ?set_commode@__scrt_file_policy@@SAXXZ 00417e20 f i MSVCRTD:exe_main.obj
 0002:00006e40       ?set_fmode@__scrt_file_policy@@SAXXZ 00417e40 f i MSVCRTD:exe_main.obj
 0002:00006e60       _mainCRTStartup            00417e60 f   MSVCRTD:exe_main.obj
 0002:00006e70       ___isa_available_init      00417e70 f   MSVCRTD:cpu_disp.obj
 0002:00007270       __get_startup_argv_mode    00418270 f   MSVCRTD:argv_mode.obj
 0002:00007280       ___scrt_is_ucrt_dll_in_use 00418280 f   MSVCRTD:ucrt_detection.obj
 0002:000072b0       ___scrt_fastfail           004182b0 f   MSVCRTD:utility_desktop.obj
 0002:00007440       ___scrt_get_show_window_mode 00418440 f   MSVCRTD:utility_desktop.obj
 0002:00007490       ___scrt_initialize_mta     00418490 f   MSVCRTD:utility_desktop.obj
 0002:000074a0       ___scrt_initialize_winrt   004184a0 f   MSVCRTD:utility_desktop.obj
 0002:000074b0       ___scrt_is_managed_app     004184b0 f   MSVCRTD:utility_desktop.obj
 0002:00007560       ___scrt_set_unhandled_exception_filter 00418560 f   MSVCRTD:utility_desktop.obj
 0002:00007580       ___scrt_stub_for_initialize_mta 00418580 f   MSVCRTD:utility_desktop.obj
 0002:00007580       ___scrt_exe_initialize_mta 00418580 f   MSVCRTD:utility_desktop.obj
 0002:00007590       ___scrt_unhandled_exception_filter@4 00418590 f   MSVCRTD:utility_desktop.obj
 0002:00007630       __crt_debugger_hook        00418630 f   MSVCRTD:utility_desktop.obj
 0002:00007650       __except_handler4          00418650 f   MSVCRTD:chandler4gs.obj
 0002:000076a0       @_guard_check_icall_nop@4  004186a0 f i MSVCRTD:guard_support.obj
 0002:000076b0       _ReadNoFence               004186b0 f i MSVCRTD:guard_support.obj
 0002:000076d0       _ReadPointerNoFence        004186d0 f i MSVCRTD:guard_support.obj
 0002:000076f0       ___castguard_check_failure_debugbreak 004186f0 f i MSVCRTD:guard_support.obj
 0002:00007710       ___castguard_check_failure_fastfail 00418710 f i MSVCRTD:guard_support.obj
 0002:00007740       ___castguard_check_failure_nop 00418740 f i MSVCRTD:guard_support.obj
 0002:00007750       ___castguard_check_failure_os_handled 00418750 f i MSVCRTD:guard_support.obj
 0002:000077f0       ___castguard_slow_path_check_debugbreak 004187f0 f i MSVCRTD:guard_support.obj
 0002:00007830       ___castguard_slow_path_check_fastfail 00418830 f i MSVCRTD:guard_support.obj
 0002:00007880       ___castguard_slow_path_check_nop 00418880 f i MSVCRTD:guard_support.obj
 0002:00007890       ___castguard_slow_path_check_os_handled 00418890 f i MSVCRTD:guard_support.obj
 0002:00007950       __guard_icall_checks_enforced 00418950 f i MSVCRTD:guard_support.obj
 0002:00007a40       ?_RTC_AllocaFailure@@YAXPAXPAU_RTC_ALLOCA_NODE@@H@Z 00418a40 f   MSVCRTD:error.obj
 0002:00007b60       ?_RTC_Failure@@YAXPAXH@Z   00418b60 f   MSVCRTD:error.obj
 0002:00007bd0       ?_RTC_StackFailure@@YAXPAXPBD@Z 00418bd0 f   MSVCRTD:error.obj
 0002:00008080       __RTC_UninitUse            00419080 f   MSVCRTD:error.obj
 0002:00008160       ___local_stdio_printf_options 00419160 f i MSVCRTD:error.obj
 0002:00008170       __vsprintf_s_l             00419170 f i MSVCRTD:error.obj
 0002:000081b0       _sprintf_s                 004191b0 f i MSVCRTD:error.obj
 0002:000081e0       ___raise_securityfailure   004191e0 f   MSVCRTD:gs_report.obj
 0002:00008220       ___report_gsfailure        00419220 f   MSVCRTD:gs_report.obj
 0002:00008370       ___report_rangecheckfailure 00419370 f   MSVCRTD:gs_report.obj
 0002:00008380       ___report_securityfailure  00419380 f   MSVCRTD:gs_report.obj
 0002:00008490       ___report_securityfailureEx 00419490 f   MSVCRTD:gs_report.obj
 0002:00008600       ?_RTC_GetErrorFunc@@YAP6AHHPBDH00ZZPBX@Z 00419600 f   MSVCRTD:userapi.obj
 0002:00008610       ?_RTC_GetErrorFuncW@@YAP6AHHPB_WH00ZZPBX@Z 00419610 f   MSVCRTD:userapi.obj
 0002:00008620       __RTC_GetErrDesc           00419620 f   MSVCRTD:userapi.obj
 0002:00008640       __RTC_NumErrors            00419640 f   MSVCRTD:userapi.obj
 0002:00008650       __RTC_SetErrorFunc         00419650 f   MSVCRTD:userapi.obj
 0002:00008680       __RTC_SetErrorFuncW        00419680 f   MSVCRTD:userapi.obj
 0002:000086b0       __RTC_SetErrorType         004196b0 f   MSVCRTD:userapi.obj
 0002:000086e0       ??0bad_alloc@std@@QAE@XZ   004196e0 f i MSVCRTD:throw_bad_alloc.obj
 0002:00008710       ?__scrt_throw_std_bad_alloc@@YAXXZ 00419710 f   MSVCRTD:throw_bad_alloc.obj
 0002:00008740       ?__scrt_throw_std_bad_array_new_length@@YAXXZ 00419740 f   MSVCRTD:throw_bad_alloc.obj
 0002:00008770       ??3@YAXPAX@Z               00419770 f   MSVCRTD:delete_scalar.obj
 0002:00008820       ___security_init_cookie    00419820 f   MSVCRTD:gs_support.obj
 0002:000088c0       __matherr                  004198c0 f   MSVCRTD:matherr.obj
 0002:000088d0       __get_startup_commit_mode  004198d0 f   MSVCRTD:commit_mode.obj
 0002:000088e0       __get_startup_file_mode    004198e0 f   MSVCRTD:file_mode.obj
 0002:000088f0       __get_startup_new_mode     004198f0 f   MSVCRTD:new_mode.obj
 0002:00008900       __get_startup_thread_locale_mode 00419900 f   MSVCRTD:thread_locale.obj
 0002:00008910       ?__scrt_initialize_type_info@@YAXXZ 00419910 f   MSVCRTD:tncleanup.obj
 0002:00008930       ?__scrt_uninitialize_type_info@@YAXXZ 00419930 f   MSVCRTD:tncleanup.obj
 0002:00008950       __should_initialize_environment 00419950 f   MSVCRTD:env_mode.obj
 0002:00008960       __initialize_default_precision 00419960 f   MSVCRTD:default_precision.obj
 0002:00008990       __initialize_invalid_parameter_handler 00419990 f   MSVCRTD:invalid_parameter_handler.obj
 0002:000089a0       __initialize_denormal_control 004199a0 f   MSVCRTD:denormal_control.obj
 0002:000089b0       ___local_stdio_scanf_options 004199b0 f i MSVCRTD:default_local_stdio_options.obj
 0002:000089c0       ___scrt_initialize_default_local_stdio_options 004199c0 f   MSVCRTD:default_local_stdio_options.obj
 0002:00008a10       ___scrt_is_user_matherr_present 00419a10 f   MSVCRTD:matherr_detection.obj
 0002:00008a40       ___scrt_get_dyn_tls_init_callback 00419a40 f   MSVCRTD:dyn_tls_init.obj
 0002:00008a50       ___scrt_get_dyn_tls_dtor_callback 00419a50 f   MSVCRTD:dyn_tls_dtor.obj
 0002:00008a60       __RTC_Initialize           00419a60 f   MSVCRTD:initsect.obj
 0002:00008aa0       __RTC_Terminate            00419aa0 f   MSVCRTD:initsect.obj
 0002:00009070       ?_RTC_GetSrcLine@@YAHPAEPA_WKPAH1K@Z 0041a070 f   MSVCRTD:pdblkup.obj
 0002:000094d0       __except_handler4_noexcept 0041a4d0 f   MSVCRTD:chandler4_noexcept.obj
 0002:00009541       ___CxxFrameHandler3        0041a541 f   vcruntimed:VCRUNTIME140D.dll
 0002:00009547       _memset                    0041a547 f   vcruntimed:VCRUNTIME140D.dll
 0002:0000954d       _memcpy                    0041a54d f   vcruntimed:VCRUNTIME140D.dll
 0002:00009553       _memmove                   0041a553 f   vcruntimed:VCRUNTIME140D.dll
 0002:00009559       ___std_exception_copy      0041a559 f   vcruntimed:VCRUNTIME140D.dll
 0002:0000955f       ___std_exception_destroy   0041a55f f   vcruntimed:VCRUNTIME140D.dll
 0002:00009565       __CxxThrowException@8      0041a565 f   vcruntimed:VCRUNTIME140D.dll
 0002:0000956b       ___current_exception       0041a56b f   vcruntimed:VCRUNTIME140D.dll
 0002:00009571       ___current_exception_context 0041a571 f   vcruntimed:VCRUNTIME140D.dll
 0002:00009577       __except_handler4_common   0041a577 f   vcruntimed:VCRUNTIME140D.dll
 0002:0000957d       ___std_type_info_destroy_list 0041a57d f   vcruntimed:VCRUNTIME140D.dll
 0002:00009583       ___vcrt_GetModuleFileNameW 0041a583 f   vcruntimed:VCRUNTIME140D.dll
 0002:00009589       ___vcrt_GetModuleHandleW   0041a589 f   vcruntimed:VCRUNTIME140D.dll
 0002:0000958f       ___vcrt_LoadLibraryExW     0041a58f f   vcruntimed:VCRUNTIME140D.dll
 0002:00009595       _strlen                    0041a595 f   ucrtd:ucrtbased.dll
 0002:0000959b       __invalid_parameter        0041a59b f   ucrtd:ucrtbased.dll
 0002:000095a1       __CrtDbgReport             0041a5a1 f   ucrtd:ucrtbased.dll
 0002:000095a7       __seh_filter_dll           0041a5a7 f   ucrtd:ucrtbased.dll
 0002:000095ad       __configure_narrow_argv    0041a5ad f   ucrtd:ucrtbased.dll
 0002:000095b3       __initialize_narrow_environment 0041a5b3 f   ucrtd:ucrtbased.dll
 0002:000095b9       __initialize_onexit_table  0041a5b9 f   ucrtd:ucrtbased.dll
 0002:000095bf       __register_onexit_function 0041a5bf f   ucrtd:ucrtbased.dll
 0002:000095c5       __execute_onexit_table     0041a5c5 f   ucrtd:ucrtbased.dll
 0002:000095cb       __crt_atexit               0041a5cb f   ucrtd:ucrtbased.dll
 0002:000095d1       __crt_at_quick_exit        0041a5d1 f   ucrtd:ucrtbased.dll
 0002:000095d7       __cexit                    0041a5d7 f   ucrtd:ucrtbased.dll
 0002:000095dd       __CrtDbgReportW            0041a5dd f   ucrtd:ucrtbased.dll
 0002:000095e3       __callnewh                 0041a5e3 f   ucrtd:ucrtbased.dll
 0002:000095e9       _malloc                    0041a5e9 f   ucrtd:ucrtbased.dll
 0002:000095ef       __seh_filter_exe           0041a5ef f   ucrtd:ucrtbased.dll
 0002:000095f5       __set_app_type             0041a5f5 f   ucrtd:ucrtbased.dll
 0002:000095fb       ___setusermatherr          0041a5fb f   ucrtd:ucrtbased.dll
 0002:00009601       __get_initial_narrow_environment 0041a601 f   ucrtd:ucrtbased.dll
 0002:00009607       __initterm                 0041a607 f   ucrtd:ucrtbased.dll
 0002:0000960d       __initterm_e               0041a60d f   ucrtd:ucrtbased.dll
 0002:00009613       _exit                      0041a613 f   ucrtd:ucrtbased.dll
 0002:00009619       __exit                     0041a619 f   ucrtd:ucrtbased.dll
 0002:0000961f       __set_fmode                0041a61f f   ucrtd:ucrtbased.dll
 0002:00009625       ___p___argc                0041a625 f   ucrtd:ucrtbased.dll
 0002:0000962b       ___p___argv                0041a62b f   ucrtd:ucrtbased.dll
 0002:00009631       __c_exit                   0041a631 f   ucrtd:ucrtbased.dll
 0002:00009637       __register_thread_local_exe_atexit_callback 0041a637 f   ucrtd:ucrtbased.dll
 0002:0000963d       __configthreadlocale       0041a63d f   ucrtd:ucrtbased.dll
 0002:00009643       __set_new_mode             0041a643 f   ucrtd:ucrtbased.dll
 0002:00009649       ___p__commode              0041a649 f   ucrtd:ucrtbased.dll
 0002:0000964f       _terminate                 0041a64f f   ucrtd:ucrtbased.dll
 0002:00009655       _strcpy_s                  0041a655 f   ucrtd:ucrtbased.dll
 0002:0000965b       _strcat_s                  0041a65b f   ucrtd:ucrtbased.dll
 0002:00009661       ___stdio_common_vsprintf_s 0041a661 f   ucrtd:ucrtbased.dll
 0002:00009667       __free_dbg                 0041a667 f   ucrtd:ucrtbased.dll
 0002:0000966d       __controlfp_s              0041a66d f   ucrtd:ucrtbased.dll
 0002:00009673       __wmakepath_s              0041a673 f   ucrtd:ucrtbased.dll
 0002:00009679       __wsplitpath_s             0041a679 f   ucrtd:ucrtbased.dll
 0002:0000967f       _wcscpy_s                  0041a67f f   ucrtd:ucrtbased.dll
 0002:00009685       _GetCurrentThreadId@0      0041a685 f   kernel32:KERNEL32.dll
 0002:0000968b       _IsProcessorFeaturePresent@4 0041a68b f   kernel32:KERNEL32.dll
 0002:00009691       _IsDebuggerPresent@0       0041a691 f   kernel32:KERNEL32.dll
 0002:00009697       _UnhandledExceptionFilter@4 0041a697 f   kernel32:KERNEL32.dll
 0002:0000969d       _SetUnhandledExceptionFilter@4 0041a69d f   kernel32:KERNEL32.dll
 0002:000096a3       _GetStartupInfoW@4         0041a6a3 f   kernel32:KERNEL32.dll
 0002:000096a9       _GetModuleHandleW@4        0041a6a9 f   kernel32:KERNEL32.dll
 0002:000096af       _RaiseException@16         0041a6af f   kernel32:KERNEL32.dll
 0002:000096b5       _MultiByteToWideChar@24    0041a6b5 f   kernel32:KERNEL32.dll
 0002:000096bb       _WideCharToMultiByte@32    0041a6bb f   kernel32:KERNEL32.dll
 0002:000096c1       _GetCurrentProcess@0       0041a6c1 f   kernel32:KERNEL32.dll
 0002:000096c7       _TerminateProcess@8        0041a6c7 f   kernel32:KERNEL32.dll
 0002:000096cd       _QueryPerformanceCounter@4 0041a6cd f   kernel32:KERNEL32.dll
 0002:000096d3       _GetCurrentProcessId@0     0041a6d3 f   kernel32:KERNEL32.dll
 0002:000096d9       _GetSystemTimeAsFileTime@4 0041a6d9 f   kernel32:KERNEL32.dll
 0002:000096df       _InitializeSListHead@4     0041a6df f   kernel32:KERNEL32.dll
 0002:000096e5       _GetLastError@0            0041a6e5 f   kernel32:KERNEL32.dll
 0002:000096eb       _HeapAlloc@12              0041a6eb f   kernel32:KERNEL32.dll
 0002:000096f1       _HeapFree@12               0041a6f1 f   kernel32:KERNEL32.dll
 0002:000096f7       _GetProcessHeap@0          0041a6f7 f   kernel32:KERNEL32.dll
 0002:000096fd       _VirtualQuery@12           0041a6fd f   kernel32:KERNEL32.dll
 0002:00009703       _FreeLibrary@4             0041a703 f   kernel32:KERNEL32.dll
 0002:00009709       _GetProcAddress@8          0041a709 f   kernel32:KERNEL32.dll
 0002:00009710       ___scrt_stub_for_acrt_initialize 0041a710 f   MSVCRTD:ucrt_stubs.obj
 0002:00009710       ___vcrt_initialize         0041a710 f   MSVCRTD:ucrt_stubs.obj
 0002:00009710       ___acrt_initialize         0041a710 f   MSVCRTD:ucrt_stubs.obj
 0002:00009720       ___acrt_thread_attach      0041a720 f   MSVCRTD:ucrt_stubs.obj
 0002:00009720       ___scrt_stub_for_acrt_thread_attach 0041a720 f   MSVCRTD:ucrt_stubs.obj
 0002:00009720       ___vcrt_thread_attach      0041a720 f   MSVCRTD:ucrt_stubs.obj
 0002:00009730       ___scrt_stub_for_acrt_thread_detach 0041a730 f   MSVCRTD:ucrt_stubs.obj
 0002:00009730       ___vcrt_thread_detach      0041a730 f   MSVCRTD:ucrt_stubs.obj
 0002:00009730       ___acrt_thread_detach      0041a730 f   MSVCRTD:ucrt_stubs.obj
 0002:00009740       ___vcrt_uninitialize       0041a740 f   MSVCRTD:ucrt_stubs.obj
 0002:00009740       ___scrt_stub_for_acrt_uninitialize 0041a740 f   MSVCRTD:ucrt_stubs.obj
 0002:00009740       ___acrt_uninitialize       0041a740 f   MSVCRTD:ucrt_stubs.obj
 0002:00009750       ___scrt_stub_for_acrt_uninitialize_critical 0041a750 f   MSVCRTD:ucrt_stubs.obj
 0002:00009750       ___vcrt_uninitialize_critical 0041a750 f   MSVCRTD:ucrt_stubs.obj
 0002:00009750       ___acrt_uninitialize_critical 0041a750 f   MSVCRTD:ucrt_stubs.obj
 0002:00009760       __is_c_termination_complete 0041a760 f   MSVCRTD:ucrt_stubs.obj
 0002:00009760       ___scrt_stub_for_is_c_termination_complete 0041a760 f   MSVCRTD:ucrt_stubs.obj
 0002:00009770       __filter_x86_sse2_floating_point_exception_default 0041a770 f   MSVCRTD:x86_exception_filter.obj
 0002:00009770       __filter_x86_sse2_floating_point_exception 0041a770 f   MSVCRTD:x86_exception_filter.obj
 0002:000098b0       ??HCustomInteger@@QBE?AV0@ABV0@@Z 0041a8b0 f   CustomInteger.obj
 0003:00000000       ___xc_a                    0041e000     MSVCRTD:initializers.obj
 0003:00000208       ___xc_z                    0041e208     MSVCRTD:initializers.obj
 0003:0000030c       ___xi_a                    0041e30c     MSVCRTD:initializers.obj
 0003:00000618       ___xi_z                    0041e618     MSVCRTD:initializers.obj
 0003:0000071c       ___xp_a                    0041e71c     MSVCRTD:initializers.obj
 0003:00000820       ___xp_z                    0041e820     MSVCRTD:initializers.obj
 0003:00000924       ___xt_a                    0041e924     MSVCRTD:initializers.obj
 0003:00000a28       ___xt_z                    0041ea28     MSVCRTD:initializers.obj
 0003:00000b30       ??_C@_0DK@LIMKECIL@After?5all?5has?5beedn?5said?5and?5do@ 0041eb30     Functions.obj
 0003:00000b78       ??_C@_0BA@MBOPOEHA@My?5Window?5title@ 0041eb78     Functions.obj
 0003:00000b90       __real@4000000000000000    0041eb90     Functions.obj
 0003:00000ba0       __real@4012666666666666    0041eba0     Functions.obj
 0003:00000bb0       __real@4016666666666666    0041ebb0     Functions.obj
 0003:00000bc0       __real@401ccccccccccccd    0041ebc0     Functions.obj
 0003:00000bd0       __real@40340ccccccccccd    0041ebd0     Functions.obj
 0003:00000be0       __real@4046d9999999999a    0041ebe0     Functions.obj
 0003:00000bf0       __real@4049000000000000    0041ebf0     Functions.obj
 0003:00000c00       __real@40494ccccccccccd    0041ec00     Functions.obj
 0003:00000c10       __real@404bf33333333333    0041ec10     Functions.obj
 0003:00000c20       __real@4050dccccccccccd    0041ec20     Functions.obj
 0003:00000c30       __real@4058d9999999999a    0041ec30     Functions.obj
 0003:00000c40       __real@4078e73333333333    0041ec40     Functions.obj
 0003:00000c50       ??_7exception@std@@6B@     0041ec50     main.obj
 0003:00000c5c       ??_C@_0BC@EOODALEL@Unknown?5exception@ 0041ec5c     main.obj
 0003:00000c78       ??_7bad_alloc@std@@6B@     0041ec78     main.obj
 0003:00000c88       ??_7bad_array_new_length@std@@6B@ 0041ec88     main.obj
 0003:00000c94       ??_C@_0BF@KINCDENJ@bad?5array?5new?5length@ 0041ec94     main.obj
 0003:00000cb0       ??_C@_0BB@FCMFBGOM@invalid?5argument@ 0041ecb0     main.obj
 0003:00000cc4       ??_C@_02DKCKIIND@?$CFs@    0041ecc4     main.obj
 0003:00000cc8       ??_C@_0GL@GMNLCECP@C?3?2Program?5Files?5?$CIx86?$CJ?2Microsof@ 0041ecc8     main.obj
 0003:00000d48       ??_C@_1NG@BHPDNEN@?$AAC?$AA?3?$AA?2?$AAP?$AAr?$AAo?$AAg?$AAr?$AAa?$AAm?$AA?5?$AAF?$AAi?$AAl?$AAe@ 0041ed48     main.obj
 0003:00000e48       ??_C@_1EK@NIFDJFDG@?$AAs?$AAt?$AAd?$AA?3?$AA?3?$AA_?$AAA?$AAd?$AAj?$AAu?$AAs?$AAt?$AA_?$AAm?$AAa@ 0041ee48     main.obj
 0003:00000ea0       ??_C@_1CG@JNLFBNGN@?$AA?$CC?$AAi?$AAn?$AAv?$AAa?$AAl?$AAi?$AAd?$AA?5?$AAa?$AAr?$AAg?$AAu?$AAm?$AAe@ 0041eea0     main.obj
 0003:00000ed0       ??_C@_0BA@JFNIOLAK@string?5too?5long@ 0041eed0     main.obj
 0003:00000ee4       ??_C@_0O@GPKAKMKB@initial?5value@ 0041eee4     main.obj
 0003:00000ef4       ??_C@_07IMBNIMKO@andrson@  0041eef4     main.obj
 0003:00000f00       ??_C@_1EO@GFNCMDLA@?$AAs?$AAt?$AAd?$AA?3?$AA?3?$AA_?$AAA?$AAl?$AAl?$AAo?$AAc?$AAa?$AAt?$AAe?$AA_@ 0041ef00     main.obj
 0003:00000f60       ??_C@_0N@OILLNBJL@The?5sum?5is?3?5@ 0041ef60     math.obj
 0003:00000f84       ??_7type_info@@6B@         0041ef84     MSVCRTD:std_type_info_static.obj
 0003:00001048       ??_C@_0NN@JMPELKLB@The?5value?5of?5ESP?5was?5not?5proper@ 0041f048     MSVCRTD:error.obj
 0003:00001158       ??_C@_0BBN@ELNNILBE@A?5cast?5to?5a?5smaller?5data?5type?5h@ 0041f158     MSVCRTD:error.obj
 0003:000012b0       ??_C@_0BN@BPOGFMJL@Stack?5memory?5was?5corrupted?$AN?6@ 0041f2b0     MSVCRTD:error.obj
 0003:000012d4       ??_C@_0DG@DAJCDLPN@A?5local?5variable?5was?5used?5befor@ 0041f2d4     MSVCRTD:error.obj
 0003:00001314       ??_C@_0CM@JMIDGKLA@Stack?5memory?5around?5_alloca?5was@ 0041f314     MSVCRTD:error.obj
 0003:00001348       ??_C@_0BO@CHIONIOI@Unknown?5Runtime?5Check?5Error?$AN?6@ 0041f348     MSVCRTD:error.obj
 0003:00001370       ??_C@_1GM@CNOOJIHC@?$AAR?$AAu?$AAn?$AAt?$AAi?$AAm?$AAe?$AA?5?$AAC?$AAh?$AAe?$AAc?$AAk?$AA?5?$AAE@ 0041f370     MSVCRTD:error.obj
 0003:000013f8       ??_C@_1EA@NFKNIFJP@?$AAR?$AAu?$AAn?$AA?9?$AAT?$AAi?$AAm?$AAe?$AA?5?$AAC?$AAh?$AAe?$AAc?$AAk?$AA?5@ 0041f3f8     MSVCRTD:error.obj
 0003:00001444       ??_C@_0BB@PFFGGCJP@Unknown?5Filename@ 0041f444     MSVCRTD:error.obj
 0003:00001458       ??_C@_0BE@GNBOBNCK@Unknown?5Module?5Name@ 0041f458     MSVCRTD:error.obj
 0003:00001470       ??_C@_0CA@IODNCDPG@Run?9Time?5Check?5Failure?5?$CD?$CFd?5?9?5?$CFs@ 0041f470     MSVCRTD:error.obj
 0003:00001498       ??_C@_0CG@IAFNJNEE@Stack?5corrupted?5near?5unknown?5va@ 0041f498     MSVCRTD:error.obj
 0003:000014c8       ??_C@_05MKKEDADM@?$CF?42X?5@ 0041f4c8     MSVCRTD:error.obj
 0003:000014d0       ??_C@_0EJ@LJKNEOLN@Stack?5area?5around?5_alloca?5memor@ 0041f4d0     MSVCRTD:error.obj
 0003:00001528       ??_C@_01EEMJAFIK@?6@       0041f528     MSVCRTD:error.obj
 0003:0000152c       ??_C@_02LLMPMKNF@?$DO?5@   0041f52c     MSVCRTD:error.obj
 0003:00001530       ??_C@_08OMAHNMHJ@?6Data?3?5?$DM@ 0041f530     MSVCRTD:error.obj
 0003:0000153c       ??_C@_0CK@DKGBICFE@?6Allocation?5number?5within?5this?5@ 0041f53c     MSVCRTD:error.obj
 0003:00001570       ??_C@_07DFDJCKFN@?6Size?3?5@ 0041f570     MSVCRTD:error.obj
 0003:0000157c       ??_C@_0N@MHFFIMFG@?6Address?3?50x@ 0041f57c     MSVCRTD:error.obj
 0003:00001590       ??_C@_0EI@CLEPFNGI@Stack?5area?5around?5_alloca?5memor@ 0041f590     MSVCRTD:error.obj
 0003:000015e8       ??_C@_0BK@ODNDAGKB@?$CFs?$CFs?$CFp?$CFs?$CFzd?$CFs?$CFd?$CFs?$CFs?$CFs?$CFs?$CFs@ 0041f5e8     MSVCRTD:error.obj
 0003:00001608       ??_C@_0DE@OHJBPMBP@A?5variable?5is?5being?5used?5withou@ 0041f608     MSVCRTD:error.obj
 0003:0000166c       ??_C@_0BJ@HEGAHDFO@Stack?5pointer?5corruption@ 0041f66c     MSVCRTD:userapi.obj
 0003:0000168c       ??_C@_0CK@FEGOIOPB@Cast?5to?5smaller?5type?5causing?5lo@ 0041f68c     MSVCRTD:userapi.obj
 0003:000016c0       ??_C@_0BI@CIGMDCBH@Stack?5memory?5corruption@ 0041f6c0     MSVCRTD:userapi.obj
 0003:000016dc       ??_C@_0CK@CNLNOEPB@Local?5variable?5used?5before?5init@ 0041f6dc     MSVCRTD:userapi.obj
 0003:00001710       ??_C@_0BP@OGBCLIBO@Stack?5around?5_alloca?5corrupted@ 0041f710     MSVCRTD:userapi.obj
 0003:00001738       ??_C@_0P@GHFPNOJB@bad?5allocation@ 0041f738     MSVCRTD:throw_bad_alloc.obj
 0003:000017a8       ??_C@_1EI@MLPKHBGE@?$AAa?$AAp?$AAi?$AA?9?$AAm?$AAs?$AA?9?$AAw?$AAi?$AAn?$AA?9?$AAc?$AAo?$AAr?$AAe@ 0041f7a8     MSVCRTD:pdblkup.obj
 0003:00001800       ??_C@_1BK@JHLNAEJL@?$AAa?$AAd?$AAv?$AAa?$AAp?$AAi?$AA3?$AA2?$AA?4?$AAd?$AAl?$AAl@ 0041f800     MSVCRTD:pdblkup.obj
 0003:00001820       ??_C@_0O@COHOBMLB@RegOpenKeyExW@ 0041f820     MSVCRTD:pdblkup.obj
 0003:00001830       ??_C@_0BB@GLNAEDBD@RegQueryValueExW@ 0041f830     MSVCRTD:pdblkup.obj
 0003:00001844       ??_C@_0M@HLOHPNFA@RegCloseKey@ 0041f844     MSVCRTD:pdblkup.obj
 0003:00001858       ??_C@_1HE@EBEAGLFB@?$AAS?$AAO?$AAF?$AAT?$AAW?$AAA?$AAR?$AAE?$AA?2?$AAW?$AAo?$AAw?$AA6?$AA4?$AA3@ 0041f858     MSVCRTD:pdblkup.obj
 0003:000018e4       ??_C@_1BG@EABPBLLF@?$AAP?$AAr?$AAo?$AAd?$AAu?$AAc?$AAt?$AAD?$AAi?$AAr@ 0041f8e4     MSVCRTD:pdblkup.obj
 0003:00001924       ??_C@_1BC@JINFINNJ@?$AAM?$AAS?$AAP?$AAD?$AAB?$AA1?$AA4?$AA0@ 0041f924     MSVCRTD:pdblkup.obj
 0003:0000193c       ??_C@_0BB@KCIACLNC@PDBOpenValidate5@ 0041f93c     MSVCRTD:pdblkup.obj
 0003:00001950       ??_C@_01KDCPPGHE@r@        0041f950     MSVCRTD:pdblkup.obj
 0003:00001990       __load_config_used         0041f990     MSVCRTD:loadcfg.obj
 0003:00001c00       ___CastGuardVftablesStart  0041fc00     MSVCRTD:guard_support.obj
 0003:00001d04       ___CastGuardVftablesEnd    0041fd04     MSVCRTD:guard_support.obj
 0003:00001e08       ??_R4exception@std@@6B@    0041fe08     main.obj
 0003:00001e20       ??_R3exception@std@@8      0041fe20     main.obj
 0003:00001e34       ??_R2exception@std@@8      0041fe34     main.obj
 0003:00001e3c       ??_R1A@?0A@EA@exception@std@@8 0041fe3c     main.obj
 0003:00001e60       ??_R4bad_alloc@std@@6B@    0041fe60     main.obj
 0003:00001e78       ??_R3bad_alloc@std@@8      0041fe78     main.obj
 0003:00001e8c       ??_R2bad_alloc@std@@8      0041fe8c     main.obj
 0003:00001e98       ??_R1A@?0A@EA@bad_alloc@std@@8 0041fe98     main.obj
 0003:00001ebc       ??_R4bad_array_new_length@std@@6B@ 0041febc     main.obj
 0003:00001ed4       ??_R3bad_array_new_length@std@@8 0041fed4     main.obj
 0003:00001ee8       ??_R2bad_array_new_length@std@@8 0041fee8     main.obj
 0003:00001ef8       ??_R1A@?0A@EA@bad_array_new_length@std@@8 0041fef8     main.obj
 0003:00001f1c       ??_R4type_info@@6B@        0041ff1c     MSVCRTD:std_type_info_static.obj
 0003:00001f34       ??_R3type_info@@8          0041ff34     MSVCRTD:std_type_info_static.obj
 0003:00001f48       ??_R2type_info@@8          0041ff48     MSVCRTD:std_type_info_static.obj
 0003:00001f50       ??_R1A@?0A@EA@type_info@@8 0041ff50     MSVCRTD:std_type_info_static.obj
 0003:00002204       ___rtc_iaa                 00420204     MSVCRTD:initsect.obj
 0003:00002420       ___rtc_izz                 00420420     MSVCRTD:initsect.obj
 0003:00002524       ___rtc_taa                 00420524     MSVCRTD:initsect.obj
 0003:00002740       ___rtc_tzz                 00420740     MSVCRTD:initsect.obj
 0003:00002a78       __TI3?AVbad_array_new_length@std@@ 00420a78     main.obj
 0003:00002a8c       __CTA3?AVbad_array_new_length@std@@ 00420a8c     main.obj
 0003:00002aa0       __CT??_R0?AVbad_array_new_length@std@@@8??0bad_array_new_length@std@@QAE@ABV01@@Z12 00420aa0     main.obj
 0003:00002ac0       __CT??_R0?AVbad_alloc@std@@@8??0bad_alloc@std@@QAE@ABV01@@Z12 00420ac0     main.obj
 0003:00002ae0       __CT??_R0?AVexception@std@@@8??0exception@std@@QAE@ABV01@@Z12 00420ae0     main.obj
 0003:00002b60       __TI2?AVbad_alloc@std@@    00420b60     MSVCRTD:throw_bad_alloc.obj
 0003:00002b74       __CTA2?AVbad_alloc@std@@   00420b74     MSVCRTD:throw_bad_alloc.obj
 0004:00000000       ?__LINE__Var@?0??_Adjust_manually_vector_aligned@std@@YAXAAPAXAAI@Z@4JA 00421000     main.obj
 0004:00000004       ___scrt_native_dllmain_reason 00421004     MSVCRTD:utility.obj
 0004:00000010       ___security_cookie_complement 00421010     MSVCRTD:gs_cookie.obj
 0004:00000014       ___security_cookie         00421014     MSVCRTD:gs_cookie.obj
 0004:0000001c       __fltused                  0042101c     MSVCRTD:fltused.obj
 0004:00000020       ___isa_enabled             00421020     MSVCRTD:cpu_disp.obj
 0004:00000024       ?_RTC_ErrorLevels@@3PAHA   00421024     MSVCRTD:error.obj
 0004:0000003c       ___scrt_default_matherr    0042103c     MSVCRTD:matherr.obj
 0004:00000040       ___scrt_ucrt_dll_is_in_use 00421040     MSVCRTD:ucrt_stubs.obj
 0004:0000014c       ??_R0?AVbad_array_new_length@std@@@8 0042114c     main.obj
 0004:0000017c       ??_R0?AVbad_alloc@std@@@8  0042117c     main.obj
 0004:000001a0       ??_R0?AVexception@std@@@8  004211a0     main.obj
 0004:000002c4       ??_R0?AVtype_info@@@8      004212c4     MSVCRTD:std_type_info_static.obj
 0004:000003e0       ___scrt_current_native_startup_state 004213e0     MSVCRTD:utility.obj
 0004:000003e4       ___scrt_native_startup_lock 004213e4     MSVCRTD:utility.obj
 0004:0000040c       ___isa_available           0042140c     MSVCRTD:cpu_disp.obj
 0004:00000410       ___favor                   00421410     MSVCRTD:cpu_disp.obj
 0004:00000418       ___scrt_debugger_hook_flag 00421418     MSVCRTD:utility_desktop.obj
 0004:0000041c       ___castguard_check_failure_os_handled_fptr 0042141c     MSVCRTD:guard_support.obj
 0004:00000420       ?_OptionsStorage@?1??__local_stdio_printf_options@@9@4_KA 00421420     MSVCRTD:error.obj
 0004:000007f8       ?__type_info_root_node@@3U__type_info_node@@A 004217f8     MSVCRTD:tncleanup.obj
 0004:00000808       ?_OptionsStorage@?1??__local_stdio_scanf_options@@9@4_KA 00421808     MSVCRTD:default_local_stdio_options.obj
 0004:0000081c       ___dyn_tls_dtor_callback   0042181c     <common>
 0004:00000828       ___dyn_tls_init_callback   00421828     <common>
 0004:00000834       ___DebuggerCurrentSteppingThreadId 00421834     <common>
 0005:00000000       __imp__GetProcAddress@8    00422000     kernel32:KERNEL32.dll
 0005:00000004       __imp__IsProcessorFeaturePresent@4 00422004     kernel32:KERNEL32.dll
 0005:00000008       __imp__IsDebuggerPresent@0 00422008     kernel32:KERNEL32.dll
 0005:0000000c       __imp__UnhandledExceptionFilter@4 0042200c     kernel32:KERNEL32.dll
 0005:00000010       __imp__SetUnhandledExceptionFilter@4 00422010     kernel32:KERNEL32.dll
 0005:00000014       __imp__GetStartupInfoW@4   00422014     kernel32:KERNEL32.dll
 0005:00000018       __imp__GetModuleHandleW@4  00422018     kernel32:KERNEL32.dll
 0005:0000001c       __imp__RaiseException@16   0042201c     kernel32:KERNEL32.dll
 0005:00000020       __imp__MultiByteToWideChar@24 00422020     kernel32:KERNEL32.dll
 0005:00000024       __imp__WideCharToMultiByte@32 00422024     kernel32:KERNEL32.dll
 0005:00000028       __imp__GetCurrentProcess@0 00422028     kernel32:KERNEL32.dll
 0005:0000002c       __imp__TerminateProcess@8  0042202c     kernel32:KERNEL32.dll
 0005:00000030       __imp__QueryPerformanceCounter@4 00422030     kernel32:KERNEL32.dll
 0005:00000034       __imp__GetCurrentProcessId@0 00422034     kernel32:KERNEL32.dll
 0005:00000038       __imp__GetSystemTimeAsFileTime@4 00422038     kernel32:KERNEL32.dll
 0005:0000003c       __imp__InitializeSListHead@4 0042203c     kernel32:KERNEL32.dll
 0005:00000040       __imp__GetLastError@0      00422040     kernel32:KERNEL32.dll
 0005:00000044       __imp__HeapAlloc@12        00422044     kernel32:KERNEL32.dll
 0005:00000048       __imp__HeapFree@12         00422048     kernel32:KERNEL32.dll
 0005:0000004c       __imp__GetProcessHeap@0    0042204c     kernel32:KERNEL32.dll
 0005:00000050       __imp__VirtualQuery@12     00422050     kernel32:KERNEL32.dll
 0005:00000054       __imp__FreeLibrary@4       00422054     kernel32:KERNEL32.dll
 0005:00000058       __imp__GetCurrentThreadId@0 00422058     kernel32:KERNEL32.dll
 0005:0000005c       \177KERNEL32_NULL_THUNK_DATA 0042205c     kernel32:KERNEL32.dll
 0005:00000098       __imp_?cin@std@@3V?$basic_istream@DU?$char_traits@D@std@@@1@A 00422098     msvcprtd:MSVCP140D.dll
 0005:0000009c       __imp_??5?$basic_istream@DU?$char_traits@D@std@@@std@@QAEAAV01@AAH@Z 0042209c     msvcprtd:MSVCP140D.dll
 0005:000000a0       __imp_?_Xlength_error@std@@YAXPBD@Z 004220a0     msvcprtd:MSVCP140D.dll
 0005:000000a4       __imp_??1_Lockit@std@@QAE@XZ 004220a4     msvcprtd:MSVCP140D.dll
 0005:000000a8       __imp_??0_Lockit@std@@QAE@H@Z 004220a8     msvcprtd:MSVCP140D.dll
 0005:000000ac       __imp_?cout@std@@3V?$basic_ostream@DU?$char_traits@D@std@@@1@A 004220ac     msvcprtd:MSVCP140D.dll
 0005:000000b0       __imp_?flush@?$basic_ostream@DU?$char_traits@D@std@@@std@@QAEAAV12@XZ 004220b0     msvcprtd:MSVCP140D.dll
 0005:000000b4       __imp_?put@?$basic_ostream@DU?$char_traits@D@std@@@std@@QAEAAV12@D@Z 004220b4     msvcprtd:MSVCP140D.dll
 0005:000000b8       __imp_??6?$basic_ostream@DU?$char_traits@D@std@@@std@@QAEAAV01@P6AAAV01@AAV01@@Z@Z 004220b8     msvcprtd:MSVCP140D.dll
 0005:000000bc       __imp_?_Osfx@?$basic_ostream@DU?$char_traits@D@std@@@std@@QAEXXZ 004220bc     msvcprtd:MSVCP140D.dll
 0005:000000c0       __imp_?widen@?$basic_ios@DU?$char_traits@D@std@@@std@@QBEDD@Z 004220c0     msvcprtd:MSVCP140D.dll
 0005:000000c4       __imp_?fill@?$basic_ios@DU?$char_traits@D@std@@@std@@QBEDXZ 004220c4     msvcprtd:MSVCP140D.dll
 0005:000000c8       __imp_?rdbuf@?$basic_ios@DU?$char_traits@D@std@@@std@@QBEPAV?$basic_streambuf@DU?$char_traits@D@std@@@2@XZ 004220c8     msvcprtd:MSVCP140D.dll
 0005:000000cc       __imp_?tie@?$basic_ios@DU?$char_traits@D@std@@@std@@QBEPAV?$basic_ostream@DU?$char_traits@D@std@@@2@XZ 004220cc     msvcprtd:MSVCP140D.dll
 0005:000000d0       __imp_?setstate@?$basic_ios@DU?$char_traits@D@std@@@std@@QAEXH_N@Z 004220d0     msvcprtd:MSVCP140D.dll
 0005:000000d4       __imp_?sputn@?$basic_streambuf@DU?$char_traits@D@std@@@std@@QAE_JPBD_J@Z 004220d4     msvcprtd:MSVCP140D.dll
 0005:000000d8       __imp_?sputc@?$basic_streambuf@DU?$char_traits@D@std@@@std@@QAEHD@Z 004220d8     msvcprtd:MSVCP140D.dll
 0005:000000dc       __imp_?width@ios_base@std@@QAE_J_J@Z 004220dc     msvcprtd:MSVCP140D.dll
 0005:000000e0       __imp_?width@ios_base@std@@QBE_JXZ 004220e0     msvcprtd:MSVCP140D.dll
 0005:000000e4       __imp_?flags@ios_base@std@@QBEHXZ 004220e4     msvcprtd:MSVCP140D.dll
 0005:000000e8       __imp_?good@ios_base@std@@QBE_NXZ 004220e8     msvcprtd:MSVCP140D.dll
 0005:000000ec       __imp_??6?$basic_ostream@DU?$char_traits@D@std@@@std@@QAEAAV01@H@Z 004220ec     msvcprtd:MSVCP140D.dll
 0005:000000f0       __imp_?uncaught_exception@std@@YA_NXZ 004220f0     msvcprtd:MSVCP140D.dll
 0005:000000f4       \177MSVCP140D_NULL_THUNK_DATA 004220f4     msvcprtd:MSVCP140D.dll
 0005:00000130       __imp__memcpy              00422130     vcruntimed:VCRUNTIME140D.dll
 0005:00000134       __imp__memmove             00422134     vcruntimed:VCRUNTIME140D.dll
 0005:00000138       __imp____std_exception_copy 00422138     vcruntimed:VCRUNTIME140D.dll
 0005:0000013c       __imp____std_exception_destroy 0042213c     vcruntimed:VCRUNTIME140D.dll
 0005:00000140       __imp___CxxThrowException@8 00422140     vcruntimed:VCRUNTIME140D.dll
 0005:00000144       __imp____current_exception 00422144     vcruntimed:VCRUNTIME140D.dll
 0005:00000148       __imp____current_exception_context 00422148     vcruntimed:VCRUNTIME140D.dll
 0005:0000014c       __imp___except_handler4_common 0042214c     vcruntimed:VCRUNTIME140D.dll
 0005:00000150       __imp____std_type_info_destroy_list 00422150     vcruntimed:VCRUNTIME140D.dll
 0005:00000154       __imp____vcrt_GetModuleFileNameW 00422154     vcruntimed:VCRUNTIME140D.dll
 0005:00000158       __imp____vcrt_GetModuleHandleW 00422158     vcruntimed:VCRUNTIME140D.dll
 0005:0000015c       __imp____vcrt_LoadLibraryExW 0042215c     vcruntimed:VCRUNTIME140D.dll
 0005:00000160       __imp____CxxFrameHandler3  00422160     vcruntimed:VCRUNTIME140D.dll
 0005:00000164       __imp__memset              00422164     vcruntimed:VCRUNTIME140D.dll
 0005:00000168       \177VCRUNTIME140D_NULL_THUNK_DATA 00422168     vcruntimed:VCRUNTIME140D.dll
 0005:0000019c       __imp____p___argc          0042219c     ucrtd:ucrtbased.dll
 0005:000001a0       __imp____p___argv          004221a0     ucrtd:ucrtbased.dll
 0005:000001a4       __imp___c_exit             004221a4     ucrtd:ucrtbased.dll
 0005:000001a8       __imp___register_thread_local_exe_atexit_callback 004221a8     ucrtd:ucrtbased.dll
 0005:000001ac       __imp___configthreadlocale 004221ac     ucrtd:ucrtbased.dll
 0005:000001b0       __imp___set_new_mode       004221b0     ucrtd:ucrtbased.dll
 0005:000001b4       __imp____p__commode        004221b4     ucrtd:ucrtbased.dll
 0005:000001b8       __imp__terminate           004221b8     ucrtd:ucrtbased.dll
 0005:000001bc       __imp__strcpy_s            004221bc     ucrtd:ucrtbased.dll
 0005:000001c0       __imp__strcat_s            004221c0     ucrtd:ucrtbased.dll
 0005:000001c4       __imp____stdio_common_vsprintf_s 004221c4     ucrtd:ucrtbased.dll
 0005:000001c8       __imp___exit               004221c8     ucrtd:ucrtbased.dll
 0005:000001cc       __imp___controlfp_s        004221cc     ucrtd:ucrtbased.dll
 0005:000001d0       __imp___wmakepath_s        004221d0     ucrtd:ucrtbased.dll
 0005:000001d4       __imp___wsplitpath_s       004221d4     ucrtd:ucrtbased.dll
 0005:000001d8       __imp__wcscpy_s            004221d8     ucrtd:ucrtbased.dll
 0005:000001dc       __imp__exit                004221dc     ucrtd:ucrtbased.dll
 0005:000001e0       __imp___initialize_onexit_table 004221e0     ucrtd:ucrtbased.dll
 0005:000001e4       __imp___initialize_narrow_environment 004221e4     ucrtd:ucrtbased.dll
 0005:000001e8       __imp___configure_narrow_argv 004221e8     ucrtd:ucrtbased.dll
 0005:000001ec       __imp___seh_filter_dll     004221ec     ucrtd:ucrtbased.dll
 0005:000001f0       __imp___CrtDbgReport       004221f0     ucrtd:ucrtbased.dll
 0005:000001f4       __imp___invalid_parameter  004221f4     ucrtd:ucrtbased.dll
 0005:000001f8       __imp__strlen              004221f8     ucrtd:ucrtbased.dll
 0005:000001fc       __imp___set_fmode          004221fc     ucrtd:ucrtbased.dll
 0005:00000200       __imp___initterm_e         00422200     ucrtd:ucrtbased.dll
 0005:00000204       __imp___initterm           00422204     ucrtd:ucrtbased.dll
 0005:00000208       __imp___get_initial_narrow_environment 00422208     ucrtd:ucrtbased.dll
 0005:0000020c       __imp____setusermatherr    0042220c     ucrtd:ucrtbased.dll
 0005:00000210       __imp___set_app_type       00422210     ucrtd:ucrtbased.dll
 0005:00000214       __imp___seh_filter_exe     00422214     ucrtd:ucrtbased.dll
 0005:00000218       __imp__malloc              00422218     ucrtd:ucrtbased.dll
 0005:0000021c       __imp___register_onexit_function 0042221c     ucrtd:ucrtbased.dll
 0005:00000220       __imp___CrtDbgReportW      00422220     ucrtd:ucrtbased.dll
 0005:00000224       __imp___cexit              00422224     ucrtd:ucrtbased.dll
 0005:00000228       __imp___crt_at_quick_exit  00422228     ucrtd:ucrtbased.dll
 0005:0000022c       __imp___crt_atexit         0042222c     ucrtd:ucrtbased.dll
 0005:00000230       __imp___free_dbg           00422230     ucrtd:ucrtbased.dll
 0005:00000234       __imp___execute_onexit_table 00422234     ucrtd:ucrtbased.dll
 0005:00000238       __imp___callnewh           00422238     ucrtd:ucrtbased.dll
 0005:0000023c       \177ucrtbased_NULL_THUNK_DATA 0042223c     ucrtd:ucrtbased.dll
 0005:00000288       __IMPORT_DESCRIPTOR_MSVCP140D 00422288     msvcprtd:MSVCP140D.dll
 0005:0000029c       __IMPORT_DESCRIPTOR_VCRUNTIME140D 0042229c     vcruntimed:VCRUNTIME140D.dll
 0005:000002b0       __IMPORT_DESCRIPTOR_ucrtbased 004222b0     ucrtd:ucrtbased.dll
 0005:000002c4       __IMPORT_DESCRIPTOR_KERNEL32 004222c4     kernel32:KERNEL32.dll
 0005:000002d8       __NULL_IMPORT_DESCRIPTOR   004222d8     msvcprtd:MSVCP140D.dll
 0007:00000000       ___guard_check_icall_fptr  00425000     MSVCRTD:guard_support.obj
 0007:00000004       ___guard_xfg_check_icall_fptr 00425004     MSVCRTD:guard_support.obj

 entry point at        0002:00000037

 Static symbols

 0003:fffe2000       __catchsym$??$?6U?$char_traits@D@std@@@std@@YAAAV?$basic_ostream@DU?$char_traits@D@std@@@0@AAV10@PBD@Z$3 00400000     math.obj
 0003:fffe2000       __ehfuncinfo$??1_Sentry_base@?$basic_ostream@DU?$char_traits@D@std@@@std@@QAE@XZ 00400000     math.obj
 0003:fffe2000       __ehfuncinfo$??1sentry@?$basic_ostream@DU?$char_traits@D@std@@@std@@QAE@XZ 00400000     math.obj
 0002:fffef000       __ehhandler$??1_Sentry_base@?$basic_ostream@DU?$char_traits@D@std@@@std@@QAE@XZ 00400000 f   math.obj
 0002:fffef000       __ehhandler$??1sentry@?$basic_ostream@DU?$char_traits@D@std@@@std@@QAE@XZ 00400000 f   math.obj
 0002:fffef000       __unwindfunclet$??$?6U?$char_traits@D@std@@@std@@YAAAV?$basic_ostream@DU?$char_traits@D@std@@@0@AAV10@PBD@Z$2 00400000 f   math.obj
 0002:fffef000       __unwindfunclet$??0sentry@?$basic_ostream@DU?$char_traits@D@std@@@std@@QAE@AAV12@@Z$0 00400000 f   math.obj
 0003:fffe2000       __unwindtable$??0sentry@?$basic_ostream@DU?$char_traits@D@std@@@std@@QAE@AAV12@@Z 00400000     math.obj
 0000:fffdc000       __guard_fids___except_handler4 00400000     MSVCRTD:chandler4gs.obj
 0000:fffdc000       __guard_fids_?pre_c_initialization@@YAHXZ 00400000     MSVCRTD:exe_main.obj
 0000:fffdc000       __guard_fids__             00400000     MSVCRTD:exe_main.obj
 0000:fffdc000       __guard_fids__             00400000     MSVCRTD:guard_support.obj
 0000:fffdc000       __guard_fids__             00400000     MSVCRTD:guard_support.obj
 0000:fffdc000       __guard_fids___guard_icall_checks_enforced 00400000     MSVCRTD:guard_support.obj
 0000:fffdc000       __guard_fids___CRT_RTC_INIT 00400000     MSVCRTD:init.obj
 0000:fffdc000       __guard_fids___CRT_RTC_INITW 00400000     MSVCRTD:init.obj
 0000:fffdc000       __guard_fids__             00400000     MSVCRTD:std_type_info_static.obj
 0000:fffdc000       __guard_fids__             00400000     MSVCRTD:throw_bad_alloc.obj
 0000:fffdc000       __guard_fids__             00400000     MSVCRTD:throw_bad_alloc.obj
 0000:fffdc000       __guard_fids__             00400000     MSVCRTD:throw_bad_alloc.obj
 0000:fffdc000       __guard_fids__             00400000     MSVCRTD:throw_bad_alloc.obj
 0000:fffdc000       __guard_fids__             00400000     MSVCRTD:throw_bad_alloc.obj
 0000:fffdc000       __guard_fids__             00400000     MSVCRTD:throw_bad_alloc.obj
 0000:fffdc000       __guard_fids__             00400000     MSVCRTD:throw_bad_alloc.obj
 0000:fffdc000       __guard_fids__             00400000     MSVCRTD:throw_bad_alloc.obj
 0000:fffdc000       __guard_fids____scrt_set_unhandled_exception_filter 00400000     MSVCRTD:utility_desktop.obj
 0000:fffd8000       .debug$S                   00400000     msvcprtd:MSVCP140D.dll
 0000:fffd8000       .debug$S                   00400000     msvcprtd:MSVCP140D.dll
 0000:fffd8000       .debug$S                   00400000     msvcprtd:MSVCP140D.dll
 0000:fffd8000       .debug$S                   00400000     msvcprtd:MSVCP140D.dll
 0000:fffd8000       .debug$S                   00400000     msvcprtd:MSVCP140D.dll
 0000:fffd8000       .debug$S                   00400000     msvcprtd:MSVCP140D.dll
 0000:fffd8000       .debug$S                   00400000     msvcprtd:MSVCP140D.dll
 0000:fffd8000       .debug$S                   00400000     msvcprtd:MSVCP140D.dll
 0000:fffd8000       .debug$S                   00400000     msvcprtd:MSVCP140D.dll
 0000:fffd8000       .debug$S                   00400000     msvcprtd:MSVCP140D.dll
 0000:fffd8000       .debug$S                   00400000     msvcprtd:MSVCP140D.dll
 0000:fffd8000       .debug$S                   00400000     msvcprtd:MSVCP140D.dll
 0000:fffd8000       .debug$S                   00400000     msvcprtd:MSVCP140D.dll
 0000:fffd8000       .debug$S                   00400000     msvcprtd:MSVCP140D.dll
 0000:fffd8000       .debug$S                   00400000     msvcprtd:MSVCP140D.dll
 0000:fffd8000       .debug$S                   00400000     msvcprtd:MSVCP140D.dll
 0000:fffd8000       .debug$S                   00400000     msvcprtd:MSVCP140D.dll
 0000:fffd8000       .debug$S                   00400000     msvcprtd:MSVCP140D.dll
 0000:fffd8000       .debug$S                   00400000     msvcprtd:MSVCP140D.dll
 0000:fffd8000       .debug$S                   00400000     msvcprtd:MSVCP140D.dll
 0000:fffd8000       .debug$S                   00400000     msvcprtd:MSVCP140D.dll
 0000:fffd8000       .debug$S                   00400000     msvcprtd:MSVCP140D.dll
 0000:fffd8000       .debug$S                   00400000     msvcprtd:MSVCP140D.dll
 0000:fffd8000       .debug$S                   00400000     vcruntimed:VCRUNTIME140D.dll
 0000:fffd8000       .debug$S                   00400000     vcruntimed:VCRUNTIME140D.dll
 0000:fffd8000       .debug$S                   00400000     vcruntimed:VCRUNTIME140D.dll
 0000:fffd8000       .debug$S                   00400000     vcruntimed:VCRUNTIME140D.dll
 0000:fffd8000       .debug$S                   00400000     vcruntimed:VCRUNTIME140D.dll
 0000:fffd8000       .debug$S                   00400000     vcruntimed:VCRUNTIME140D.dll
 0000:fffd8000       .debug$S                   00400000     vcruntimed:VCRUNTIME140D.dll
 0000:fffd8000       .debug$S                   00400000     vcruntimed:VCRUNTIME140D.dll
 0000:fffd8000       .debug$S                   00400000     vcruntimed:VCRUNTIME140D.dll
 0000:fffd8000       .debug$S                   00400000     vcruntimed:VCRUNTIME140D.dll
 0000:fffd8000       .debug$S                   00400000     vcruntimed:VCRUNTIME140D.dll
 0000:fffd8000       .debug$S                   00400000     vcruntimed:VCRUNTIME140D.dll
 0000:fffd8000       .debug$S                   00400000     vcruntimed:VCRUNTIME140D.dll
 0000:fffd8000       .debug$S                   00400000     vcruntimed:VCRUNTIME140D.dll
 0000:fffd8000       .debug$S                   00400000     ucrtd:ucrtbased.dll
 0000:fffd8000       .debug$S                   00400000     ucrtd:ucrtbased.dll
 0000:fffd8000       .debug$S                   00400000     ucrtd:ucrtbased.dll
 0000:fffd8000       .debug$S                   00400000     ucrtd:ucrtbased.dll
 0000:fffd8000       .debug$S                   00400000     ucrtd:ucrtbased.dll
 0000:fffd8000       .debug$S                   00400000     ucrtd:ucrtbased.dll
 0000:fffd8000       .debug$S                   00400000     ucrtd:ucrtbased.dll
 0000:fffd8000       .debug$S                   00400000     ucrtd:ucrtbased.dll
 0000:fffd8000       .debug$S                   00400000     ucrtd:ucrtbased.dll
 0000:fffd8000       .debug$S                   00400000     ucrtd:ucrtbased.dll
 0000:fffd8000       .debug$S                   00400000     ucrtd:ucrtbased.dll
 0000:fffd8000       .debug$S                   00400000     ucrtd:ucrtbased.dll
 0000:fffd8000       .debug$S                   00400000     ucrtd:ucrtbased.dll
 0000:fffd8000       .debug$S                   00400000     ucrtd:ucrtbased.dll
 0000:fffd8000       .debug$S                   00400000     ucrtd:ucrtbased.dll
 0000:fffd8000       .debug$S                   00400000     ucrtd:ucrtbased.dll
 0000:fffd8000       .debug$S                   00400000     ucrtd:ucrtbased.dll
 0000:fffd8000       .debug$S                   00400000     ucrtd:ucrtbased.dll
 0000:fffd8000       .debug$S                   00400000     ucrtd:ucrtbased.dll
 0000:fffd8000       .debug$S                   00400000     ucrtd:ucrtbased.dll
 0000:fffd8000       .debug$S                   00400000     ucrtd:ucrtbased.dll
 0000:fffd8000       .debug$S                   00400000     ucrtd:ucrtbased.dll
 0000:fffd8000       .debug$S                   00400000     ucrtd:ucrtbased.dll
 0000:fffd8000       .debug$S                   00400000     ucrtd:ucrtbased.dll
 0000:fffd8000       .debug$S                   00400000     ucrtd:ucrtbased.dll
 0000:fffd8000       .debug$S                   00400000     ucrtd:ucrtbased.dll
 0000:fffd8000       .debug$S                   00400000     ucrtd:ucrtbased.dll
 0000:fffd8000       .debug$S                   00400000     ucrtd:ucrtbased.dll
 0000:fffd8000       .debug$S                   00400000     ucrtd:ucrtbased.dll
 0000:fffd8000       .debug$S                   00400000     ucrtd:ucrtbased.dll
 0000:fffd8000       .debug$S                   00400000     ucrtd:ucrtbased.dll
 0000:fffd8000       .debug$S                   00400000     ucrtd:ucrtbased.dll
 0000:fffd8000       .debug$S                   00400000     ucrtd:ucrtbased.dll
 0000:fffd8000       .debug$S                   00400000     ucrtd:ucrtbased.dll
 0000:fffd8000       .debug$S                   00400000     ucrtd:ucrtbased.dll
 0000:fffd8000       .debug$S                   00400000     ucrtd:ucrtbased.dll
 0000:fffd8000       .debug$S                   00400000     ucrtd:ucrtbased.dll
 0000:fffd8000       .debug$S                   00400000     ucrtd:ucrtbased.dll
 0000:fffd8000       .debug$S                   00400000     ucrtd:ucrtbased.dll
 0000:fffd8000       .debug$S                   00400000     ucrtd:ucrtbased.dll
 0000:fffd8000       .debug$S                   00400000     kernel32:KERNEL32.dll
 0000:fffd8000       .debug$S                   00400000     kernel32:KERNEL32.dll
 0000:fffd8000       .debug$S                   00400000     kernel32:KERNEL32.dll
 0000:fffd8000       .debug$S                   00400000     kernel32:KERNEL32.dll
 0000:fffd8000       .debug$S                   00400000     kernel32:KERNEL32.dll
 0000:fffd8000       .debug$S                   00400000     kernel32:KERNEL32.dll
 0000:fffd8000       .debug$S                   00400000     kernel32:KERNEL32.dll
 0000:fffd8000       .debug$S                   00400000     kernel32:KERNEL32.dll
 0000:fffd8000       .debug$S                   00400000     kernel32:KERNEL32.dll
 0000:fffd8000       .debug$S                   00400000     kernel32:KERNEL32.dll
 0000:fffd8000       .debug$S                   00400000     kernel32:KERNEL32.dll
 0000:fffd8000       .debug$S                   00400000     kernel32:KERNEL32.dll
 0000:fffd8000       .debug$S                   00400000     kernel32:KERNEL32.dll
 0000:fffd8000       .debug$S                   00400000     kernel32:KERNEL32.dll
 0000:fffd8000       .debug$S                   00400000     kernel32:KERNEL32.dll
 0000:fffd8000       .debug$S                   00400000     kernel32:KERNEL32.dll
 0000:fffd8000       .debug$S                   00400000     kernel32:KERNEL32.dll
 0000:fffd8000       .debug$S                   00400000     kernel32:KERNEL32.dll
 0000:fffd8000       .debug$S                   00400000     kernel32:KERNEL32.dll
 0000:fffd8000       .debug$S                   00400000     kernel32:KERNEL32.dll
 0000:fffd8000       .debug$S                   00400000     kernel32:KERNEL32.dll
 0000:fffd8000       .debug$S                   00400000     kernel32:KERNEL32.dll
 0000:fffd8000       .debug$S                   00400000     kernel32:KERNEL32.dll
 0000:fffdc004       __guard_fids__             00400004     MSVCRTD:exe_main.obj
 0003:fffe2008       __ehfuncinfo$??0sentry@?$basic_ostream@DU?$char_traits@D@std@@@std@@QAE@AAV12@@Z 00400008     math.obj
 0000:fffdc008       __guard_fids__             00400008     MSVCRTD:exe_main.obj
 0002:fffef00d       __ehhandler$??$?6U?$char_traits@D@std@@@std@@YAAAV?$basic_ostream@DU?$char_traits@D@std@@@0@AAV10@PBD@Z 0040000d f   math.obj
 0002:fffef00d       __ehhandler$??0sentry@?$basic_ostream@DU?$char_traits@D@std@@@std@@QAE@AAV12@@Z 0040000d f   math.obj
 0003:fffe2010       __tryblocktable$??$?6U?$char_traits@D@std@@@std@@YAAAV?$basic_ostream@DU?$char_traits@D@std@@@0@AAV10@PBD@Z 00400010     math.obj
 0003:fffe2024       __unwindtable$??$?6U?$char_traits@D@std@@@std@@YAAAV?$basic_ostream@DU?$char_traits@D@std@@@0@AAV10@PBD@Z 00400024     math.obj
 0003:fffe203c       __ehfuncinfo$??$?6U?$char_traits@D@std@@@std@@YAAAV?$basic_ostream@DU?$char_traits@D@std@@@0@AAV10@PBD@Z 0040003c     math.obj
 0002:fffef3e4       __catch$??$?6U?$char_traits@D@std@@@std@@YAAAV?$basic_ostream@DU?$char_traits@D@std@@@0@AAV10@PBD@Z$0 004003e4 f   math.obj
 0002:fffef494       $LN32                      00400494     math.obj
 0002:fffef49c       $LN31                      0040049c     math.obj
 0002:fffef4a8       $LN29                      004004a8     math.obj
 0002:000011b4       __catch$??$?6U?$char_traits@D@std@@@std@@YAAAV?$basic_ostream@DU?$char_traits@D@std@@@0@AAV10@PBD@Z$0 004121b4 f i Functions.obj
 0002:00001264       $LN32                      00412264     Functions.obj
 0002:0000126c       $LN31                      0041226c     Functions.obj
 0002:00001278       $LN29                      00412278     Functions.obj
 0002:00001e10       $LN6                       00412e10     Functions.obj
 0002:00001e18       $LN5                       00412e18     Functions.obj
 0002:00001e30       $LN4                       00412e30     Functions.obj
 0002:00001e32       $LN3                       00412e32     Functions.obj
 0002:000023bc       $LN9                       004133bc     CopyConstructors.obj
 0002:000023c4       $LN8                       004133c4     CopyConstructors.obj
 0002:000023dc       $LN6                       004133dc     CopyConstructors.obj
 0002:000023de       $LN5                       004133de     CopyConstructors.obj
 0002:00002998       $LN6                       00413998     CustomInteger.obj
 0002:000029a0       $LN5                       004139a0     CustomInteger.obj
 0002:000029ac       $LN4                       004139ac     CustomInteger.obj
 0002:0000328c       $LN8                       0041428c     main.obj
 0002:00003294       $LN7                       00414294     main.obj
 0002:000032a0       $LN6                       004142a0     main.obj
 0002:000039a0       $LN9                       004149a0     main.obj
 0002:000039a8       $LN8                       004149a8     main.obj
 0002:000039c0       $LN6                       004149c0     main.obj
 0002:000039c7       $LN5                       004149c7     main.obj
 0002:00004010       $LN5                       00415010     main.obj
 0002:00004018       $LN4                       00415018     main.obj
 0002:00004024       $LN3                       00415024     main.obj
 0002:00004770       $LN7                       00415770     main.obj
 0002:00004778       $LN6                       00415778     main.obj
 0002:00004784       $LN5                       00415784     main.obj
 0002:00004b20       $LN9                       00415b20     main.obj
 0002:00004b28       $LN8                       00415b28     main.obj
 0002:00004b34       $LN7                       00415b34     main.obj
 0002:0000540c       $LN5                       0041640c     main.obj
 0002:00005414       $LN4                       00416414     main.obj
 0002:00005420       $LN3                       00416420     main.obj
 0002:000057fc       $LN19                      004167fc     main.obj
 0002:00005804       $LN18                      00416804     main.obj
 0002:00005858       $LN16                      00416858     main.obj
 0002:0000585c       $LN15                      0041685c     main.obj
 0002:0000585f       $LN14                      0041685f     main.obj
 0002:00005862       $LN13                      00416862     main.obj
 0002:00005865       $LN12                      00416865     main.obj
 0002:00005868       $LN11                      00416868     main.obj
 0002:0000586a       $LN10                      0041686a     main.obj
 0002:00005ac0       ?find_pe_section@@YAPAU_IMAGE_SECTION_HEADER@@QAEI@Z 00416ac0 f   MSVCRTD:utility.obj
 0002:00005b80       ?is_potentially_valid_image_base@@YA_NQAX@Z 00416b80 f   MSVCRTD:utility.obj
 0002:00006580       $$000000                   00417580     MSVCRTD:ftol2.obj
 0002:00006590       $$000000                   00417590     MSVCRTD:ftol2.obj
 0002:000065a0       $$000000                   004175a0     MSVCRTD:ftol2.obj
 0002:000065b1       L3B                        004175b1     MSVCRTD:ftol2.obj
 0002:000065f4       L3F                        004175f4     MSVCRTD:ftol2.obj
 0002:000065fc       L40                        004175fc     MSVCRTD:ftol2.obj
 0002:0000660f       L41                        0041760f     MSVCRTD:ftol2.obj
 0002:00006640       $$000000                   00417640     MSVCRTD:ftol2.obj
 0002:0000665b       L8F                        0041765b     MSVCRTD:ftol2.obj
 0002:0000666c       L90                        0041766c     MSVCRTD:ftol2.obj
 0002:0000667b       L91                        0041767b     MSVCRTD:ftol2.obj
 0002:00006681       L92                        00417681     MSVCRTD:ftol2.obj
 0002:00006687       L93                        00417687     MSVCRTD:ftol2.obj
 0002:000066c6       L96                        004176c6     MSVCRTD:ftol2.obj
 0002:000066cd       L97                        004176cd     MSVCRTD:ftol2.obj
 0002:000066d5       L99                        004176d5     MSVCRTD:ftol2.obj
 0002:00006710       $$000000                   00417710     MSVCRTD:ftol2.obj
 0002:0000672e       L51                        0041772e     MSVCRTD:ftol2.obj
 0002:00006773       L52                        00417773     MSVCRTD:ftol2.obj
 0002:00006787       L53                        00417787     MSVCRTD:ftol2.obj
 0002:00006789       L55                        00417789     MSVCRTD:ftol2.obj
 0002:00006793       L56                        00417793     MSVCRTD:ftol2.obj
 0002:000067ac       L57                        004177ac     MSVCRTD:ftol2.obj
 0002:000067f0       $$000000                   004177f0     MSVCRTD:ftol2.obj
 0002:0000680b       LA5                        0041780b     MSVCRTD:ftol2.obj
 0002:00006820       LA6                        00417820     MSVCRTD:ftol2.obj
 0002:0000682f       LA7                        0041782f     MSVCRTD:ftol2.obj
 0002:0000683c       LA9                        0041783c     MSVCRTD:ftol2.obj
 0002:00006883       LAA                        00417883     MSVCRTD:ftol2.obj
 0002:0000688a       LAC                        0041788a     MSVCRTD:ftol2.obj
 0002:00006891       LAD                        00417891     MSVCRTD:ftol2.obj
 0002:0000689b       LAF                        0041789b     MSVCRTD:ftol2.obj
 0002:000069e0       ?pre_c_initialization@@YAHXZ 004179e0 f   MSVCRTD:exe_main.obj
 0002:00006ac0       ?post_pgo_initialization@@YAHXZ 00417ac0 f   MSVCRTD:exe_main.obj
 0002:00006ad0       ?pre_cpp_initialization@@YAXXZ 00417ad0 f   MSVCRTD:exe_main.obj
 0002:00006af0       ?__scrt_common_main@@YAHXZ 00417af0 f   MSVCRTD:exe_main.obj
 0002:00006b10       ?__scrt_common_main_seh@@YAHXZ 00417b10 f   MSVCRTD:exe_main.obj
 0002:00006db0       ?invoke_main@@YAHXZ        00417db0 f   MSVCRTD:exe_main.obj
 0002:000077a0       ___castguard_compat_check  004187a0 f   MSVCRTD:guard_support.obj
 0002:00007900       ___castguard_slow_path_compat_check 00418900 f   MSVCRTD:guard_support.obj
 0002:00007990       ?DebuggerProbe@@YA_NK@Z    00418990 f   MSVCRTD:error.obj
 0002:000079e0       ?DebuggerRuntime@@YA_NKHPAXPB_W@Z 004189e0 f   MSVCRTD:error.obj
 0002:00007cb0       ?_getMemBlockDataString@@YAXPAD0PBDI@Z 00418cb0 f   MSVCRTD:error.obj
 0002:00007d40       ?_strlen_priv@@YAIPBD@Z    00418d40 f   MSVCRTD:error.obj
 0002:00007d60       ?failwithmessage@@YAXPAXHHPBD@Z 00418d60 f   MSVCRTD:error.obj
 0002:00007fe0       ?notify_debugger@@YAXABUtagEXCEPTION_VISUALCPP_DEBUG_INFO@@@Z 00418fe0 f   MSVCRTD:error.obj
[...]
 0002:000099a8       $LN8                       0041a9a8     CustomInteger.obj
 0002:000099b4       $LN6                       0041a9b4     CustomInteger.obj
 0002:0000af40       __unwindfunclet$??$?6U?$char_traits@D@std@@@std@@YAAAV?$basic_ostream@DU?$char_traits@D@std@@@0@AAV10@PBD@Z$2 0041bf40 f   Functions.obj
 0002:0000af4d       __ehhandler$??$?6U?$char_traits@D@std@@@std@@YAAAV?$basic_ostream@DU?$char_traits@D@std@@@0@AAV10@PBD@Z 0041bf4d f   Functions.obj
 0002:0000af90       __unwindfunclet$??0sentry@?$basic_ostream@DU?$char_traits@D@std@@@std@@QAE@AAV12@@Z$0 0041bf90 f   Functions.obj
 0002:0000af9d       __ehhandler$??0sentry@?$basic_ostream@DU?$char_traits@D@std@@@std@@QAE@AAV12@@Z 0041bf9d f   Functions.obj
 0002:0000afd0       __ehhandler$??1_Sentry_base@?$basic_ostream@DU?$char_traits@D@std@@@std@@QAE@XZ 0041bfd0 f   Functions.obj
 0002:0000b000       __ehhandler$??1sentry@?$basic_ostream@DU?$char_traits@D@std@@@std@@QAE@XZ 0041c000 f   Functions.obj
 0002:0000b030       __unwindfunclet$?VoidWhichCreatesACopy3@@YAXXZ$0 0041c030 f   CopyConstructors.obj
 0002:0000b03d       __ehhandler$?VoidWhichCreatesACopy3@@YAXXZ 0041c03d f   CopyConstructors.obj
 0002:0000b080       __unwindfunclet$??HCustomInteger@@QBE?AV0@ABV0@@Z$0 0041c080 f   CustomInteger.obj
 0002:0000b08d       __ehhandler$??HCustomInteger@@QBE?AV0@ABV0@@Z 0041c08d f   CustomInteger.obj
 0002:0000b0d0       __ehhandler$??$_Deallocate@$07$0A@@std@@YAXPAXI@Z 0041c0d0 f   main.obj
 0002:0000b100       __ehhandler$??$_Deallocate_plain@V?$allocator@U_Container_proxy@std@@@std@@@std@@YAXAAV?$allocator@U_Container_proxy@std@@@0@QAU_Container_proxy@0@@Z 0041c100 f   main.obj
 0002:0000b130       __unwindfunclet$??0?$basic_string@DU?$char_traits@D@std@@V?$allocator@D@2@@std@@QAE@QBD@Z$0 0041c130 f   main.obj
 0002:0000b138       __unwindfunclet$??0?$basic_string@DU?$char_traits@D@std@@V?$allocator@D@2@@std@@QAE@QBD@Z$1 0041c138 f   main.obj
 0002:0000b145       __ehhandler$??0?$basic_string@DU?$char_traits@D@std@@V?$allocator@D@2@@std@@QAE@QBD@Z 0041c145 f   main.obj
 0002:0000b180       __ehhandler$?_Tidy_deallocate@?$basic_string@DU?$char_traits@D@std@@V?$allocator@D@2@@std@@AAEXXZ 0041c180 f   main.obj
 0002:0000b1b0       __unwindfunclet$_main$0    0041c1b0 f   main.obj
 0002:0000b1bd       __ehhandler$_main          0041c1bd f   main.obj
 0003:00000104       ?pre_cpp_initializer@@3P6AXXZA 0041e104     MSVCRTD:exe_main.obj
 0003:00000410       ?pre_c_initializer@@3P6AHXZA 0041e410     MSVCRTD:exe_main.obj
 0003:00000514       ?post_pgo_initializer@@3P6AHXZA 0041e514     MSVCRTD:exe_main.obj
 0003:00000f70       two32                      0041ef70     MSVCRTD:ftol2.obj
 0003:00000f74       two63                      0041ef74     MSVCRTD:ftol2.obj
 0003:00000f78       _NaN                       0041ef78     MSVCRTD:ftol2.obj
 0003:00000f8c       ?_RTC_ErrorMessages@@3QBQBDB 0041ef8c     MSVCRTD:error.obj
 0003:00000fa4       ?_RTC_NoFalsePositives@@3QBHB 0041efa4     MSVCRTD:error.obj
 0003:00000fbc       ?stack_premsg@@3QBDB       0041efbc     MSVCRTD:error.obj
 0003:00000fd8       ?stack_postmsg@@3QBDB      0041efd8     MSVCRTD:error.obj
 0003:00000fec       ?uninit_premsg@@3QBDB      0041efec     MSVCRTD:error.obj
 0003:00000ffc       ?uninit_postmsg@@3QBDB     0041effc     MSVCRTD:error.obj
 0003:00001648       _GS_ExceptionPointers      0041f648     MSVCRTD:gs_report.obj
 0003:00001654       ?_RTC_errlist@@3QBQBDB     0041f654     MSVCRTD:userapi.obj
 0003:0000174c       ?mspdbName@@3QB_WB         0041f74c     MSVCRTD:pdblkup.obj
 0003:00001770       ?debugCrtFileName@@3QB_WB  0041f770     MSVCRTD:pdblkup.obj
 0003:00001900       ?dllExt@?1??GetPdbDllPathFromFilePath@@YAHPB_WPA_WI@Z@4QB_WB 0041f900     MSVCRTD:pdblkup.obj
 0003:0000190c       ?mspdbFilename@?1??GetPdbDllPathFromFilePath@@YAHPB_WPA_WI@Z@4QB_WB 0041f90c     MSVCRTD:pdblkup.obj
 0003:00002308       __RTC_InitBase.rtc$IMZ     00420308     Functions.obj
 0003:0000230c       __RTC_InitBase.rtc$IMZ     0042030c     CopyConstructors.obj
 0003:00002310       __RTC_InitBase.rtc$IMZ     00420310     CustomInteger.obj
 0003:00002314       __RTC_InitBase.rtc$IMZ     00420314     main.obj
 0003:00002318       __RTC_InitBase.rtc$IMZ     00420318     math.obj
 0003:00002628       __RTC_Shutdown.rtc$TMZ     00420628     Functions.obj
 0003:0000262c       __RTC_Shutdown.rtc$TMZ     0042062c     CopyConstructors.obj
 0003:00002630       __RTC_Shutdown.rtc$TMZ     00420630     CustomInteger.obj
 0003:00002634       __RTC_Shutdown.rtc$TMZ     00420634     main.obj
 0003:00002638       __RTC_Shutdown.rtc$TMZ     00420638     math.obj
 0003:00002848       __catchsym$??$?6U?$char_traits@D@std@@@std@@YAAAV?$basic_ostream@DU?$char_traits@D@std@@@0@AAV10@PBD@Z$3 00420848     Functions.obj
 0003:00002858       __tryblocktable$??$?6U?$char_traits@D@std@@@std@@YAAAV?$basic_ostream@DU?$char_traits@D@std@@@0@AAV10@PBD@Z 00420858     Functions.obj
 0003:0000286c       __unwindtable$??$?6U?$char_traits@D@std@@@std@@YAAAV?$basic_ostream@DU?$char_traits@D@std@@@0@AAV10@PBD@Z 0042086c     Functions.obj
 0003:00002884       __ehfuncinfo$??$?6U?$char_traits@D@std@@@std@@YAAAV?$basic_ostream@DU?$char_traits@D@std@@@0@AAV10@PBD@Z 00420884     Functions.obj
 0003:000028b4       __ehfuncinfo$??1_Sentry_base@?$basic_ostream@DU?$char_traits@D@std@@@std@@QAE@XZ 004208b4     Functions.obj
 0003:000028dc       __unwindtable$??0sentry@?$basic_ostream@DU?$char_traits@D@std@@@std@@QAE@AAV12@@Z 004208dc     Functions.obj
 0003:000028e4       __ehfuncinfo$??0sentry@?$basic_ostream@DU?$char_traits@D@std@@@std@@QAE@AAV12@@Z 004208e4     Functions.obj
 0003:0000290c       __ehfuncinfo$??1sentry@?$basic_ostream@DU?$char_traits@D@std@@@std@@QAE@XZ 0042090c     Functions.obj
 0003:00002934       __unwindtable$?VoidWhichCreatesACopy3@@YAXXZ 00420934     CopyConstructors.obj
 0003:0000293c       __ehfuncinfo$?VoidWhichCreatesACopy3@@YAXXZ 0042093c     CopyConstructors.obj
 0003:00002964       __unwindtable$??HCustomInteger@@QBE?AV0@ABV0@@Z 00420964     CustomInteger.obj
 0003:0000296c       __ehfuncinfo$??HCustomInteger@@QBE?AV0@ABV0@@Z 0042096c     CustomInteger.obj
 0003:00002994       __unwindtable$??0?$basic_string@DU?$char_traits@D@std@@V?$allocator@D@2@@std@@QAE@QBD@Z 00420994     main.obj
 0003:000029a4       __ehfuncinfo$??0?$basic_string@DU?$char_traits@D@std@@V?$allocator@D@2@@std@@QAE@QBD@Z 004209a4     main.obj
 0003:000029d0       __ehfuncinfo$?_Tidy_deallocate@?$basic_string@DU?$char_traits@D@std@@V?$allocator@D@2@@std@@AAEXXZ 004209d0     main.obj
 0003:000029f8       __unwindtable$_main        004209f8     main.obj
 0003:00002a00       __ehfuncinfo$_main         00420a00     main.obj
 0003:00002a28       __ehfuncinfo$??$_Deallocate@$07$0A@@std@@YAXPAXI@Z 00420a28     main.obj
 0003:00002a50       __ehfuncinfo$??$_Deallocate_plain@V?$allocator@U_Container_proxy@std@@@std@@@std@@YAXAAV?$allocator@U_Container_proxy@std@@@0@QAU_Container_proxy@0@@Z 00420a50     main.obj
 0003:00002b00       __sehtable$___scrt_is_nonwritable_in_current_image 00420b00     MSVCRTD:utility.obj
 0003:00002b20       __sehtable$?__scrt_common_main_seh@@YAHXZ 00420b20     MSVCRTD:exe_main.obj
 0003:00002b40       __sehtable$?notify_debugger@@YAXABUtagEXCEPTION_VISUALCPP_DEBUG_INFO@@@Z 00420b40     MSVCRTD:error.obj
 0004:000003e8       ?is_initialized_as_dll@@3_NA 004213e8     MSVCRTD:utility.obj
 0004:000003e9       ?module_local_atexit_table_initialized@@3_NA 004213e9     MSVCRTD:utility.obj
 0004:000003ec       ?module_local_atexit_table@@3U_onexit_table_t@@A 004213ec     MSVCRTD:utility.obj
 0004:000003f8       ?module_local_at_quick_exit_table@@3U_onexit_table_t@@A 004213f8     MSVCRTD:utility.obj
 0004:0000040b       ?init@?1??_RTC_InitBase@@9@4_NA 0042140b     MSVCRTD:init.obj
 0004:00000430       _GS_ExceptionRecord        00421430     MSVCRTD:gs_report.obj
 0004:00000480       _GS_ContextRecord          00421480     MSVCRTD:gs_report.obj
 0004:000007ec       ?_RTC_ErrorReportFunc@@3P6AHHPBDH00ZZA 004217ec     MSVCRTD:userapi.obj
 0004:000007f0       ?_RTC_ErrorReportFuncW@@3P6AHHPB_WH00ZZA 004217f0     MSVCRTD:userapi.obj
 0004:00000814       ?mspdb@@3PAUHINSTANCE__@@A 00421814     MSVCRTD:pdblkup.obj
 0004:00000818       ?alreadyTried@?1??GetPdbDll@@YAPAUHINSTANCE__@@XZ@4_NA 00421818     MSVCRTD:pdblkup.obj
 0004:00000819       ?PDBOK@?1??_RTC_GetSrcLine@@YAHPAEPA_WKPAH1K@Z@4_NA 00421819     MSVCRTD:pdblkup.obj
 0005:00000a76       .idata$6                   00422a76     msvcprtd:MSVCP140D.dll
 0005:00000bbc       .idata$6                   00422bbc     vcruntimed:VCRUNTIME140D.dll
 0005:00000e94       .idata$6                   00422e94     ucrtd:ucrtbased.dll
 0005:00001078       .idata$6                   00423078     kernel32:KERNEL32.dll
 0006:00000000       __B47D56BF_vcruntime_new@h 00424000     Functions.obj
 0006:00000001       __741AE07E_corecrt_math@h  00424001     Functions.obj
 0006:00000002       __B49664B7_stdlib@h        00424002     Functions.obj
 0006:00000003       __C21D4742_cstdlib         00424003     Functions.obj
 0006:00000004       __E5A3C3E7_cmath           00424004     Functions.obj
 0006:00000005       __A2143F22_corecrt_stdio_config@h 00424005     Functions.obj
 0006:00000006       __829E1958_corecrt_wstdio@h 00424006     Functions.obj
 0006:00000007       __6DFAE8B8_stdio@h         00424007     Functions.obj
 0006:00000008       __1FEB9909_corecrt_memcpy_s@h 00424008     Functions.obj
 0006:00000009       __A751F051_corecrt_memory@h 00424009     Functions.obj
 0006:0000000a       __9200769A_corecrt_wstring@h 0042400a     Functions.obj
 0006:0000000b       __32E5F013_string@h        0042400b     Functions.obj
 0006:0000000c       __C6E16F6F_corecrt_wconio@h 0042400c     Functions.obj
 0006:0000000d       __6D390390_corecrt_wio@h   0042400d     Functions.obj
 0006:0000000e       __1157D6BA_corecrt_wtime@h 0042400e     Functions.obj
 0006:0000000f       __1DC1E279_stat@h          0042400f     Functions.obj
 0006:00000010       __93DC0B45_wchar@h         00424010     Functions.obj
 0006:00000011       __CF8711D5_type_traits     00424011     Functions.obj
 0006:00000012       __17C09D42_xutility        00424012     Functions.obj
 0006:00000013       __20BB4341_malloc@h        00424013     Functions.obj
 0006:00000014       __4AA59CE7_vcruntime_exception@h 00424014     Functions.obj
 0006:00000015       __2EFB0E87_exception       00424015     Functions.obj
 0006:00000016       __4B0E324D_limits          00424016     Functions.obj
 0006:00000017       __9F85A10A_xmemory         00424017     Functions.obj
 0006:00000018       __EB562796_xstring         00424018     Functions.obj
 0006:00000019       __A7B534DA_stdexcept       00424019     Functions.obj
 0006:0000001a       __1E2F7035_xcall_once@h    0042401a     Functions.obj
 0006:0000001b       __A0B61CF9_time@h          0042401b     Functions.obj
 0006:0000001c       __17D805AB_xthreads@h      0042401c     Functions.obj
 0006:0000001d       __203B6E8F_atomic          0042401d     Functions.obj
 0006:0000001e       __A1726215_system_error    0042401e     Functions.obj
 0006:0000001f       __6E3609D7_vcruntime_typeinfo@h 0042401f     Functions.obj
 0006:00000020       __671F6E5B_typeinfo        00424020     Functions.obj
 0006:00000021       __F7A03EC3_memory          00424021     Functions.obj
 0006:00000022       __DBE569CC_xfacet          00424022     Functions.obj
 0006:00000023       __B2D2BA86_ctype@h         00424023     Functions.obj
 0006:00000024       __78968D93_xlocinfo        00424024     Functions.obj
 0006:00000025       __346853A7_xlocale         00424025     Functions.obj
 0006:00000026       __4173FA80_xiosbase        00424026     Functions.obj
 0006:00000027       __AAEF35B0_xlocnum         00424027     Functions.obj
 0006:00000028       __6DB3A328_ios             00424028     Functions.obj
 0006:00000029       __F8069E9E_Functions@cpp   00424029     Functions.obj
 0006:0000002a       __44A8BC59_istream         0042402a     Functions.obj
 0006:0000002b       __27788963_ostream         0042402b     Functions.obj
 0006:0000002c       __A5158C66_streambuf       0042402c     Functions.obj
 0006:0000002d       __87E7E7CB_iosfwd          0042402d     Functions.obj
 0006:0000002e       __F510C2C9_utility         0042402e     Functions.obj
 0006:0000002f       __066C2A02_iterator        0042402f     Functions.obj
 0006:00000030       __020F55DB_xstddef         00424030     Functions.obj
 0006:00000031       __24F78251_xatomic@h       00424031     Functions.obj
 0006:0000003c       __B8A0F7A9_CopyConstructors@cpp 0042403c     CopyConstructors.obj
 0006:0000003d       __4A1D5C48_CustomInteger@h 0042403d     CustomInteger.obj
 0006:0000003e       __291275E4_CustomInteger@cpp 0042403e     CustomInteger.obj
 0006:0000003f       __B47D56BF_vcruntime_new@h 0042403f     main.obj
 0006:00000040       __741AE07E_corecrt_math@h  00424040     main.obj
 0006:00000041       __B49664B7_stdlib@h        00424041     main.obj
 0006:00000042       __C21D4742_cstdlib         00424042     main.obj
 0006:00000043       __E5A3C3E7_cmath           00424043     main.obj
 0006:00000044       __A2143F22_corecrt_stdio_config@h 00424044     main.obj
 0006:00000045       __829E1958_corecrt_wstdio@h 00424045     main.obj
 0006:00000046       __6DFAE8B8_stdio@h         00424046     main.obj
 0006:00000047       __1FEB9909_corecrt_memcpy_s@h 00424047     main.obj
 0006:00000048       __A751F051_corecrt_memory@h 00424048     main.obj
 0006:00000049       __9200769A_corecrt_wstring@h 00424049     main.obj
 0006:0000004a       __32E5F013_string@h        0042404a     main.obj
 0006:0000004b       __C6E16F6F_corecrt_wconio@h 0042404b     main.obj
 0006:0000004c       __6D390390_corecrt_wio@h   0042404c     main.obj
 0006:0000004d       __1157D6BA_corecrt_wtime@h 0042404d     main.obj
 0006:0000004e       __1DC1E279_stat@h          0042404e     main.obj
 0006:0000004f       __93DC0B45_wchar@h         0042404f     main.obj
 0006:00000050       __CF8711D5_type_traits     00424050     main.obj
 0006:00000051       __17C09D42_xutility        00424051     main.obj
 0006:00000052       __20BB4341_malloc@h        00424052     main.obj
 0006:00000053       __4AA59CE7_vcruntime_exception@h 00424053     main.obj
 0006:00000054       __2EFB0E87_exception       00424054     main.obj
 0006:00000055       __4B0E324D_limits          00424055     main.obj
 0006:00000056       __9F85A10A_xmemory         00424056     main.obj
 0006:00000057       __EB562796_xstring         00424057     main.obj
 0006:00000058       __A7B534DA_stdexcept       00424058     main.obj
 0006:00000059       __1E2F7035_xcall_once@h    00424059     main.obj
 0006:0000005a       __A0B61CF9_time@h          0042405a     main.obj
 0006:0000005b       __17D805AB_xthreads@h      0042405b     main.obj
 0006:0000005c       __203B6E8F_atomic          0042405c     main.obj
 0006:0000005d       __A1726215_system_error    0042405d     main.obj
 0006:0000005e       __6E3609D7_vcruntime_typeinfo@h 0042405e     main.obj
 0006:0000005f       __671F6E5B_typeinfo        0042405f     main.obj
 0006:00000060       __F7A03EC3_memory          00424060     main.obj
 0006:00000061       __DBE569CC_xfacet          00424061     main.obj
 0006:00000062       __B2D2BA86_ctype@h         00424062     main.obj
 0006:00000063       __78968D93_xlocinfo        00424063     main.obj
 0006:00000064       __346853A7_xlocale         00424064     main.obj
 0006:00000065       __4173FA80_xiosbase        00424065     main.obj
 0006:00000066       __AAEF35B0_xlocnum         00424066     main.obj
 0006:00000067       __6DB3A328_ios             00424067     main.obj
 0006:00000068       __E585A166_main@cpp        00424068     main.obj
 0006:00000069       __44A8BC59_istream         00424069     main.obj
 0006:0000006a       __27788963_ostream         0042406a     main.obj
 0006:0000006b       __A5158C66_streambuf       0042406b     main.obj
 0006:0000006c       __87E7E7CB_iosfwd          0042406c     main.obj
 0006:0000006d       __F510C2C9_utility         0042406d     main.obj
 0006:0000006e       __066C2A02_iterator        0042406e     main.obj
 0006:0000006f       __020F55DB_xstddef         0042406f     main.obj
 0006:00000070       __24F78251_xatomic@h       00424070     main.obj
 0006:0000007b       __B47D56BF_vcruntime_new@h 0042407b     math.obj
 0006:0000007c       __741AE07E_corecrt_math@h  0042407c     math.obj
 0006:0000007d       __B49664B7_stdlib@h        0042407d     math.obj
 0006:0000007e       __C21D4742_cstdlib         0042407e     math.obj
 0006:0000007f       __E5A3C3E7_cmath           0042407f     math.obj
 0006:00000080       __A2143F22_corecrt_stdio_config@h 00424080     math.obj
 0006:00000081       __829E1958_corecrt_wstdio@h 00424081     math.obj
 0006:00000082       __6DFAE8B8_stdio@h         00424082     math.obj
 0006:00000083       __1FEB9909_corecrt_memcpy_s@h 00424083     math.obj
 0006:00000084       __A751F051_corecrt_memory@h 00424084     math.obj
 0006:00000085       __9200769A_corecrt_wstring@h 00424085     math.obj
 0006:00000086       __32E5F013_string@h        00424086     math.obj
 0006:00000087       __C6E16F6F_corecrt_wconio@h 00424087     math.obj
 0006:00000088       __6D390390_corecrt_wio@h   00424088     math.obj
 0006:00000089       __1157D6BA_corecrt_wtime@h 00424089     math.obj
 0006:0000008a       __1DC1E279_stat@h          0042408a     math.obj
 0006:0000008b       __93DC0B45_wchar@h         0042408b     math.obj
 0006:0000008c       __CF8711D5_type_traits     0042408c     math.obj
 0006:0000008d       __17C09D42_xutility        0042408d     math.obj
 0006:0000008e       __20BB4341_malloc@h        0042408e     math.obj
 0006:0000008f       __4AA59CE7_vcruntime_exception@h 0042408f     math.obj
 0006:00000090       __2EFB0E87_exception       00424090     math.obj
 0006:00000091       __4B0E324D_limits          00424091     math.obj
 0006:00000092       __9F85A10A_xmemory         00424092     math.obj
 0006:00000093       __EB562796_xstring         00424093     math.obj
 0006:00000094       __A7B534DA_stdexcept       00424094     math.obj
 0006:00000095       __1E2F7035_xcall_once@h    00424095     math.obj
 0006:00000096       __A0B61CF9_time@h          00424096     math.obj
 0006:00000097       __17D805AB_xthreads@h      00424097     math.obj
 0006:00000098       __203B6E8F_atomic          00424098     math.obj
 0006:00000099       __A1726215_system_error    00424099     math.obj
 0006:0000009a       __6E3609D7_vcruntime_typeinfo@h 0042409a     math.obj
 0006:0000009b       __671F6E5B_typeinfo        0042409b     math.obj
 0006:0000009c       __F7A03EC3_memory          0042409c     math.obj
 0006:0000009d       __DBE569CC_xfacet          0042409d     math.obj
 0006:0000009e       __B2D2BA86_ctype@h         0042409e     math.obj
 0006:0000009f       __78968D93_xlocinfo        0042409f     math.obj
 0006:000000a0       __346853A7_xlocale         004240a0     math.obj
 0006:000000a1       __4173FA80_xiosbase        004240a1     math.obj
 0006:000000a2       __AAEF35B0_xlocnum         004240a2     math.obj
 0006:000000a3       __6DB3A328_ios             004240a3     math.obj
 0006:000000a4       __D58D4583_math@cpp        004240a4     math.obj
 0006:000000a5       __44A8BC59_istream         004240a5     math.obj
 0006:000000a6       __27788963_ostream         004240a6     math.obj
 0006:000000a7       __A5158C66_streambuf       004240a7     math.obj
 0006:000000a8       __066C2A02_iterator        004240a8     math.obj
 0006:000000a9       __87E7E7CB_iosfwd          004240a9     math.obj
 0006:000000aa       __F510C2C9_utility         004240aa     math.obj
 0006:000000ab       __020F55DB_xstddef         004240ab     math.obj
 0006:000000ac       __24F78251_xatomic@h       004240ac     math.obj
 0008:00000170       $R000000                   00426170     * linker generated manifest res *
