 Pointers

 Timestamp is 608aacaf (Thu Apr 29 20:55:11 2021)

 Preferred load address is 00400000

 Start         Length     Name                   Class
 0001:00000000 00010000H .textbss                DATA
 0002:00000000 000080d0H .text$mn                CODE
 0002:000080d0 000010f0H .text$x                 CODE
 0003:00000000 00000104H .CRT$XCA                DATA
 0003:00000104 00000104H .CRT$XCAA               DATA
 0003:00000208 00000104H .CRT$XCZ                DATA
 0003:0000030c 00000104H .CRT$XIA                DATA
 0003:00000410 00000104H .CRT$XIAA               DATA
 0003:00000514 00000104H .CRT$XIAC               DATA
 0003:00000618 00000104H .CRT$XIZ                DATA
 0003:0000071c 00000104H .CRT$XPA                DATA
 0003:00000820 00000104H .CRT$XPZ                DATA
 0003:00000924 00000104H .CRT$XTA                DATA
 0003:00000a28 00000108H .CRT$XTZ                DATA
 0003:00000b30 00001010H .rdata                  DATA
 0003:00001b40 00000104H .rdata$CastGuardVftablesA DATA
 0003:00001c44 00000104H .rdata$CastGuardVftablesC DATA
 0003:00001d48 0000017cH .rdata$zzzdbg           DATA
 0003:00001ec4 00000104H .rtc$IAA                DATA
 0003:00001fc8 00000114H .rtc$IMZ                DATA
 0003:000020dc 00000104H .rtc$IZZ                DATA
 0003:000021e0 00000104H .rtc$TAA                DATA
 0003:000022e4 00000114H .rtc$TMZ                DATA
 0003:000023f8 00000108H .rtc$TZZ                DATA
 0003:00002500 00000272H .xdata$x                DATA
 0003:00002772 00000000H .edata                  DATA
 0004:00000000 00000140H .data                   DATA
 0004:00000140 0000046cH .bss                    DATA
 0005:00000000 00000258H .idata$5                DATA
 0005:00000258 00000050H .idata$2                DATA
 0005:000002a8 00000014H .idata$3                DATA
 0005:000002bc 00000258H .idata$4                DATA
 0005:00000514 00000cbdH .idata$6                DATA
 0006:00000000 000001f2H .msvcjmc                DATA
 0007:00000000 00000109H .00cfg                  DATA
 0008:00000000 00000170H .rsrc$01                DATA
 0008:00000170 000002ccH .rsrc$02                DATA

  Address         Publics by Value              Rva+Base       Lib:Object

 0000:00000000       ___hybrid_auxiliary_iat_copy 00000000     <absolute>
 0000:00000000       ___guard_iat_count         00000000     <absolute>
 0000:00000000       ___guard_iat_table         00000000     <absolute>
 0000:00000000       ___guard_check_icall_a64n_fptr 00000000     <absolute>
 0000:00000000       ___guard_eh_cont_count     00000000     <absolute>
 0000:00000000       ___arm64x_redirection_metadata_count 00000000     <absolute>
 0000:00000000       ___arm64x_redirection_metadata 00000000     <absolute>
 0000:00000000       ___guard_fids_table        00000000     <absolute>
 0000:00000000       ___enclave_config          00000000     <absolute>
 0000:00000000       ___arm64x_extra_rfe_table  00000000     <absolute>
 0000:00000000       ___volatile_metadata       00000000     <absolute>
 0000:00000000       ___arm64x_extra_rfe_table_size 00000000     <absolute>
 0000:00000000       ___hybrid_code_map_count   00000000     <absolute>
 0000:00000000       ___guard_longjmp_table     00000000     <absolute>
 0000:00000000       ___hybrid_auxiliary_iat    00000000     <absolute>
 0000:00000000       ___dynamic_value_reloc_table 00000000     <absolute>
 0000:00000000       ___guard_eh_cont_table     00000000     <absolute>
 0000:00000000       ___safe_se_handler_count   00000000     <absolute>
 0000:00000000       ___hybrid_code_map         00000000     <absolute>
 0000:00000000       ___guard_longjmp_count     00000000     <absolute>
 0000:00000000       ___guard_fids_count        00000000     <absolute>
 0000:00000000       ___x64_code_ranges_to_entry_points 00000000     <absolute>
 0000:00000000       ___arm64x_native_entrypoint 00000000     <absolute>
 0000:00000000       ___x64_code_ranges_to_entry_points_count 00000000     <absolute>
 0000:00000000       ___safe_se_handler_table   00000000     <absolute>
 0000:00000000       ___AbsoluteZero            00000000     <absolute>
 0000:00000100       ___guard_flags             00000100     <absolute>
 0000:00000000       ___ImageBase               00400000     <linker-defined>
 0001:00000000       __enc$textbss$begin        00401000     <linker-defined>
 0001:00010000       __enc$textbss$end          00411000     <linker-defined>
 0002:00000970       ??$?6U?$char_traits@D@std@@@std@@YAAAV?$basic_ostream@DU?$char_traits@D@std@@@0@AAV10@PBD@Z 00411970 f i Loops.obj
 0002:00000f50       ??$begin@H$04@std@@YAPAHAAY04H@Z 00411f50 f i Loops.obj
 0002:00000fa0       ??$begin@H@std@@YAPBHV?$initializer_list@H@0@@Z 00411fa0 f i Loops.obj
 0002:00001000       ??$end@H$04@std@@YAPAHAAY04H@Z 00412000 f i Loops.obj
 0002:00001060       ??$end@H@std@@YAPBHV?$initializer_list@H@0@@Z 00412060 f i Loops.obj
 0002:000010c0       ??$endl@DU?$char_traits@D@std@@@std@@YAAAV?$basic_ostream@DU?$char_traits@D@std@@@0@AAV10@@Z 004120c0 f i Loops.obj
 0002:00001170       ??0?$initializer_list@H@std@@QAE@PBH0@Z 00412170 f i Loops.obj
 0002:000011e0       ??0_Sentry_base@?$basic_ostream@DU?$char_traits@D@std@@@std@@QAE@AAV12@@Z 004121e0 f i Loops.obj
 0002:000012a0       ??0sentry@?$basic_ostream@DU?$char_traits@D@std@@@std@@QAE@AAV12@@Z 004122a0 f i Loops.obj
 0002:00001410       ??1_Sentry_base@?$basic_ostream@DU?$char_traits@D@std@@@std@@QAE@XZ 00412410 f i Loops.obj
 0002:00001500       ??1sentry@?$basic_ostream@DU?$char_traits@D@std@@@std@@QAE@XZ 00412500 f i Loops.obj
 0002:000015f0       ??Bsentry@?$basic_ostream@DU?$char_traits@D@std@@@std@@QBE_NXZ 004125f0 f i Loops.obj
 0002:00001650       ?IterateUsingPointers@@YAHQAH@Z 00412650 f   Loops.obj
 0002:00001730       ?IterateUsingPointersWithBuiltInFunctions@@YAHQAH@Z 00412730 f   Loops.obj
 0002:00001850       ?RangeBasedForLoop@@YAHXZ  00412850 f   Loops.obj
 0002:00001bb0       ?__empty_global_delete@@YAXPAX@Z 00412bb0 f i Loops.obj
 0002:00001c00       ?__empty_global_delete@@YAXPAXI@Z 00412c00 f i Loops.obj
 0002:00001c50       ?begin@?$initializer_list@H@std@@QBEPBHXZ 00412c50 f i Loops.obj
 0002:00001cb0       ?end@?$initializer_list@H@std@@QBEPBHXZ 00412cb0 f i Loops.obj
 0002:00001d10       ?eof@?$_Narrow_char_traits@DH@std@@SAHXZ 00412d10 f i Loops.obj
 0002:00001d60       ?eq_int_type@?$_Narrow_char_traits@DH@std@@SA_NABH0@Z 00412d60 f i Loops.obj
 0002:00001de0       ?length@?$_Narrow_char_traits@DH@std@@SAIQBD@Z 00412de0 f i Loops.obj
 0002:00001e40       __JustMyCode_Default       00412e40 f i Loops.obj
 0002:00001e50       ?ConstQualifier@@YAXXZ     00412e50 f   main.obj
 0002:00002230       ?PointersBasic@@YAXXZ      00413230 f   main.obj
 0002:00002430       ?PrintChangeable@@YAXPAH@Z 00413430 f   main.obj
 0002:000024f0       ?PrintFixed@@YAXPBH@Z      004134f0 f   main.obj
 0002:000025a0       ?PrintFixedWithRefs@@YAXABH@Z 004135a0 f   main.obj
 0002:00002650       ?SwapByAddress@@YAXPAH0@Z  00413650 f   main.obj
 0002:000026d0       ?SwapByReference@@YAXAAH0@Z 004136d0 f   main.obj
 0002:00002740       ?TestSwaps@@YAXXZ          00413740 f   main.obj
 0002:00002b80       ?reference_types_demo@@YAXXZ 00413b80 f   main.obj
 0002:00002f60       ?universal_pointer@@YAXXZ  00413f60 f   main.obj
 0002:00003060       _main                      00414060 f   main.obj
 0002:000030c0       ?Auto_Example@@YAHXZ       004140c0 f   autoKeyWord.obj
 0002:00003210       ?__autoclassinit2@?$initializer_list@H@std@@QAEXI@Z 00414210 f i autoKeyWord.obj
 0002:00003270       ?sum@@YAHHH@Z              00414270 f   autoKeyWord.obj
 0002:000032c2       ?uncaught_exception@std@@YA_NXZ 004142c2 f   msvcprtd:MSVCP140D.dll
 0002:000032c8       ?good@ios_base@std@@QBE_NXZ 004142c8 f   msvcprtd:MSVCP140D.dll
 0002:000032ce       ?flags@ios_base@std@@QBEHXZ 004142ce f   msvcprtd:MSVCP140D.dll
 0002:000032d4       ?width@ios_base@std@@QBE_JXZ 004142d4 f   msvcprtd:MSVCP140D.dll
 0002:000032da       ?width@ios_base@std@@QAE_J_J@Z 004142da f   msvcprtd:MSVCP140D.dll
 0002:000032e0       ?sputc@?$basic_streambuf@DU?$char_traits@D@std@@@std@@QAEHD@Z 004142e0 f   msvcprtd:MSVCP140D.dll
 0002:000032e6       ?sputn@?$basic_streambuf@DU?$char_traits@D@std@@@std@@QAE_JPBD_J@Z 004142e6 f   msvcprtd:MSVCP140D.dll
 0002:000032ec       ?setstate@?$basic_ios@DU?$char_traits@D@std@@@std@@QAEXH_N@Z 004142ec f   msvcprtd:MSVCP140D.dll
 0002:000032f2       ?tie@?$basic_ios@DU?$char_traits@D@std@@@std@@QBEPAV?$basic_ostream@DU?$char_traits@D@std@@@2@XZ 004142f2 f   msvcprtd:MSVCP140D.dll
 0002:000032f8       ?rdbuf@?$basic_ios@DU?$char_traits@D@std@@@std@@QBEPAV?$basic_streambuf@DU?$char_traits@D@std@@@2@XZ 004142f8 f   msvcprtd:MSVCP140D.dll
 0002:000032fe       ?fill@?$basic_ios@DU?$char_traits@D@std@@@std@@QBEDXZ 004142fe f   msvcprtd:MSVCP140D.dll
 0002:00003304       ?widen@?$basic_ios@DU?$char_traits@D@std@@@std@@QBEDD@Z 00414304 f   msvcprtd:MSVCP140D.dll
 0002:0000330a       ?_Osfx@?$basic_ostream@DU?$char_traits@D@std@@@std@@QAEXXZ 0041430a f   msvcprtd:MSVCP140D.dll
 0002:00003310       ??6?$basic_ostream@DU?$char_traits@D@std@@@std@@QAEAAV01@P6AAAV01@AAV01@@Z@Z 00414310 f   msvcprtd:MSVCP140D.dll
 0002:00003316       ??6?$basic_ostream@DU?$char_traits@D@std@@@std@@QAEAAV01@H@Z 00414316 f   msvcprtd:MSVCP140D.dll
 0002:0000331c       ?put@?$basic_ostream@DU?$char_traits@D@std@@@std@@QAEAAV12@D@Z 0041431c f   msvcprtd:MSVCP140D.dll
 0002:00003322       ?flush@?$basic_ostream@DU?$char_traits@D@std@@@std@@QAEAAV12@XZ 00414322 f   msvcprtd:MSVCP140D.dll
 0002:00003328       ??6?$basic_ostream@DU?$char_traits@D@std@@@std@@QAEAAV01@M@Z 00414328 f   msvcprtd:MSVCP140D.dll
 0002:0000332e       ??6?$basic_ostream@DU?$char_traits@D@std@@@std@@QAEAAV01@PBX@Z 0041432e f   msvcprtd:MSVCP140D.dll
 0002:00003334       ??5?$basic_istream@DU?$char_traits@D@std@@@std@@QAEAAV01@AAM@Z 00414334 f   msvcprtd:MSVCP140D.dll
 0002:00003340       @_RTC_AllocaHelper@12      00414340 f   MSVCRTD:stack.obj
 0002:00003380       @_RTC_CheckStackVars2@12   00414380 f   MSVCRTD:stack.obj
 0002:00003490       @_RTC_CheckStackVars@8     00414490 f   MSVCRTD:stack.obj
 0002:00003500       __RTC_CheckEsp             00414500 f   MSVCRTD:stack.obj
 0002:00003540       @__CheckForDebuggerJustMyCode@4 00414540 f   MSVCRTD:debugger_jmc.obj
 0002:00003590       @__security_check_cookie@4 00414590 f   MSVCRTD:secchk.obj
 0002:000035b0       __CRT_RTC_INIT             004145b0 f   MSVCRTD:init.obj
 0002:000035c0       __CRT_RTC_INITW            004145c0 f   MSVCRTD:init.obj
 0002:000035d0       __RTC_InitBase             004145d0 f   MSVCRTD:init.obj
 0002:00003610       __RTC_Shutdown             00414610 f   MSVCRTD:init.obj
 0002:00003a00       ?configure_argv@__scrt_narrow_argv_policy@@SAHXZ 00414a00 f i MSVCRTD:exe_main.obj
 0002:00003a20       ?initialize_environment@__scrt_narrow_environment_policy@@SAHXZ 00414a20 f i MSVCRTD:exe_main.obj
 0002:00003a80       ?set_app_type@__scrt_main_policy@@SAXXZ 00414a80 f i MSVCRTD:exe_main.obj
 0002:00003aa0       ?set_commode@__scrt_file_policy@@SAXXZ 00414aa0 f i MSVCRTD:exe_main.obj
 0002:00003ac0       ?set_fmode@__scrt_file_policy@@SAXXZ 00414ac0 f i MSVCRTD:exe_main.obj
 0002:00003ae0       _mainCRTStartup            00414ae0 f   MSVCRTD:exe_main.obj
 0002:00003ba0       ?_RTC_AllocaFailure@@YAXPAXPAU_RTC_ALLOCA_NODE@@H@Z 00414ba0 f   MSVCRTD:error.obj
 0002:00003cc0       ?_RTC_Failure@@YAXPAXH@Z   00414cc0 f   MSVCRTD:error.obj
 0002:00003d30       ?_RTC_StackFailure@@YAXPAXPBD@Z 00414d30 f   MSVCRTD:error.obj
 0002:000041e0       __RTC_UninitUse            004151e0 f   MSVCRTD:error.obj
 0002:000042c0       ___local_stdio_printf_options 004152c0 f i MSVCRTD:error.obj
 0002:000042d0       __vsprintf_s_l             004152d0 f i MSVCRTD:error.obj
 0002:00004310       _sprintf_s                 00415310 f i MSVCRTD:error.obj
 0002:00004340       ___raise_securityfailure   00415340 f   MSVCRTD:gs_report.obj
 0002:00004380       ___report_gsfailure        00415380 f   MSVCRTD:gs_report.obj
 0002:000044d0       ___report_rangecheckfailure 004154d0 f   MSVCRTD:gs_report.obj
 0002:000044e0       ___report_securityfailure  004154e0 f   MSVCRTD:gs_report.obj
 0002:000045f0       ___report_securityfailureEx 004155f0 f   MSVCRTD:gs_report.obj
 0002:00004760       ?_RTC_GetErrorFunc@@YAP6AHHPBDH00ZZPBX@Z 00415760 f   MSVCRTD:userapi.obj
 0002:00004770       ?_RTC_GetErrorFuncW@@YAP6AHHPB_WH00ZZPBX@Z 00415770 f   MSVCRTD:userapi.obj
 0002:00004780       __RTC_GetErrDesc           00415780 f   MSVCRTD:userapi.obj
 0002:000047a0       __RTC_NumErrors            004157a0 f   MSVCRTD:userapi.obj
 0002:000047b0       __RTC_SetErrorFunc         004157b0 f   MSVCRTD:userapi.obj
 0002:000047e0       __RTC_SetErrorFuncW        004157e0 f   MSVCRTD:userapi.obj
 0002:00004810       __RTC_SetErrorType         00415810 f   MSVCRTD:userapi.obj
 0002:00004980       _NtCurrentTeb              00415980 f i MSVCRTD:utility.obj
 0002:00004990       ___scrt_acquire_startup_lock 00415990 f   MSVCRTD:utility.obj
 0002:000049f0       ___scrt_dllmain_after_initialize_c 004159f0 f   MSVCRTD:utility.obj
 0002:00004a30       ___scrt_dllmain_before_initialize_c 00415a30 f   MSVCRTD:utility.obj
 0002:00004a60       ___scrt_dllmain_crt_thread_attach 00415a60 f   MSVCRTD:utility.obj
 0002:00004aa0       ___scrt_dllmain_crt_thread_detach 00415aa0 f   MSVCRTD:utility.obj
 0002:00004ac0       ___scrt_dllmain_exception_filter 00415ac0 f   MSVCRTD:utility.obj
 0002:00004b20       ___scrt_dllmain_uninitialize_c 00415b20 f   MSVCRTD:utility.obj
 0002:00004b60       ___scrt_dllmain_uninitialize_critical 00415b60 f   MSVCRTD:utility.obj
 0002:00004b80       ___scrt_initialize_crt     00415b80 f   MSVCRTD:utility.obj
 0002:00004be0       ___scrt_initialize_onexit_tables 00415be0 f   MSVCRTD:utility.obj
 0002:00004cf0       ___scrt_is_nonwritable_in_current_image 00415cf0 f   MSVCRTD:utility.obj
 0002:00004e70       ___scrt_release_startup_lock 00415e70 f   MSVCRTD:utility.obj
 0002:00004ea0       ___scrt_uninitialize_crt   00415ea0 f   MSVCRTD:utility.obj
 0002:00004ef0       __onexit                   00415ef0 f   MSVCRTD:utility.obj
 0002:00004f70       _at_quick_exit             00415f70 f   MSVCRTD:utility.obj
 0002:00004fc0       _atexit                    00415fc0 f   MSVCRTD:utility.obj
 0002:00005090       ___security_init_cookie    00416090 f   MSVCRTD:gs_support.obj
 0002:00005130       __matherr                  00416130 f   MSVCRTD:matherr.obj
 0002:00005140       __get_startup_argv_mode    00416140 f   MSVCRTD:argv_mode.obj
 0002:00005150       __get_startup_commit_mode  00416150 f   MSVCRTD:commit_mode.obj
 0002:00005160       __get_startup_file_mode    00416160 f   MSVCRTD:file_mode.obj
 0002:00005170       __get_startup_new_mode     00416170 f   MSVCRTD:new_mode.obj
 0002:00005180       __get_startup_thread_locale_mode 00416180 f   MSVCRTD:thread_locale.obj
 0002:00005190       ?__scrt_initialize_type_info@@YAXXZ 00416190 f   MSVCRTD:tncleanup.obj
 0002:000051b0       ?__scrt_uninitialize_type_info@@YAXXZ 004161b0 f   MSVCRTD:tncleanup.obj
 0002:000051d0       __should_initialize_environment 004161d0 f   MSVCRTD:env_mode.obj
 0002:000051e0       __initialize_default_precision 004161e0 f   MSVCRTD:default_precision.obj
 0002:00005210       __initialize_invalid_parameter_handler 00416210 f   MSVCRTD:invalid_parameter_handler.obj
 0002:00005220       __initialize_denormal_control 00416220 f   MSVCRTD:denormal_control.obj
 0002:00005230       ___local_stdio_scanf_options 00416230 f i MSVCRTD:default_local_stdio_options.obj
 0002:00005240       ___scrt_initialize_default_local_stdio_options 00416240 f   MSVCRTD:default_local_stdio_options.obj
 0002:00005290       ___scrt_is_user_matherr_present 00416290 f   MSVCRTD:matherr_detection.obj
 0002:000052c0       ___scrt_get_dyn_tls_init_callback 004162c0 f   MSVCRTD:dyn_tls_init.obj
 0002:000052d0       ___scrt_get_dyn_tls_dtor_callback 004162d0 f   MSVCRTD:dyn_tls_dtor.obj
 0002:000052e0       ___scrt_fastfail           004162e0 f   MSVCRTD:utility_desktop.obj
 0002:00005470       ___scrt_get_show_window_mode 00416470 f   MSVCRTD:utility_desktop.obj
 0002:000054c0       ___scrt_initialize_mta     004164c0 f   MSVCRTD:utility_desktop.obj
 0002:000054d0       ___scrt_initialize_winrt   004164d0 f   MSVCRTD:utility_desktop.obj
 0002:000054e0       ___scrt_is_managed_app     004164e0 f   MSVCRTD:utility_desktop.obj
 0002:00005590       ___scrt_set_unhandled_exception_filter 00416590 f   MSVCRTD:utility_desktop.obj
 0002:000055b0       ___scrt_stub_for_initialize_mta 004165b0 f   MSVCRTD:utility_desktop.obj
 0002:000055b0       ___scrt_exe_initialize_mta 004165b0 f   MSVCRTD:utility_desktop.obj
 0002:000055c0       ___scrt_unhandled_exception_filter@4 004165c0 f   MSVCRTD:utility_desktop.obj
 0002:00005660       __crt_debugger_hook        00416660 f   MSVCRTD:utility_desktop.obj
 0002:00005680       __RTC_Initialize           00416680 f   MSVCRTD:initsect.obj
 0002:000056c0       __RTC_Terminate            004166c0 f   MSVCRTD:initsect.obj
 0002:00005700       __except_handler4          00416700 f   MSVCRTD:chandler4gs.obj
 0002:00005750       @_guard_check_icall_nop@4  00416750 f i MSVCRTD:guard_support.obj
 0002:00005760       _ReadNoFence               00416760 f i MSVCRTD:guard_support.obj
 0002:00005780       _ReadPointerNoFence        00416780 f i MSVCRTD:guard_support.obj
 0002:000057a0       ___castguard_check_failure_debugbreak 004167a0 f i MSVCRTD:guard_support.obj
 0002:000057c0       ___castguard_check_failure_fastfail 004167c0 f i MSVCRTD:guard_support.obj
 0002:000057f0       ___castguard_check_failure_nop 004167f0 f i MSVCRTD:guard_support.obj
 0002:00005800       ___castguard_check_failure_os_handled 00416800 f i MSVCRTD:guard_support.obj
 0002:000058a0       ___castguard_slow_path_check_debugbreak 004168a0 f i MSVCRTD:guard_support.obj
 0002:000058e0       ___castguard_slow_path_check_fastfail 004168e0 f i MSVCRTD:guard_support.obj
 0002:00005930       ___castguard_slow_path_check_nop 00416930 f i MSVCRTD:guard_support.obj
 0002:00005940       ___castguard_slow_path_check_os_handled 00416940 f i MSVCRTD:guard_support.obj
 0002:00005a00       __guard_icall_checks_enforced 00416a00 f i MSVCRTD:guard_support.obj
 0002:00005fd0       ?_RTC_GetSrcLine@@YAHPAEPA_WKPAH1K@Z 00416fd0 f   MSVCRTD:pdblkup.obj
 0002:00006430       __except_handler4_noexcept 00417430 f   MSVCRTD:chandler4_noexcept.obj
 0002:000064b0       ___isa_available_init      004174b0 f   MSVCRTD:cpu_disp.obj
 0002:000068b0       ___scrt_is_ucrt_dll_in_use 004178b0 f   MSVCRTD:ucrt_detection.obj
 0002:000068dd       ___CxxFrameHandler3        004178dd f   vcruntimed:VCRUNTIME140D.dll
 0002:000068e3       _memset                    004178e3 f   vcruntimed:VCRUNTIME140D.dll
 0002:000068e9       ___std_type_info_destroy_list 004178e9 f   vcruntimed:VCRUNTIME140D.dll
 0002:000068ef       ___current_exception       004178ef f   vcruntimed:VCRUNTIME140D.dll
 0002:000068f5       ___current_exception_context 004178f5 f   vcruntimed:VCRUNTIME140D.dll
 0002:000068fb       __except_handler4_common   004178fb f   vcruntimed:VCRUNTIME140D.dll
 0002:00006901       ___vcrt_GetModuleFileNameW 00417901 f   vcruntimed:VCRUNTIME140D.dll
 0002:00006907       ___vcrt_GetModuleHandleW   00417907 f   vcruntimed:VCRUNTIME140D.dll
 0002:0000690d       ___vcrt_LoadLibraryExW     0041790d f   vcruntimed:VCRUNTIME140D.dll
 0002:00006913       _strlen                    00417913 f   ucrtd:ucrtbased.dll
 0002:00006919       __CrtDbgReport             00417919 f   ucrtd:ucrtbased.dll
 0002:0000691f       __CrtDbgReportW            0041791f f   ucrtd:ucrtbased.dll
 0002:00006925       __seh_filter_exe           00417925 f   ucrtd:ucrtbased.dll
 0002:0000692b       __set_app_type             0041792b f   ucrtd:ucrtbased.dll
 0002:00006931       ___setusermatherr          00417931 f   ucrtd:ucrtbased.dll
 0002:00006937       __configure_narrow_argv    00417937 f   ucrtd:ucrtbased.dll
 0002:0000693d       __initialize_narrow_environment 0041793d f   ucrtd:ucrtbased.dll
 0002:00006943       __get_initial_narrow_environment 00417943 f   ucrtd:ucrtbased.dll
 0002:00006949       __initterm                 00417949 f   ucrtd:ucrtbased.dll
 0002:0000694f       __initterm_e               0041794f f   ucrtd:ucrtbased.dll
 0002:00006955       _exit                      00417955 f   ucrtd:ucrtbased.dll
 0002:0000695b       __exit                     0041795b f   ucrtd:ucrtbased.dll
 0002:00006961       __set_fmode                00417961 f   ucrtd:ucrtbased.dll
 0002:00006967       ___p___argc                00417967 f   ucrtd:ucrtbased.dll
 0002:0000696d       ___p___argv                0041796d f   ucrtd:ucrtbased.dll
 0002:00006973       __cexit                    00417973 f   ucrtd:ucrtbased.dll
 0002:00006979       __c_exit                   00417979 f   ucrtd:ucrtbased.dll
 0002:0000697f       __register_thread_local_exe_atexit_callback 0041797f f   ucrtd:ucrtbased.dll
 0002:00006985       __configthreadlocale       00417985 f   ucrtd:ucrtbased.dll
 0002:0000698b       __set_new_mode             0041798b f   ucrtd:ucrtbased.dll
 0002:00006991       ___p__commode              00417991 f   ucrtd:ucrtbased.dll
 0002:00006997       _strcpy_s                  00417997 f   ucrtd:ucrtbased.dll
 0002:0000699d       _strcat_s                  0041799d f   ucrtd:ucrtbased.dll
 0002:000069a3       ___stdio_common_vsprintf_s 004179a3 f   ucrtd:ucrtbased.dll
 0002:000069a9       __seh_filter_dll           004179a9 f   ucrtd:ucrtbased.dll
 0002:000069af       __initialize_onexit_table  004179af f   ucrtd:ucrtbased.dll
 0002:000069b5       __register_onexit_function 004179b5 f   ucrtd:ucrtbased.dll
 0002:000069bb       __execute_onexit_table     004179bb f   ucrtd:ucrtbased.dll
 0002:000069c1       __crt_atexit               004179c1 f   ucrtd:ucrtbased.dll
 0002:000069c7       __crt_at_quick_exit        004179c7 f   ucrtd:ucrtbased.dll
 0002:000069cd       __controlfp_s              004179cd f   ucrtd:ucrtbased.dll
 0002:000069d3       _terminate                 004179d3 f   ucrtd:ucrtbased.dll
 0002:000069d9       __wmakepath_s              004179d9 f   ucrtd:ucrtbased.dll
 0002:000069df       __wsplitpath_s             004179df f   ucrtd:ucrtbased.dll
 0002:000069e5       _wcscpy_s                  004179e5 f   ucrtd:ucrtbased.dll
 0002:000069eb       _GetCurrentThreadId@0      004179eb f   kernel32:KERNEL32.dll
 0002:000069f1       _IsDebuggerPresent@0       004179f1 f   kernel32:KERNEL32.dll
 0002:000069f7       _RaiseException@16         004179f7 f   kernel32:KERNEL32.dll
 0002:000069fd       _MultiByteToWideChar@24    004179fd f   kernel32:KERNEL32.dll
 0002:00006a03       _WideCharToMultiByte@32    00417a03 f   kernel32:KERNEL32.dll
 0002:00006a09       _UnhandledExceptionFilter@4 00417a09 f   kernel32:KERNEL32.dll
 0002:00006a0f       _SetUnhandledExceptionFilter@4 00417a0f f   kernel32:KERNEL32.dll
 0002:00006a15       _GetCurrentProcess@0       00417a15 f   kernel32:KERNEL32.dll
 0002:00006a1b       _TerminateProcess@8        00417a1b f   kernel32:KERNEL32.dll
 0002:00006a21       _IsProcessorFeaturePresent@4 00417a21 f   kernel32:KERNEL32.dll
 0002:00006a27       _QueryPerformanceCounter@4 00417a27 f   kernel32:KERNEL32.dll
 0002:00006a2d       _GetCurrentProcessId@0     00417a2d f   kernel32:KERNEL32.dll
 0002:00006a33       _GetSystemTimeAsFileTime@4 00417a33 f   kernel32:KERNEL32.dll
 0002:00006a39       _InitializeSListHead@4     00417a39 f   kernel32:KERNEL32.dll
 0002:00006a3f       _GetStartupInfoW@4         00417a3f f   kernel32:KERNEL32.dll
 0002:00006a45       _GetModuleHandleW@4        00417a45 f   kernel32:KERNEL32.dll
 0002:00006a4b       _GetLastError@0            00417a4b f   kernel32:KERNEL32.dll
 0002:00006a51       _HeapAlloc@12              00417a51 f   kernel32:KERNEL32.dll
 0002:00006a57       _HeapFree@12               00417a57 f   kernel32:KERNEL32.dll
 0002:00006a5d       _GetProcessHeap@0          00417a5d f   kernel32:KERNEL32.dll
 0002:00006a63       _VirtualQuery@12           00417a63 f   kernel32:KERNEL32.dll
 0002:00006a69       _FreeLibrary@4             00417a69 f   kernel32:KERNEL32.dll
 0002:00006a6f       _GetProcAddress@8          00417a6f f   kernel32:KERNEL32.dll
 0002:00006a80       ___vcrt_initialize         00417a80 f   MSVCRTD:ucrt_stubs.obj
 0002:00006a80       ___acrt_initialize         00417a80 f   MSVCRTD:ucrt_stubs.obj
 0002:00006a80       ___scrt_stub_for_acrt_initialize 00417a80 f   MSVCRTD:ucrt_stubs.obj
 0002:00006a90       ___scrt_stub_for_acrt_thread_attach 00417a90 f   MSVCRTD:ucrt_stubs.obj
 0002:00006a90       ___acrt_thread_attach      00417a90 f   MSVCRTD:ucrt_stubs.obj
 0002:00006a90       ___vcrt_thread_attach      00417a90 f   MSVCRTD:ucrt_stubs.obj
 0002:00006aa0       ___scrt_stub_for_acrt_thread_detach 00417aa0 f   MSVCRTD:ucrt_stubs.obj
 0002:00006aa0       ___acrt_thread_detach      00417aa0 f   MSVCRTD:ucrt_stubs.obj
 0002:00006aa0       ___vcrt_thread_detach      00417aa0 f   MSVCRTD:ucrt_stubs.obj
 0002:00006ab0       ___scrt_stub_for_acrt_uninitialize 00417ab0 f   MSVCRTD:ucrt_stubs.obj
 0002:00006ab0       ___acrt_uninitialize       00417ab0 f   MSVCRTD:ucrt_stubs.obj
 0002:00006ab0       ___vcrt_uninitialize       00417ab0 f   MSVCRTD:ucrt_stubs.obj
 0002:00006ac0       ___acrt_uninitialize_critical 00417ac0 f   MSVCRTD:ucrt_stubs.obj
 0002:00006ac0       ___vcrt_uninitialize_critical 00417ac0 f   MSVCRTD:ucrt_stubs.obj
 0002:00006ac0       ___scrt_stub_for_acrt_uninitialize_critical 00417ac0 f   MSVCRTD:ucrt_stubs.obj
 0002:00006ad0       ___scrt_stub_for_is_c_termination_complete 00417ad0 f   MSVCRTD:ucrt_stubs.obj
 0002:00006ad0       __is_c_termination_complete 00417ad0 f   MSVCRTD:ucrt_stubs.obj
 0002:00006ae0       __filter_x86_sse2_floating_point_exception_default 00417ae0 f   MSVCRTD:x86_exception_filter.obj
 0002:00006ae0       __filter_x86_sse2_floating_point_exception 00417ae0 f   MSVCRTD:x86_exception_filter.obj
 0003:00000000       ___xc_a                    0041b000     MSVCRTD:initializers.obj
 0003:00000208       ___xc_z                    0041b208     MSVCRTD:initializers.obj
 0003:0000030c       ___xi_a                    0041b30c     MSVCRTD:initializers.obj
 0003:00000618       ___xi_z                    0041b618     MSVCRTD:initializers.obj
 0003:0000071c       ___xp_a                    0041b71c     MSVCRTD:initializers.obj
 0003:00000820       ___xp_z                    0041b820     MSVCRTD:initializers.obj
 0003:00000924       ___xt_a                    0041b924     MSVCRTD:initializers.obj
 0003:00000a28       ___xt_z                    0041ba28     MSVCRTD:initializers.obj
 0003:00000b30       ??_C@_0L@CAIMKLDM@Printing?3?5@ 0041bb30     Loops.obj
 0003:00000b40       ??_C@_0P@GBAHHMIH@The?5value?5is?3?5@ 0041bb40     Loops.obj
 0003:00000b54       ??_C@_0BF@BHOCGKMM@The?5address?5of?5?5is?3?5@ 0041bb54     main.obj
 0003:00000b70       ??_C@_0BF@JIPIDLBD@The?5value?5x?5of?5?5is?3?5@ 0041bb70     main.obj
 0003:00000b8c       ??_C@_0CG@NJCKMOIF@The?5value?5x?5of?5?5from?5the?5pointe@ 0041bb8c     main.obj
 0003:00000bbc       ??_C@_0DL@PIMDHCDM@The?5value?5x?5of?5?5from?5the?5pointe@ 0041bbbc     main.obj
 0003:00000c04       ??_C@_0BA@MDPCEMLA@pointer?5value?3?5@ 0041bc04     main.obj
 0003:00000c18       ??_C@_0CJ@ECIEMBDC@Never?5attempt?5to?5read?5from?5an?5n@ 0041bc18     main.obj
 0003:00000c4c       ??_C@_03GMHKEDEK@X?3?5@    0041bc4c     main.obj
 0003:00000c50       ??_C@_05PMJMODKG@Ref?3?5@  0041bc50     main.obj
 0003:00000c58       ??_C@_0P@BEJAPGFN@Address?5of?5X?3?5@ 0041bc58     main.obj
 0003:00000c6c       ??_C@_0BB@ECBEFINJ@Address?5of?5Ref?3?5@ 0041bc6c     main.obj
 0003:00000c80       ??_C@_0CC@LLADJHAA@Setting?5value?5to?525?5through?5Ref@ 0041bc80     main.obj
 0003:00000ca8       ??_C@_0CA@JBPKKFA@Setting?5value?5to?526?5through?5x?3?5@ 0041bca8     main.obj
 0003:00000cd0       ??_C@_0CF@GDHMMLHB@?$CD?$CD?$CD?$CD?$CD?$CD?$CD?$CD?$CD?$CD?$CD?5Testing?5swaps?5?$CD?$CD?$CD?$CD?$CD@ 0041bcd0     main.obj
 0003:00000cfc       ??_C@_0CI@GAHCJPKL@?$CIaddress?5types?5?$CJ?5Before?5swap?5by@ 0041bcfc     main.obj
 0003:00000d2c       ??_C@_05KEFGCEIL@?5y?5?$DN?5@ 0041bd2c     main.obj
 0003:00000d34       ??_C@_04OJHKFOLD@x?5?$DN?5@ 0041bd34     main.obj
 0003:00000d3c       ??_C@_0CH@ICGAECLF@?$CIaddress?5types?5?$CJ?5AFter?5swap?5by?5@ 0041bd3c     main.obj
 0003:00000d6c       ??_C@_0CM@IOEJBBOM@?$CIreference?5types?5?$CJ?5Before?5swap?5@ 0041bd6c     main.obj
 0003:00000da0       ??_C@_05BLGGJKOK@?5w?5?$DN?5@ 0041bda0     main.obj
 0003:00000da8       ??_C@_04JDLKANND@z?5?$DN?5@ 0041bda8     main.obj
 0003:00000db0       ??_C@_0CL@JPFFNEPH@?$CIreference?5types?5?$CJ?5After?5swap?5b@ 0041bdb0     main.obj
 0003:00000de4       ??_C@_0BD@LBEDEDJA@and?5the?5value?5is?3?5@ 0041bde4     main.obj
 0003:00000dfc       ??_C@_0BL@LKIPHAFE@and?5the?5address?5value?5is?3?5@ 0041bdfc     main.obj
 0003:00000e1c       ??_C@_0BO@IFHCFJJH@?$CD?$CD?$CD?$CD?5const?5qualifier?5demo?5?$CD?$CD?$CD@ 0041be1c     main.obj
 0003:00000e40       ??_C@_0BL@PPLDJONC@Please?5enter?5your?5radius?3?5@ 0041be40     main.obj
 0003:00000e60       ??_C@_06KIDFNODJ@Area?3?5@ 0041be60     main.obj
 0003:00000e68       ??_C@_0BA@BODFCNJM@Circumference?3?5@ 0041be68     main.obj
 0003:00000e7c       ??_C@_0BM@EPJMCFAI@Cons?5and?5reference?5types?4?4?4@ 0041be7c     main.obj
 0003:00000ea0       ??_C@_0BO@ICKJIOKE@The?5value?5from?5const?5ptr?5is?3?5@ 0041bea0     main.obj
 0003:00000ec4       ??_C@_0CA@PKLAJKKH@The?5address?5from?5const?5ptr?5is?3?5@ 0041bec4     main.obj
 0003:00000eec       ??_C@_0BK@ODAFIJEO@The?5value?5of?5ptr?5is?5now?3?5@ 0041beec     main.obj
 0003:00000f0c       __real@40000000            0041bf0c     main.obj
 0003:00000f10       __real@40490625            0041bf10     main.obj
 0003:00000fd0       ??_C@_0NN@JMPELKLB@The?5value?5of?5ESP?5was?5not?5proper@ 0041bfd0     MSVCRTD:error.obj
 0003:000010e0       ??_C@_0BBN@ELNNILBE@A?5cast?5to?5a?5smaller?5data?5type?5h@ 0041c0e0     MSVCRTD:error.obj
 0003:00001238       ??_C@_0BN@BPOGFMJL@Stack?5memory?5was?5corrupted?$AN?6@ 0041c238     MSVCRTD:error.obj
 0003:0000125c       ??_C@_0DG@DAJCDLPN@A?5local?5variable?5was?5used?5befor@ 0041c25c     MSVCRTD:error.obj
 0003:0000129c       ??_C@_0CM@JMIDGKLA@Stack?5memory?5around?5_alloca?5was@ 0041c29c     MSVCRTD:error.obj
 0003:000012d0       ??_C@_0BO@CHIONIOI@Unknown?5Runtime?5Check?5Error?$AN?6@ 0041c2d0     MSVCRTD:error.obj
 0003:000012f8       ??_C@_1GM@CNOOJIHC@?$AAR?$AAu?$AAn?$AAt?$AAi?$AAm?$AAe?$AA?5?$AAC?$AAh?$AAe?$AAc?$AAk?$AA?5?$AAE@ 0041c2f8     MSVCRTD:error.obj
 0003:00001380       ??_C@_1EA@NFKNIFJP@?$AAR?$AAu?$AAn?$AA?9?$AAT?$AAi?$AAm?$AAe?$AA?5?$AAC?$AAh?$AAe?$AAc?$AAk?$AA?5@ 0041c380     MSVCRTD:error.obj
 0003:000013cc       ??_C@_0BB@PFFGGCJP@Unknown?5Filename@ 0041c3cc     MSVCRTD:error.obj
 0003:000013e0       ??_C@_0BE@GNBOBNCK@Unknown?5Module?5Name@ 0041c3e0     MSVCRTD:error.obj
 0003:000013f8       ??_C@_0CA@IODNCDPG@Run?9Time?5Check?5Failure?5?$CD?$CFd?5?9?5?$CFs@ 0041c3f8     MSVCRTD:error.obj
 0003:00001420       ??_C@_0CG@IAFNJNEE@Stack?5corrupted?5near?5unknown?5va@ 0041c420     MSVCRTD:error.obj
 0003:00001450       ??_C@_05MKKEDADM@?$CF?42X?5@ 0041c450     MSVCRTD:error.obj
 0003:00001458       ??_C@_0EJ@LJKNEOLN@Stack?5area?5around?5_alloca?5memor@ 0041c458     MSVCRTD:error.obj
 0003:000014b0       ??_C@_01EEMJAFIK@?6@       0041c4b0     MSVCRTD:error.obj
 0003:000014b4       ??_C@_02LLMPMKNF@?$DO?5@   0041c4b4     MSVCRTD:error.obj
 0003:000014b8       ??_C@_08OMAHNMHJ@?6Data?3?5?$DM@ 0041c4b8     MSVCRTD:error.obj
 0003:000014c4       ??_C@_0CK@DKGBICFE@?6Allocation?5number?5within?5this?5@ 0041c4c4     MSVCRTD:error.obj
 0003:000014f8       ??_C@_07DFDJCKFN@?6Size?3?5@ 0041c4f8     MSVCRTD:error.obj
 0003:00001504       ??_C@_0N@MHFFIMFG@?6Address?3?50x@ 0041c504     MSVCRTD:error.obj
 0003:00001518       ??_C@_0EI@CLEPFNGI@Stack?5area?5around?5_alloca?5memor@ 0041c518     MSVCRTD:error.obj
 0003:00001570       ??_C@_0BK@ODNDAGKB@?$CFs?$CFs?$CFp?$CFs?$CFzd?$CFs?$CFd?$CFs?$CFs?$CFs?$CFs?$CFs@ 0041c570     MSVCRTD:error.obj
 0003:00001590       ??_C@_0DE@OHJBPMBP@A?5variable?5is?5being?5used?5withou@ 0041c590     MSVCRTD:error.obj
 0003:000015f4       ??_C@_0BJ@HEGAHDFO@Stack?5pointer?5corruption@ 0041c5f4     MSVCRTD:userapi.obj
 0003:00001614       ??_C@_0CK@FEGOIOPB@Cast?5to?5smaller?5type?5causing?5lo@ 0041c614     MSVCRTD:userapi.obj
 0003:00001648       ??_C@_0BI@CIGMDCBH@Stack?5memory?5corruption@ 0041c648     MSVCRTD:userapi.obj
 0003:00001664       ??_C@_0CK@CNLNOEPB@Local?5variable?5used?5before?5init@ 0041c664     MSVCRTD:userapi.obj
 0003:00001698       ??_C@_0BP@OGBCLIBO@Stack?5around?5_alloca?5corrupted@ 0041c698     MSVCRTD:userapi.obj
 0003:00001718       ??_C@_1EI@MLPKHBGE@?$AAa?$AAp?$AAi?$AA?9?$AAm?$AAs?$AA?9?$AAw?$AAi?$AAn?$AA?9?$AAc?$AAo?$AAr?$AAe@ 0041c718     MSVCRTD:pdblkup.obj
 0003:00001770       ??_C@_1BK@JHLNAEJL@?$AAa?$AAd?$AAv?$AAa?$AAp?$AAi?$AA3?$AA2?$AA?4?$AAd?$AAl?$AAl@ 0041c770     MSVCRTD:pdblkup.obj
 0003:00001790       ??_C@_0O@COHOBMLB@RegOpenKeyExW@ 0041c790     MSVCRTD:pdblkup.obj
 0003:000017a0       ??_C@_0BB@GLNAEDBD@RegQueryValueExW@ 0041c7a0     MSVCRTD:pdblkup.obj
 0003:000017b4       ??_C@_0M@HLOHPNFA@RegCloseKey@ 0041c7b4     MSVCRTD:pdblkup.obj
 0003:000017c8       ??_C@_1HE@EBEAGLFB@?$AAS?$AAO?$AAF?$AAT?$AAW?$AAA?$AAR?$AAE?$AA?2?$AAW?$AAo?$AAw?$AA6?$AA4?$AA3@ 0041c7c8     MSVCRTD:pdblkup.obj
 0003:00001854       ??_C@_1BG@EABPBLLF@?$AAP?$AAr?$AAo?$AAd?$AAu?$AAc?$AAt?$AAD?$AAi?$AAr@ 0041c854     MSVCRTD:pdblkup.obj
 0003:00001894       ??_C@_1BC@JINFINNJ@?$AAM?$AAS?$AAP?$AAD?$AAB?$AA1?$AA4?$AA0@ 0041c894     MSVCRTD:pdblkup.obj
 0003:000018ac       ??_C@_0BB@KCIACLNC@PDBOpenValidate5@ 0041c8ac     MSVCRTD:pdblkup.obj
 0003:000018c0       ??_C@_01KDCPPGHE@r@        0041c8c0     MSVCRTD:pdblkup.obj
 0003:00001900       __load_config_used         0041c900     MSVCRTD:loadcfg.obj
 0003:00001b40       ___CastGuardVftablesStart  0041cb40     MSVCRTD:guard_support.obj
 0003:00001c44       ___CastGuardVftablesEnd    0041cc44     MSVCRTD:guard_support.obj
 0003:00001ec4       ___rtc_iaa                 0041cec4     MSVCRTD:initsect.obj
 0003:000020dc       ___rtc_izz                 0041d0dc     MSVCRTD:initsect.obj
 0003:000021e0       ___rtc_taa                 0041d1e0     MSVCRTD:initsect.obj
 0003:000023f8       ___rtc_tzz                 0041d3f8     MSVCRTD:initsect.obj
 0004:00000000       ___security_cookie_complement 0041e000     MSVCRTD:gs_cookie.obj
 0004:00000004       ___security_cookie         0041e004     MSVCRTD:gs_cookie.obj
 0004:0000000c       __fltused                  0041e00c     MSVCRTD:fltused.obj
 0004:00000010       ?_RTC_ErrorLevels@@3PAHA   0041e010     MSVCRTD:error.obj
 0004:00000028       ___scrt_native_dllmain_reason 0041e028     MSVCRTD:utility.obj
 0004:0000002c       ___scrt_default_matherr    0041e02c     MSVCRTD:matherr.obj
 0004:00000030       ___isa_enabled             0041e030     MSVCRTD:cpu_disp.obj
 0004:00000034       ___scrt_ucrt_dll_is_in_use 0041e034     MSVCRTD:ucrt_stubs.obj
 0004:00000148       ?_OptionsStorage@?1??__local_stdio_printf_options@@9@4_KA 0041e148     MSVCRTD:error.obj
 0004:00000520       ___scrt_current_native_startup_state 0041e520     MSVCRTD:utility.obj
 0004:00000524       ___scrt_native_startup_lock 0041e524     MSVCRTD:utility.obj
 0004:00000550       ?__type_info_root_node@@3U__type_info_node@@A 0041e550     MSVCRTD:tncleanup.obj
 0004:00000560       ?_OptionsStorage@?1??__local_stdio_scanf_options@@9@4_KA 0041e560     MSVCRTD:default_local_stdio_options.obj
 0004:0000056c       ___scrt_debugger_hook_flag 0041e56c     MSVCRTD:utility_desktop.obj
 0004:00000570       ___castguard_check_failure_os_handled_fptr 0041e570     MSVCRTD:guard_support.obj
 0004:0000057c       ___isa_available           0041e57c     MSVCRTD:cpu_disp.obj
 0004:00000580       ___favor                   0041e580     MSVCRTD:cpu_disp.obj
 0004:00000588       ___dyn_tls_dtor_callback   0041e588     <common>
 0004:00000594       ___dyn_tls_init_callback   0041e594     <common>
 0004:000005a0       ___DebuggerCurrentSteppingThreadId 0041e5a0     <common>
 0005:00000000       __imp__GetProcAddress@8    0041f000     kernel32:KERNEL32.dll
 0005:00000004       __imp__IsDebuggerPresent@0 0041f004     kernel32:KERNEL32.dll
 0005:00000008       __imp__RaiseException@16   0041f008     kernel32:KERNEL32.dll
 0005:0000000c       __imp__MultiByteToWideChar@24 0041f00c     kernel32:KERNEL32.dll
 0005:00000010       __imp__WideCharToMultiByte@32 0041f010     kernel32:KERNEL32.dll
 0005:00000014       __imp__UnhandledExceptionFilter@4 0041f014     kernel32:KERNEL32.dll
 0005:00000018       __imp__SetUnhandledExceptionFilter@4 0041f018     kernel32:KERNEL32.dll
 0005:0000001c       __imp__GetCurrentProcess@0 0041f01c     kernel32:KERNEL32.dll
 0005:00000020       __imp__TerminateProcess@8  0041f020     kernel32:KERNEL32.dll
 0005:00000024       __imp__IsProcessorFeaturePresent@4 0041f024     kernel32:KERNEL32.dll
 0005:00000028       __imp__QueryPerformanceCounter@4 0041f028     kernel32:KERNEL32.dll
 0005:0000002c       __imp__GetCurrentProcessId@0 0041f02c     kernel32:KERNEL32.dll
 0005:00000030       __imp__GetSystemTimeAsFileTime@4 0041f030     kernel32:KERNEL32.dll
 0005:00000034       __imp__InitializeSListHead@4 0041f034     kernel32:KERNEL32.dll
 0005:00000038       __imp__GetStartupInfoW@4   0041f038     kernel32:KERNEL32.dll
 0005:0000003c       __imp__GetModuleHandleW@4  0041f03c     kernel32:KERNEL32.dll
 0005:00000040       __imp__GetLastError@0      0041f040     kernel32:KERNEL32.dll
 0005:00000044       __imp__HeapAlloc@12        0041f044     kernel32:KERNEL32.dll
 0005:00000048       __imp__HeapFree@12         0041f048     kernel32:KERNEL32.dll
 0005:0000004c       __imp__GetProcessHeap@0    0041f04c     kernel32:KERNEL32.dll
 0005:00000050       __imp__VirtualQuery@12     0041f050     kernel32:KERNEL32.dll
 0005:00000054       __imp__FreeLibrary@4       0041f054     kernel32:KERNEL32.dll
 0005:00000058       __imp__GetCurrentThreadId@0 0041f058     kernel32:KERNEL32.dll
 0005:0000005c       \177KERNEL32_NULL_THUNK_DATA 0041f05c     kernel32:KERNEL32.dll
 0005:00000098       __imp_??5?$basic_istream@DU?$char_traits@D@std@@@std@@QAEAAV01@AAM@Z 0041f098     msvcprtd:MSVCP140D.dll
 0005:0000009c       __imp_??6?$basic_ostream@DU?$char_traits@D@std@@@std@@QAEAAV01@PBX@Z 0041f09c     msvcprtd:MSVCP140D.dll
 0005:000000a0       __imp_??6?$basic_ostream@DU?$char_traits@D@std@@@std@@QAEAAV01@M@Z 0041f0a0     msvcprtd:MSVCP140D.dll
 0005:000000a4       __imp_?cout@std@@3V?$basic_ostream@DU?$char_traits@D@std@@@1@A 0041f0a4     msvcprtd:MSVCP140D.dll
 0005:000000a8       __imp_?flush@?$basic_ostream@DU?$char_traits@D@std@@@std@@QAEAAV12@XZ 0041f0a8     msvcprtd:MSVCP140D.dll
 0005:000000ac       __imp_?put@?$basic_ostream@DU?$char_traits@D@std@@@std@@QAEAAV12@D@Z 0041f0ac     msvcprtd:MSVCP140D.dll
 0005:000000b0       __imp_??6?$basic_ostream@DU?$char_traits@D@std@@@std@@QAEAAV01@H@Z 0041f0b0     msvcprtd:MSVCP140D.dll
 0005:000000b4       __imp_??6?$basic_ostream@DU?$char_traits@D@std@@@std@@QAEAAV01@P6AAAV01@AAV01@@Z@Z 0041f0b4     msvcprtd:MSVCP140D.dll
 0005:000000b8       __imp_?_Osfx@?$basic_ostream@DU?$char_traits@D@std@@@std@@QAEXXZ 0041f0b8     msvcprtd:MSVCP140D.dll
 0005:000000bc       __imp_?widen@?$basic_ios@DU?$char_traits@D@std@@@std@@QBEDD@Z 0041f0bc     msvcprtd:MSVCP140D.dll
 0005:000000c0       __imp_?fill@?$basic_ios@DU?$char_traits@D@std@@@std@@QBEDXZ 0041f0c0     msvcprtd:MSVCP140D.dll
 0005:000000c4       __imp_?rdbuf@?$basic_ios@DU?$char_traits@D@std@@@std@@QBEPAV?$basic_streambuf@DU?$char_traits@D@std@@@2@XZ 0041f0c4     msvcprtd:MSVCP140D.dll
 0005:000000c8       __imp_?tie@?$basic_ios@DU?$char_traits@D@std@@@std@@QBEPAV?$basic_ostream@DU?$char_traits@D@std@@@2@XZ 0041f0c8     msvcprtd:MSVCP140D.dll
 0005:000000cc       __imp_?setstate@?$basic_ios@DU?$char_traits@D@std@@@std@@QAEXH_N@Z 0041f0cc     msvcprtd:MSVCP140D.dll
 0005:000000d0       __imp_?sputn@?$basic_streambuf@DU?$char_traits@D@std@@@std@@QAE_JPBD_J@Z 0041f0d0     msvcprtd:MSVCP140D.dll
 0005:000000d4       __imp_?sputc@?$basic_streambuf@DU?$char_traits@D@std@@@std@@QAEHD@Z 0041f0d4     msvcprtd:MSVCP140D.dll
 0005:000000d8       __imp_?width@ios_base@std@@QAE_J_J@Z 0041f0d8     msvcprtd:MSVCP140D.dll
 0005:000000dc       __imp_?width@ios_base@std@@QBE_JXZ 0041f0dc     msvcprtd:MSVCP140D.dll
 0005:000000e0       __imp_?flags@ios_base@std@@QBEHXZ 0041f0e0     msvcprtd:MSVCP140D.dll
 0005:000000e4       __imp_?good@ios_base@std@@QBE_NXZ 0041f0e4     msvcprtd:MSVCP140D.dll
 0005:000000e8       __imp_?cin@std@@3V?$basic_istream@DU?$char_traits@D@std@@@1@A 0041f0e8     msvcprtd:MSVCP140D.dll
 0005:000000ec       __imp_?uncaught_exception@std@@YA_NXZ 0041f0ec     msvcprtd:MSVCP140D.dll
 0005:000000f0       \177MSVCP140D_NULL_THUNK_DATA 0041f0f0     msvcprtd:MSVCP140D.dll
 0005:0000012c       __imp__memset              0041f12c     vcruntimed:VCRUNTIME140D.dll
 0005:00000130       __imp____std_type_info_destroy_list 0041f130     vcruntimed:VCRUNTIME140D.dll
 0005:00000134       __imp____current_exception 0041f134     vcruntimed:VCRUNTIME140D.dll
 0005:00000138       __imp____current_exception_context 0041f138     vcruntimed:VCRUNTIME140D.dll
 0005:0000013c       __imp___except_handler4_common 0041f13c     vcruntimed:VCRUNTIME140D.dll
 0005:00000140       __imp____vcrt_GetModuleFileNameW 0041f140     vcruntimed:VCRUNTIME140D.dll
 0005:00000144       __imp____vcrt_GetModuleHandleW 0041f144     vcruntimed:VCRUNTIME140D.dll
 0005:00000148       __imp____vcrt_LoadLibraryExW 0041f148     vcruntimed:VCRUNTIME140D.dll
 0005:0000014c       __imp____CxxFrameHandler3  0041f14c     vcruntimed:VCRUNTIME140D.dll
 0005:00000150       \177VCRUNTIME140D_NULL_THUNK_DATA 0041f150     vcruntimed:VCRUNTIME140D.dll
 0005:00000180       __imp____stdio_common_vsprintf_s 0041f180     ucrtd:ucrtbased.dll
 0005:00000184       __imp___seh_filter_dll     0041f184     ucrtd:ucrtbased.dll
 0005:00000188       __imp___initialize_onexit_table 0041f188     ucrtd:ucrtbased.dll
 0005:0000018c       __imp___register_onexit_function 0041f18c     ucrtd:ucrtbased.dll
 0005:00000190       __imp___execute_onexit_table 0041f190     ucrtd:ucrtbased.dll
 0005:00000194       __imp___crt_atexit         0041f194     ucrtd:ucrtbased.dll
 0005:00000198       __imp___crt_at_quick_exit  0041f198     ucrtd:ucrtbased.dll
 0005:0000019c       __imp___controlfp_s        0041f19c     ucrtd:ucrtbased.dll
 0005:000001a0       __imp__terminate           0041f1a0     ucrtd:ucrtbased.dll
 0005:000001a4       __imp___wmakepath_s        0041f1a4     ucrtd:ucrtbased.dll
 0005:000001a8       __imp___wsplitpath_s       0041f1a8     ucrtd:ucrtbased.dll
 0005:000001ac       __imp__wcscpy_s            0041f1ac     ucrtd:ucrtbased.dll
 0005:000001b0       __imp__strcpy_s            0041f1b0     ucrtd:ucrtbased.dll
 0005:000001b4       __imp__exit                0041f1b4     ucrtd:ucrtbased.dll
 0005:000001b8       __imp___initterm_e         0041f1b8     ucrtd:ucrtbased.dll
 0005:000001bc       __imp___initterm           0041f1bc     ucrtd:ucrtbased.dll
 0005:000001c0       __imp___get_initial_narrow_environment 0041f1c0     ucrtd:ucrtbased.dll
 0005:000001c4       __imp___initialize_narrow_environment 0041f1c4     ucrtd:ucrtbased.dll
 0005:000001c8       __imp___configure_narrow_argv 0041f1c8     ucrtd:ucrtbased.dll
 0005:000001cc       __imp____setusermatherr    0041f1cc     ucrtd:ucrtbased.dll
 0005:000001d0       __imp___set_app_type       0041f1d0     ucrtd:ucrtbased.dll
 0005:000001d4       __imp___seh_filter_exe     0041f1d4     ucrtd:ucrtbased.dll
 0005:000001d8       __imp___CrtDbgReportW      0041f1d8     ucrtd:ucrtbased.dll
 0005:000001dc       __imp___CrtDbgReport       0041f1dc     ucrtd:ucrtbased.dll
 0005:000001e0       __imp__strlen              0041f1e0     ucrtd:ucrtbased.dll
 0005:000001e4       __imp__strcat_s            0041f1e4     ucrtd:ucrtbased.dll
 0005:000001e8       __imp____p__commode        0041f1e8     ucrtd:ucrtbased.dll
 0005:000001ec       __imp___set_new_mode       0041f1ec     ucrtd:ucrtbased.dll
 0005:000001f0       __imp___configthreadlocale 0041f1f0     ucrtd:ucrtbased.dll
 0005:000001f4       __imp___register_thread_local_exe_atexit_callback 0041f1f4     ucrtd:ucrtbased.dll
 0005:000001f8       __imp___c_exit             0041f1f8     ucrtd:ucrtbased.dll
 0005:000001fc       __imp___cexit              0041f1fc     ucrtd:ucrtbased.dll
 0005:00000200       __imp____p___argv          0041f200     ucrtd:ucrtbased.dll
 0005:00000204       __imp___exit               0041f204     ucrtd:ucrtbased.dll
 0005:00000208       __imp___set_fmode          0041f208     ucrtd:ucrtbased.dll
 0005:0000020c       __imp____p___argc          0041f20c     ucrtd:ucrtbased.dll
 0005:00000210       \177ucrtbased_NULL_THUNK_DATA 0041f210     ucrtd:ucrtbased.dll
 0005:00000258       __IMPORT_DESCRIPTOR_MSVCP140D 0041f258     msvcprtd:MSVCP140D.dll
 0005:0000026c       __IMPORT_DESCRIPTOR_VCRUNTIME140D 0041f26c     vcruntimed:VCRUNTIME140D.dll
 0005:00000280       __IMPORT_DESCRIPTOR_ucrtbased 0041f280     ucrtd:ucrtbased.dll
 0005:00000294       __IMPORT_DESCRIPTOR_KERNEL32 0041f294     kernel32:KERNEL32.dll
 0005:000002a8       __NULL_IMPORT_DESCRIPTOR   0041f2a8     msvcprtd:MSVCP140D.dll
 0007:00000000       ___guard_check_icall_fptr  00422000     MSVCRTD:guard_support.obj
 0007:00000004       ___guard_xfg_check_icall_fptr 00422004     MSVCRTD:guard_support.obj

 entry point at        0002:00000023

 Static symbols

 0003:fffe5000       __catchsym$??$?6U?$char_traits@D@std@@@std@@YAAAV?$basic_ostream@DU?$char_traits@D@std@@@0@AAV10@PBD@Z$3 00400000     main.obj
 0003:fffe5000       __ehfuncinfo$??1_Sentry_base@?$basic_ostream@DU?$char_traits@D@std@@@std@@QAE@XZ 00400000     main.obj
 0003:fffe5000       __ehfuncinfo$??1sentry@?$basic_ostream@DU?$char_traits@D@std@@@std@@QAE@XZ 00400000     main.obj
 0002:fffef000       __ehhandler$??1_Sentry_base@?$basic_ostream@DU?$char_traits@D@std@@@std@@QAE@XZ 00400000 f   main.obj
 0002:fffef000       __ehhandler$??1sentry@?$basic_ostream@DU?$char_traits@D@std@@@std@@QAE@XZ 00400000 f   main.obj
 0002:fffef000       __unwindfunclet$??$?6U?$char_traits@D@std@@@std@@YAAAV?$basic_ostream@DU?$char_traits@D@std@@@0@AAV10@PBD@Z$2 00400000 f   main.obj
 0002:fffef000       __unwindfunclet$??0sentry@?$basic_ostream@DU?$char_traits@D@std@@@std@@QAE@AAV12@@Z$0 00400000 f   main.obj
 0003:fffe5000       __unwindtable$??0sentry@?$basic_ostream@DU?$char_traits@D@std@@@std@@QAE@AAV12@@Z 00400000     main.obj
 0000:fffdf000       __guard_fids___except_handler4 00400000     MSVCRTD:chandler4gs.obj
 0000:fffdf000       __guard_fids_?pre_c_initialization@@YAHXZ 00400000     MSVCRTD:exe_main.obj
 0000:fffdf000       __guard_fids__             00400000     MSVCRTD:exe_main.obj
 0000:fffdf000       __guard_fids__             00400000     MSVCRTD:guard_support.obj
 0000:fffdf000       __guard_fids__             00400000     MSVCRTD:guard_support.obj
 0000:fffdf000       __guard_fids___guard_icall_checks_enforced 00400000     MSVCRTD:guard_support.obj
 0000:fffdf000       __guard_fids___CRT_RTC_INIT 00400000     MSVCRTD:init.obj
 0000:fffdf000       __guard_fids___CRT_RTC_INITW 00400000     MSVCRTD:init.obj
 0000:fffdf000       __guard_fids____scrt_set_unhandled_exception_filter 00400000     MSVCRTD:utility_desktop.obj
 0000:fffdb000       .debug$S                   00400000     msvcprtd:MSVCP140D.dll
 0000:fffdb000       .debug$S                   00400000     msvcprtd:MSVCP140D.dll
 0000:fffdb000       .debug$S                   00400000     msvcprtd:MSVCP140D.dll
 0000:fffdb000       .debug$S                   00400000     msvcprtd:MSVCP140D.dll
 0000:fffdb000       .debug$S                   00400000     msvcprtd:MSVCP140D.dll
 0000:fffdb000       .debug$S                   00400000     msvcprtd:MSVCP140D.dll
 0000:fffdb000       .debug$S                   00400000     msvcprtd:MSVCP140D.dll
 0000:fffdb000       .debug$S                   00400000     msvcprtd:MSVCP140D.dll
 0000:fffdb000       .debug$S                   00400000     msvcprtd:MSVCP140D.dll
 0000:fffdb000       .debug$S                   00400000     msvcprtd:MSVCP140D.dll
 0000:fffdb000       .debug$S                   00400000     msvcprtd:MSVCP140D.dll
 0000:fffdb000       .debug$S                   00400000     msvcprtd:MSVCP140D.dll
 0000:fffdb000       .debug$S                   00400000     msvcprtd:MSVCP140D.dll
 0000:fffdb000       .debug$S                   00400000     msvcprtd:MSVCP140D.dll
 0000:fffdb000       .debug$S                   00400000     msvcprtd:MSVCP140D.dll
 0000:fffdb000       .debug$S                   00400000     msvcprtd:MSVCP140D.dll
 0000:fffdb000       .debug$S                   00400000     msvcprtd:MSVCP140D.dll
 0000:fffdb000       .debug$S                   00400000     msvcprtd:MSVCP140D.dll
 0000:fffdb000       .debug$S                   00400000     msvcprtd:MSVCP140D.dll
 0000:fffdb000       .debug$S                   00400000     msvcprtd:MSVCP140D.dll
 0000:fffdb000       .debug$S                   00400000     msvcprtd:MSVCP140D.dll
 0000:fffdb000       .debug$S                   00400000     msvcprtd:MSVCP140D.dll
 0000:fffdb000       .debug$S                   00400000     vcruntimed:VCRUNTIME140D.dll
 0000:fffdb000       .debug$S                   00400000     vcruntimed:VCRUNTIME140D.dll
 0000:fffdb000       .debug$S                   00400000     vcruntimed:VCRUNTIME140D.dll
 0000:fffdb000       .debug$S                   00400000     vcruntimed:VCRUNTIME140D.dll
 0000:fffdb000       .debug$S                   00400000     vcruntimed:VCRUNTIME140D.dll
 0000:fffdb000       .debug$S                   00400000     vcruntimed:VCRUNTIME140D.dll
 0000:fffdb000       .debug$S                   00400000     vcruntimed:VCRUNTIME140D.dll
 0000:fffdb000       .debug$S                   00400000     vcruntimed:VCRUNTIME140D.dll
 0000:fffdb000       .debug$S                   00400000     vcruntimed:VCRUNTIME140D.dll
 0000:fffdb000       .debug$S                   00400000     ucrtd:ucrtbased.dll
 0000:fffdb000       .debug$S                   00400000     ucrtd:ucrtbased.dll
 0000:fffdb000       .debug$S                   00400000     ucrtd:ucrtbased.dll
 0000:fffdb000       .debug$S                   00400000     ucrtd:ucrtbased.dll
 0000:fffdb000       .debug$S                   00400000     ucrtd:ucrtbased.dll
 0000:fffdb000       .debug$S                   00400000     ucrtd:ucrtbased.dll
 0000:fffdb000       .debug$S                   00400000     ucrtd:ucrtbased.dll
 0000:fffdb000       .debug$S                   00400000     ucrtd:ucrtbased.dll
 0000:fffdb000       .debug$S                   00400000     ucrtd:ucrtbased.dll
 0000:fffdb000       .debug$S                   00400000     ucrtd:ucrtbased.dll
 0000:fffdb000       .debug$S                   00400000     ucrtd:ucrtbased.dll
 0000:fffdb000       .debug$S                   00400000     ucrtd:ucrtbased.dll
 0000:fffdb000       .debug$S                   00400000     ucrtd:ucrtbased.dll
 0000:fffdb000       .debug$S                   00400000     ucrtd:ucrtbased.dll
 0000:fffdb000       .debug$S                   00400000     ucrtd:ucrtbased.dll
 0000:fffdb000       .debug$S                   00400000     ucrtd:ucrtbased.dll
 0000:fffdb000       .debug$S                   00400000     ucrtd:ucrtbased.dll
 0000:fffdb000       .debug$S                   00400000     ucrtd:ucrtbased.dll
 0000:fffdb000       .debug$S                   00400000     ucrtd:ucrtbased.dll
 0000:fffdb000       .debug$S                   00400000     ucrtd:ucrtbased.dll
 0000:fffdb000       .debug$S                   00400000     ucrtd:ucrtbased.dll
 0000:fffdb000       .debug$S                   00400000     ucrtd:ucrtbased.dll
 0000:fffdb000       .debug$S                   00400000     ucrtd:ucrtbased.dll
 0000:fffdb000       .debug$S                   00400000     ucrtd:ucrtbased.dll
 0000:fffdb000       .debug$S                   00400000     ucrtd:ucrtbased.dll
 0000:fffdb000       .debug$S                   00400000     ucrtd:ucrtbased.dll
 0000:fffdb000       .debug$S                   00400000     ucrtd:ucrtbased.dll
 0000:fffdb000       .debug$S                   00400000     ucrtd:ucrtbased.dll
 0000:fffdb000       .debug$S                   00400000     ucrtd:ucrtbased.dll
 0000:fffdb000       .debug$S                   00400000     ucrtd:ucrtbased.dll
 0000:fffdb000       .debug$S                   00400000     ucrtd:ucrtbased.dll
 0000:fffdb000       .debug$S                   00400000     ucrtd:ucrtbased.dll
 0000:fffdb000       .debug$S                   00400000     ucrtd:ucrtbased.dll
 0000:fffdb000       .debug$S                   00400000     ucrtd:ucrtbased.dll
 0000:fffdb000       .debug$S                   00400000     ucrtd:ucrtbased.dll
 0000:fffdb000       .debug$S                   00400000     ucrtd:ucrtbased.dll
 0000:fffdb000       .debug$S                   00400000     kernel32:KERNEL32.dll
 0000:fffdb000       .debug$S                   00400000     kernel32:KERNEL32.dll
 0000:fffdb000       .debug$S                   00400000     kernel32:KERNEL32.dll
 0000:fffdb000       .debug$S                   00400000     kernel32:KERNEL32.dll
 0000:fffdb000       .debug$S                   00400000     kernel32:KERNEL32.dll
 0000:fffdb000       .debug$S                   00400000     kernel32:KERNEL32.dll
 0000:fffdb000       .debug$S                   00400000     kernel32:KERNEL32.dll
 0000:fffdb000       .debug$S                   00400000     kernel32:KERNEL32.dll
 0000:fffdb000       .debug$S                   00400000     kernel32:KERNEL32.dll
 0000:fffdb000       .debug$S                   00400000     kernel32:KERNEL32.dll
 0000:fffdb000       .debug$S                   00400000     kernel32:KERNEL32.dll
 0000:fffdb000       .debug$S                   00400000     kernel32:KERNEL32.dll
 0000:fffdb000       .debug$S                   00400000     kernel32:KERNEL32.dll
 0000:fffdb000       .debug$S                   00400000     kernel32:KERNEL32.dll
 0000:fffdb000       .debug$S                   00400000     kernel32:KERNEL32.dll
 0000:fffdb000       .debug$S                   00400000     kernel32:KERNEL32.dll
 0000:fffdb000       .debug$S                   00400000     kernel32:KERNEL32.dll
 0000:fffdb000       .debug$S                   00400000     kernel32:KERNEL32.dll
 0000:fffdb000       .debug$S                   00400000     kernel32:KERNEL32.dll
 0000:fffdb000       .debug$S                   00400000     kernel32:KERNEL32.dll
 0000:fffdb000       .debug$S                   00400000     kernel32:KERNEL32.dll
 0000:fffdb000       .debug$S                   00400000     kernel32:KERNEL32.dll
 0000:fffdb000       .debug$S                   00400000     kernel32:KERNEL32.dll
 0000:fffdf004       __guard_fids__             00400004     MSVCRTD:exe_main.obj
 0003:fffe5008       __ehfuncinfo$??0sentry@?$basic_ostream@DU?$char_traits@D@std@@@std@@QAE@AAV12@@Z 00400008     main.obj
 0000:fffdf008       __guard_fids__             00400008     MSVCRTD:exe_main.obj
 0002:fffef00d       __ehhandler$??$?6U?$char_traits@D@std@@@std@@YAAAV?$basic_ostream@DU?$char_traits@D@std@@@0@AAV10@PBD@Z 0040000d f   main.obj
 0002:fffef00d       __ehhandler$??0sentry@?$basic_ostream@DU?$char_traits@D@std@@@std@@QAE@AAV12@@Z 0040000d f   main.obj
 0003:fffe5010       __tryblocktable$??$?6U?$char_traits@D@std@@@std@@YAAAV?$basic_ostream@DU?$char_traits@D@std@@@0@AAV10@PBD@Z 00400010     main.obj
 0003:fffe5024       __unwindtable$??$?6U?$char_traits@D@std@@@std@@YAAAV?$basic_ostream@DU?$char_traits@D@std@@@0@AAV10@PBD@Z 00400024     main.obj
 0003:fffe503c       __ehfuncinfo$??$?6U?$char_traits@D@std@@@std@@YAAAV?$basic_ostream@DU?$char_traits@D@std@@@0@AAV10@PBD@Z 0040003c     main.obj
 0002:fffef3e4       __catch$??$?6U?$char_traits@D@std@@@std@@YAAAV?$basic_ostream@DU?$char_traits@D@std@@@0@AAV10@PBD@Z$0 004003e4 f   main.obj
 0002:fffef494       $LN32                      00400494     main.obj
 0002:fffef49c       $LN31                      0040049c     main.obj
 0002:fffef4a8       $LN29                      004004a8     main.obj
 0002:00000d54       __catch$??$?6U?$char_traits@D@std@@@std@@YAAAV?$basic_ostream@DU?$char_traits@D@std@@@0@AAV10@PBD@Z$0 00411d54 f i Loops.obj
 0002:00000e04       $LN32                      00411e04     Loops.obj
 0002:00000e0c       $LN31                      00411e0c     Loops.obj
 0002:00000e18       $LN29                      00411e18     Loops.obj
 0002:000017f8       $LN8                       004127f8     Loops.obj
 0002:00001800       $LN7                       00412800     Loops.obj
 0002:0000180c       $LN6                       0041280c     Loops.obj
 0002:00001ac0       $LN16                      00412ac0     Loops.obj
 0002:00001ac8       $LN15                      00412ac8     Loops.obj
 0002:00001aec       $LN14                      00412aec     Loops.obj
 0002:00001af0       $LN13                      00412af0     Loops.obj
 0002:00001af4       $LN12                      00412af4     Loops.obj
 0002:00002114       $LN8                       00413114     main.obj
 0002:0000211c       $LN7                       0041311c     main.obj
 0002:0000214c       $LN6                       0041314c     main.obj
 0002:00002150       $LN5                       00413150     main.obj
 0002:00002152       $LN4                       00413152     main.obj
 0002:0000215d       $LN3                       0041315d     main.obj
 0002:000023b0       $LN5                       004133b0     main.obj
 0002:000023b8       $LN4                       004133b8     main.obj
 0002:000023c4       $LN3                       004133c4     main.obj
 0002:00002a5c       $LN8                       00413a5c     main.obj
 0002:00002a64       $LN7                       00413a64     main.obj
 0002:00002a94       $LN6                       00413a94     main.obj
 0002:00002a96       $LN5                       00413a96     main.obj
 0002:00002a98       $LN4                       00413a98     main.obj
 0002:00002a9a       $LN3                       00413a9a     main.obj
 0002:00002e7c       $LN5                       00413e7c     main.obj
 0002:00002e84       $LN4                       00413e84     main.obj
 0002:00002e90       $LN3                       00413e90     main.obj
 0002:000031a4       $LN6                       004141a4     autoKeyWord.obj
 0002:000031ac       $LN5                       004141ac     autoKeyWord.obj
 0002:000031c4       $LN4                       004141c4     autoKeyWord.obj
 0002:000031c8       $LN3                       004141c8     autoKeyWord.obj
 0002:00003630       ?pre_c_initialization@@YAHXZ 00414630 f   MSVCRTD:exe_main.obj
 0002:00003710       ?post_pgo_initialization@@YAHXZ 00414710 f   MSVCRTD:exe_main.obj
 0002:00003720       ?pre_cpp_initialization@@YAXXZ 00414720 f   MSVCRTD:exe_main.obj
 0002:00003740       ?__scrt_common_main@@YAHXZ 00414740 f   MSVCRTD:exe_main.obj
 0002:00003760       ?__scrt_common_main_seh@@YAHXZ 00414760 f   MSVCRTD:exe_main.obj
 0002:00003a30       ?invoke_main@@YAHXZ        00414a30 f   MSVCRTD:exe_main.obj
 0002:00003af0       ?DebuggerProbe@@YA_NK@Z    00414af0 f   MSVCRTD:error.obj
 0002:00003b40       ?DebuggerRuntime@@YA_NKHPAXPB_W@Z 00414b40 f   MSVCRTD:error.obj
 0002:00003e10       ?_getMemBlockDataString@@YAXPAD0PBDI@Z 00414e10 f   MSVCRTD:error.obj
 0002:00003ea0       ?_strlen_priv@@YAIPBD@Z    00414ea0 f   MSVCRTD:error.obj
 0002:00003ec0       ?failwithmessage@@YAXPAXHHPBD@Z 00414ec0 f   MSVCRTD:error.obj
 0002:00004140       ?notify_debugger@@YAXABUtagEXCEPTION_VISUALCPP_DEBUG_INFO@@@Z 00415140 f   MSVCRTD:error.obj
 0002:00004840       ?find_pe_section@@YAPAU_IMAGE_SECTION_HEADER@@QAEI@Z 00415840 f   MSVCRTD:utility.obj
 0002:000048f0       ?is_potentially_valid_image_base@@YA_NQAX@Z 004158f0 f   MSVCRTD:utility.obj
 0002:00005000       ___get_entropy             00416000 f   MSVCRTD:gs_support.obj
 0002:00005850       ___castguard_compat_check  00416850 f   MSVCRTD:guard_support.obj
 0002:000059b0       ___castguard_slow_path_compat_check 004169b0 f   MSVCRTD:guard_support.obj
 0002:00005a40       ?GetPdbDll@@YAPAUHINSTANCE__@@XZ 00416a40 f   MSVCRTD:pdblkup.obj
 0002:00005bd0       ?GetPdbDllFromInstallPath@@YAPAUHINSTANCE__@@XZ 00416bd0 f   MSVCRTD:pdblkup.obj
 0002:00005ec0       ?GetPdbDllPathFromFilePath@@YAHPB_WPA_WI@Z 00416ec0 f   MSVCRTD:pdblkup.obj
 0002:000080d0       __unwindfunclet$??$?6U?$char_traits@D@std@@@std@@YAAAV?$basic_ostream@DU?$char_traits@D@std@@@0@AAV10@PBD@Z$2 004190d0 f   Loops.obj
 0002:000080dd       __ehhandler$??$?6U?$char_traits@D@std@@@std@@YAAAV?$basic_ostream@DU?$char_traits@D@std@@@0@AAV10@PBD@Z 004190dd f   Loops.obj
 0002:00008120       __unwindfunclet$??0sentry@?$basic_ostream@DU?$char_traits@D@std@@@std@@QAE@AAV12@@Z$0 00419120 f   Loops.obj
 0002:0000812d       __ehhandler$??0sentry@?$basic_ostream@DU?$char_traits@D@std@@@std@@QAE@AAV12@@Z 0041912d f   Loops.obj
 0002:00008160       __ehhandler$??1_Sentry_base@?$basic_ostream@DU?$char_traits@D@std@@@std@@QAE@XZ 00419160 f   Loops.obj
 0002:00008190       __ehhandler$??1sentry@?$basic_ostream@DU?$char_traits@D@std@@@std@@QAE@XZ 00419190 f   Loops.obj
 0003:00000104       ?pre_cpp_initializer@@3P6AXXZA 0041b104     MSVCRTD:exe_main.obj
 0003:00000410       ?pre_c_initializer@@3P6AHXZA 0041b410     MSVCRTD:exe_main.obj
 0003:00000514       ?post_pgo_initializer@@3P6AHXZA 0041b514     MSVCRTD:exe_main.obj
 0003:00000f14       ?_RTC_ErrorMessages@@3QBQBDB 0041bf14     MSVCRTD:error.obj
 0003:00000f2c       ?_RTC_NoFalsePositives@@3QBHB 0041bf2c     MSVCRTD:error.obj
 0003:00000f44       ?stack_premsg@@3QBDB       0041bf44     MSVCRTD:error.obj
 0003:00000f60       ?stack_postmsg@@3QBDB      0041bf60     MSVCRTD:error.obj
 0003:00000f74       ?uninit_premsg@@3QBDB      0041bf74     MSVCRTD:error.obj
 0003:00000f84       ?uninit_postmsg@@3QBDB     0041bf84     MSVCRTD:error.obj
 0003:000015d0       _GS_ExceptionPointers      0041c5d0     MSVCRTD:gs_report.obj
 0003:000015dc       ?_RTC_errlist@@3QBQBDB     0041c5dc     MSVCRTD:userapi.obj
 0003:000016c0       ?mspdbName@@3QB_WB         0041c6c0     MSVCRTD:pdblkup.obj
 0003:000016e4       ?debugCrtFileName@@3QB_WB  0041c6e4     MSVCRTD:pdblkup.obj
 0003:00001870       ?dllExt@?1??GetPdbDllPathFromFilePath@@YAHPB_WPA_WI@Z@4QB_WB 0041c870     MSVCRTD:pdblkup.obj
 0003:0000187c       ?mspdbFilename@?1??GetPdbDllPathFromFilePath@@YAHPB_WPA_WI@Z@4QB_WB 0041c87c     MSVCRTD:pdblkup.obj
 0003:00001fc8       __RTC_InitBase.rtc$IMZ     0041cfc8     Loops.obj
 0003:00001fcc       __RTC_InitBase.rtc$IMZ     0041cfcc     main.obj
 0003:00001fd0       __RTC_InitBase.rtc$IMZ     0041cfd0     ponterslecture.obj
 0003:00001fd4       __RTC_InitBase.rtc$IMZ     0041cfd4     autoKeyWord.obj
 0003:000022e4       __RTC_Shutdown.rtc$TMZ     0041d2e4     Loops.obj
 0003:000022e8       __RTC_Shutdown.rtc$TMZ     0041d2e8     main.obj
 0003:000022ec       __RTC_Shutdown.rtc$TMZ     0041d2ec     ponterslecture.obj
 0003:000022f0       __RTC_Shutdown.rtc$TMZ     0041d2f0     autoKeyWord.obj
 0003:00002500       __catchsym$??$?6U?$char_traits@D@std@@@std@@YAAAV?$basic_ostream@DU?$char_traits@D@std@@@0@AAV10@PBD@Z$3 0041d500     Loops.obj
 0003:00002510       __tryblocktable$??$?6U?$char_traits@D@std@@@std@@YAAAV?$basic_ostream@DU?$char_traits@D@std@@@0@AAV10@PBD@Z 0041d510     Loops.obj
 0003:00002524       __unwindtable$??$?6U?$char_traits@D@std@@@std@@YAAAV?$basic_ostream@DU?$char_traits@D@std@@@0@AAV10@PBD@Z 0041d524     Loops.obj
 0003:0000253c       __ehfuncinfo$??$?6U?$char_traits@D@std@@@std@@YAAAV?$basic_ostream@DU?$char_traits@D@std@@@0@AAV10@PBD@Z 0041d53c     Loops.obj
 0003:0000256c       __ehfuncinfo$??1_Sentry_base@?$basic_ostream@DU?$char_traits@D@std@@@std@@QAE@XZ 0041d56c     Loops.obj
 0003:00002594       __unwindtable$??0sentry@?$basic_ostream@DU?$char_traits@D@std@@@std@@QAE@AAV12@@Z 0041d594     Loops.obj
 0003:0000259c       __ehfuncinfo$??0sentry@?$basic_ostream@DU?$char_traits@D@std@@@std@@QAE@AAV12@@Z 0041d59c     Loops.obj
 0003:000025c4       __ehfuncinfo$??1sentry@?$basic_ostream@DU?$char_traits@D@std@@@std@@QAE@XZ 0041d5c4     Loops.obj
 0003:000025f0       __sehtable$?__scrt_common_main_seh@@YAHXZ 0041d5f0     MSVCRTD:exe_main.obj
 0003:00002610       __sehtable$?notify_debugger@@YAXABUtagEXCEPTION_VISUALCPP_DEBUG_INFO@@@Z 0041d610     MSVCRTD:error.obj
 0003:00002630       __sehtable$___scrt_is_nonwritable_in_current_image 0041d630     MSVCRTD:utility.obj
 0004:00000140       ?init@?1??_RTC_InitBase@@9@4_NA 0041e140     MSVCRTD:init.obj
 0004:00000158       _GS_ExceptionRecord        0041e158     MSVCRTD:gs_report.obj
 0004:000001a8       _GS_ContextRecord          0041e1a8     MSVCRTD:gs_report.obj
 0004:00000514       ?_RTC_ErrorReportFunc@@3P6AHHPBDH00ZZA 0041e514     MSVCRTD:userapi.obj
 0004:00000518       ?_RTC_ErrorReportFuncW@@3P6AHHPB_WH00ZZA 0041e518     MSVCRTD:userapi.obj
 0004:00000528       ?is_initialized_as_dll@@3_NA 0041e528     MSVCRTD:utility.obj
 0004:00000529       ?module_local_atexit_table_initialized@@3_NA 0041e529     MSVCRTD:utility.obj
 0004:0000052c       ?module_local_atexit_table@@3U_onexit_table_t@@A 0041e52c     MSVCRTD:utility.obj
 0004:00000538       ?module_local_at_quick_exit_table@@3U_onexit_table_t@@A 0041e538     MSVCRTD:utility.obj
 0004:00000574       ?mspdb@@3PAUHINSTANCE__@@A 0041e574     MSVCRTD:pdblkup.obj
 0004:00000578       ?alreadyTried@?1??GetPdbDll@@YAPAUHINSTANCE__@@XZ@4_NA 0041e578     MSVCRTD:pdblkup.obj
 0004:00000579       ?PDBOK@?1??_RTC_GetSrcLine@@YAHPAEPA_WKPAH1K@Z@4_NA 0041e579     MSVCRTD:pdblkup.obj
 0005:00000a44       .idata$6                   0041fa44     msvcprtd:MSVCP140D.dll
 0005:00000b2e       .idata$6                   0041fb2e     vcruntimed:VCRUNTIME140D.dll
 0005:00000dce       .idata$6                   0041fdce     ucrtd:ucrtbased.dll
 0005:00000fb2       .idata$6                   0041ffb2     kernel32:KERNEL32.dll
 0006:00000000       __B47D56BF_vcruntime_new@h 00421000     Loops.obj
 0006:00000001       __741AE07E_corecrt_math@h  00421001     Loops.obj
 0006:00000002       __B49664B7_stdlib@h        00421002     Loops.obj
 0006:00000003       __C21D4742_cstdlib         00421003     Loops.obj
 0006:00000004       __E5A3C3E7_cmath           00421004     Loops.obj
 0006:00000005       __A2143F22_corecrt_stdio_config@h 00421005     Loops.obj
 0006:00000006       __829E1958_corecrt_wstdio@h 00421006     Loops.obj
 0006:00000007       __6DFAE8B8_stdio@h         00421007     Loops.obj
 0006:00000008       __1FEB9909_corecrt_memcpy_s@h 00421008     Loops.obj
 0006:00000009       __A751F051_corecrt_memory@h 00421009     Loops.obj
 0006:0000000a       __9200769A_corecrt_wstring@h 0042100a     Loops.obj
 0006:0000000b       __32E5F013_string@h        0042100b     Loops.obj
 0006:0000000c       __C6E16F6F_corecrt_wconio@h 0042100c     Loops.obj
 0006:0000000d       __6D390390_corecrt_wio@h   0042100d     Loops.obj
 0006:0000000e       __1157D6BA_corecrt_wtime@h 0042100e     Loops.obj
 0006:0000000f       __1DC1E279_stat@h          0042100f     Loops.obj
 0006:00000010       __93DC0B45_wchar@h         00421010     Loops.obj
 0006:00000011       __CF8711D5_type_traits     00421011     Loops.obj
 0006:00000012       __17C09D42_xutility        00421012     Loops.obj
 0006:00000013       __20BB4341_malloc@h        00421013     Loops.obj
 0006:00000014       __4AA59CE7_vcruntime_exception@h 00421014     Loops.obj
 0006:00000015       __2EFB0E87_exception       00421015     Loops.obj
 0006:00000016       __4B0E324D_limits          00421016     Loops.obj
 0006:00000017       __9F85A10A_xmemory         00421017     Loops.obj
 0006:00000018       __EB562796_xstring         00421018     Loops.obj
 0006:00000019       __A7B534DA_stdexcept       00421019     Loops.obj
 0006:0000001a       __1E2F7035_xcall_once@h    0042101a     Loops.obj
 0006:0000001b       __A0B61CF9_time@h          0042101b     Loops.obj
 0006:0000001c       __17D805AB_xthreads@h      0042101c     Loops.obj
 0006:0000001d       __203B6E8F_atomic          0042101d     Loops.obj
 0006:0000001e       __A1726215_system_error    0042101e     Loops.obj
 0006:0000001f       __6E3609D7_vcruntime_typeinfo@h 0042101f     Loops.obj
 0006:00000020       __671F6E5B_typeinfo        00421020     Loops.obj
 0006:00000021       __F7A03EC3_memory          00421021     Loops.obj
 0006:00000022       __DBE569CC_xfacet          00421022     Loops.obj
 0006:00000023       __B2D2BA86_ctype@h         00421023     Loops.obj
 0006:00000024       __78968D93_xlocinfo        00421024     Loops.obj
 0006:00000025       __346853A7_xlocale         00421025     Loops.obj
 0006:00000026       __4173FA80_xiosbase        00421026     Loops.obj
 0006:00000027       __AAEF35B0_xlocnum         00421027     Loops.obj
 0006:00000028       __6DB3A328_ios             00421028     Loops.obj
 0006:00000029       __D6B3E693_Loops@cpp       00421029     Loops.obj
 0006:0000002a       __11D7B391_initializer_list 0042102a     Loops.obj
 0006:0000002b       __44A8BC59_istream         0042102b     Loops.obj
 0006:0000002c       __27788963_ostream         0042102c     Loops.obj
 0006:0000002d       __A5158C66_streambuf       0042102d     Loops.obj
 0006:0000002e       __066C2A02_iterator        0042102e     Loops.obj
 0006:0000002f       __87E7E7CB_iosfwd          0042102f     Loops.obj
 0006:00000030       __F510C2C9_utility         00421030     Loops.obj
 0006:00000031       __020F55DB_xstddef         00421031     Loops.obj
 0006:00000032       __24F78251_xatomic@h       00421032     Loops.obj
 0006:0000003d       __B47D56BF_vcruntime_new@h 0042103d     main.obj
 0006:0000003e       __741AE07E_corecrt_math@h  0042103e     main.obj
 0006:0000003f       __B49664B7_stdlib@h        0042103f     main.obj
 0006:00000040       __C21D4742_cstdlib         00421040     main.obj
 0006:00000041       __E5A3C3E7_cmath           00421041     main.obj
 0006:00000042       __A2143F22_corecrt_stdio_config@h 00421042     main.obj
 0006:00000043       __829E1958_corecrt_wstdio@h 00421043     main.obj
 0006:00000044       __6DFAE8B8_stdio@h         00421044     main.obj
 0006:00000045       __1FEB9909_corecrt_memcpy_s@h 00421045     main.obj
 0006:00000046       __A751F051_corecrt_memory@h 00421046     main.obj
 0006:00000047       __9200769A_corecrt_wstring@h 00421047     main.obj
 0006:00000048       __32E5F013_string@h        00421048     main.obj
 0006:00000049       __C6E16F6F_corecrt_wconio@h 00421049     main.obj
 0006:0000004a       __6D390390_corecrt_wio@h   0042104a     main.obj
 0006:0000004b       __1157D6BA_corecrt_wtime@h 0042104b     main.obj
 0006:0000004c       __1DC1E279_stat@h          0042104c     main.obj
 0006:0000004d       __93DC0B45_wchar@h         0042104d     main.obj
 0006:0000004e       __CF8711D5_type_traits     0042104e     main.obj
 0006:0000004f       __17C09D42_xutility        0042104f     main.obj
 0006:00000050       __20BB4341_malloc@h        00421050     main.obj
 0006:00000051       __4AA59CE7_vcruntime_exception@h 00421051     main.obj
 0006:00000052       __2EFB0E87_exception       00421052     main.obj
 0006:00000053       __4B0E324D_limits          00421053     main.obj
 0006:00000054       __9F85A10A_xmemory         00421054     main.obj
 0006:00000055       __EB562796_xstring         00421055     main.obj
 0006:00000056       __A7B534DA_stdexcept       00421056     main.obj
 0006:00000057       __1E2F7035_xcall_once@h    00421057     main.obj
 0006:00000058       __A0B61CF9_time@h          00421058     main.obj
 0006:00000059       __17D805AB_xthreads@h      00421059     main.obj
 0006:0000005a       __203B6E8F_atomic          0042105a     main.obj
 0006:0000005b       __A1726215_system_error    0042105b     main.obj
 0006:0000005c       __6E3609D7_vcruntime_typeinfo@h 0042105c     main.obj
 0006:0000005d       __671F6E5B_typeinfo        0042105d     main.obj
 0006:0000005e       __F7A03EC3_memory          0042105e     main.obj
 0006:0000005f       __DBE569CC_xfacet          0042105f     main.obj
 0006:00000060       __B2D2BA86_ctype@h         00421060     main.obj
 0006:00000061       __78968D93_xlocinfo        00421061     main.obj
 0006:00000062       __346853A7_xlocale         00421062     main.obj
 0006:00000063       __4173FA80_xiosbase        00421063     main.obj
 0006:00000064       __AAEF35B0_xlocnum         00421064     main.obj
 0006:00000065       __6DB3A328_ios             00421065     main.obj
 0006:00000066       __29E520C5_main@cpp        00421066     main.obj
 0006:00000067       __44A8BC59_istream         00421067     main.obj
 0006:00000068       __27788963_ostream         00421068     main.obj
 0006:00000069       __A5158C66_streambuf       00421069     main.obj
 0006:0000006a       __066C2A02_iterator        0042106a     main.obj
 0006:0000006b       __87E7E7CB_iosfwd          0042106b     main.obj
 0006:0000006c       __F510C2C9_utility         0042106c     main.obj
 0006:0000006d       __020F55DB_xstddef         0042106d     main.obj
 0006:0000006e       __24F78251_xatomic@h       0042106e     main.obj
 0006:00000079       __B47D56BF_vcruntime_new@h 00421079     ponterslecture.obj
 0006:0000007a       __741AE07E_corecrt_math@h  0042107a     ponterslecture.obj
 0006:0000007b       __B49664B7_stdlib@h        0042107b     ponterslecture.obj
 0006:0000007c       __C21D4742_cstdlib         0042107c     ponterslecture.obj
 0006:0000007d       __E5A3C3E7_cmath           0042107d     ponterslecture.obj
 0006:0000007e       __A2143F22_corecrt_stdio_config@h 0042107e     ponterslecture.obj
 0006:0000007f       __829E1958_corecrt_wstdio@h 0042107f     ponterslecture.obj
 0006:00000080       __6DFAE8B8_stdio@h         00421080     ponterslecture.obj
 0006:00000081       __1FEB9909_corecrt_memcpy_s@h 00421081     ponterslecture.obj
 0006:00000082       __A751F051_corecrt_memory@h 00421082     ponterslecture.obj
 0006:00000083       __9200769A_corecrt_wstring@h 00421083     ponterslecture.obj
 0006:00000084       __32E5F013_string@h        00421084     ponterslecture.obj
 0006:00000085       __C6E16F6F_corecrt_wconio@h 00421085     ponterslecture.obj
 0006:00000086       __6D390390_corecrt_wio@h   00421086     ponterslecture.obj
 0006:00000087       __1157D6BA_corecrt_wtime@h 00421087     ponterslecture.obj
 0006:00000088       __1DC1E279_stat@h          00421088     ponterslecture.obj
 0006:00000089       __93DC0B45_wchar@h         00421089     ponterslecture.obj
 0006:0000008a       __CF8711D5_type_traits     0042108a     ponterslecture.obj
 0006:0000008b       __17C09D42_xutility        0042108b     ponterslecture.obj
 0006:0000008c       __20BB4341_malloc@h        0042108c     ponterslecture.obj
 0006:0000008d       __4AA59CE7_vcruntime_exception@h 0042108d     ponterslecture.obj
 0006:0000008e       __2EFB0E87_exception       0042108e     ponterslecture.obj
 0006:0000008f       __4B0E324D_limits          0042108f     ponterslecture.obj
 0006:00000090       __9F85A10A_xmemory         00421090     ponterslecture.obj
 0006:00000091       __EB562796_xstring         00421091     ponterslecture.obj
 0006:00000092       __A7B534DA_stdexcept       00421092     ponterslecture.obj
 0006:00000093       __1E2F7035_xcall_once@h    00421093     ponterslecture.obj
 0006:00000094       __A0B61CF9_time@h          00421094     ponterslecture.obj
 0006:00000095       __17D805AB_xthreads@h      00421095     ponterslecture.obj
 0006:00000096       __203B6E8F_atomic          00421096     ponterslecture.obj
 0006:00000097       __A1726215_system_error    00421097     ponterslecture.obj
 0006:00000098       __6E3609D7_vcruntime_typeinfo@h 00421098     ponterslecture.obj
 0006:00000099       __671F6E5B_typeinfo        00421099     ponterslecture.obj
 0006:0000009a       __F7A03EC3_memory          0042109a     ponterslecture.obj
 0006:0000009b       __DBE569CC_xfacet          0042109b     ponterslecture.obj
 0006:0000009c       __B2D2BA86_ctype@h         0042109c     ponterslecture.obj
 0006:0000009d       __78968D93_xlocinfo        0042109d     ponterslecture.obj
 0006:0000009e       __346853A7_xlocale         0042109e     ponterslecture.obj
 0006:0000009f       __4173FA80_xiosbase        0042109f     ponterslecture.obj
 0006:000000a0       __AAEF35B0_xlocnum         004210a0     ponterslecture.obj
 0006:000000a1       __6DB3A328_ios             004210a1     ponterslecture.obj
 0006:000000a2       __DDBCB500_ponterslecture@cpp 004210a2     ponterslecture.obj
 0006:000000a3       __44A8BC59_istream         004210a3     ponterslecture.obj
 0006:000000a4       __27788963_ostream         004210a4     ponterslecture.obj
 0006:000000a5       __A5158C66_streambuf       004210a5     ponterslecture.obj
 0006:000000a6       __87E7E7CB_iosfwd          004210a6     ponterslecture.obj
 0006:000000a7       __F510C2C9_utility         004210a7     ponterslecture.obj
 0006:000000a8       __066C2A02_iterator        004210a8     ponterslecture.obj
 0006:000000a9       __020F55DB_xstddef         004210a9     ponterslecture.obj
 0006:000000aa       __24F78251_xatomic@h       004210aa     ponterslecture.obj
 0006:000000b5       __B47D56BF_vcruntime_new@h 004210b5     autoKeyWord.obj
 0006:000000b6       __741AE07E_corecrt_math@h  004210b6     autoKeyWord.obj
 0006:000000b7       __B49664B7_stdlib@h        004210b7     autoKeyWord.obj
 0006:000000b8       __C21D4742_cstdlib         004210b8     autoKeyWord.obj
 0006:000000b9       __E5A3C3E7_cmath           004210b9     autoKeyWord.obj
 0006:000000ba       __A2143F22_corecrt_stdio_config@h 004210ba     autoKeyWord.obj
 0006:000000bb       __829E1958_corecrt_wstdio@h 004210bb     autoKeyWord.obj
 0006:000000bc       __6DFAE8B8_stdio@h         004210bc     autoKeyWord.obj
 0006:000000bd       __1FEB9909_corecrt_memcpy_s@h 004210bd     autoKeyWord.obj
 0006:000000be       __A751F051_corecrt_memory@h 004210be     autoKeyWord.obj
 0006:000000bf       __9200769A_corecrt_wstring@h 004210bf     autoKeyWord.obj
 0006:000000c0       __32E5F013_string@h        004210c0     autoKeyWord.obj
 0006:000000c1       __C6E16F6F_corecrt_wconio@h 004210c1     autoKeyWord.obj
 0006:000000c2       __6D390390_corecrt_wio@h   004210c2     autoKeyWord.obj
 0006:000000c3       __1157D6BA_corecrt_wtime@h 004210c3     autoKeyWord.obj
 0006:000000c4       __1DC1E279_stat@h          004210c4     autoKeyWord.obj
 0006:000000c5       __93DC0B45_wchar@h         004210c5     autoKeyWord.obj
 0006:000000c6       __CF8711D5_type_traits     004210c6     autoKeyWord.obj
 0006:000000c7       __17C09D42_xutility        004210c7     autoKeyWord.obj
 0006:000000c8       __20BB4341_malloc@h        004210c8     autoKeyWord.obj
 0006:000000c9       __4AA59CE7_vcruntime_exception@h 004210c9     autoKeyWord.obj
 0006:000000ca       __2EFB0E87_exception       004210ca     autoKeyWord.obj
 0006:000000cb       __4B0E324D_limits          004210cb     autoKeyWord.obj
 0006:000000cc       __9F85A10A_xmemory         004210cc     autoKeyWord.obj
 0006:000000cd       __EB562796_xstring         004210cd     autoKeyWord.obj
 0006:000000ce       __A7B534DA_stdexcept       004210ce     autoKeyWord.obj
 0006:000000cf       __1E2F7035_xcall_once@h    004210cf     autoKeyWord.obj
 0006:000000d0       __A0B61CF9_time@h          004210d0     autoKeyWord.obj
 0006:000000d1       __17D805AB_xthreads@h      004210d1     autoKeyWord.obj
 0006:000000d2       __203B6E8F_atomic          004210d2     autoKeyWord.obj
 0006:000000d3       __A1726215_system_error    004210d3     autoKeyWord.obj
 0006:000000d4       __6E3609D7_vcruntime_typeinfo@h 004210d4     autoKeyWord.obj
 0006:000000d5       __671F6E5B_typeinfo        004210d5     autoKeyWord.obj
 0006:000000d6       __F7A03EC3_memory          004210d6     autoKeyWord.obj
 0006:000000d7       __DBE569CC_xfacet          004210d7     autoKeyWord.obj
 0006:000000d8       __B2D2BA86_ctype@h         004210d8     autoKeyWord.obj
 0006:000000d9       __78968D93_xlocinfo        004210d9     autoKeyWord.obj
 0006:000000da       __346853A7_xlocale         004210da     autoKeyWord.obj
 0006:000000db       __4173FA80_xiosbase        004210db     autoKeyWord.obj
 0006:000000dc       __AAEF35B0_xlocnum         004210dc     autoKeyWord.obj
 0006:000000dd       __6DB3A328_ios             004210dd     autoKeyWord.obj
 0006:000000de       __A78FFE85_autoKeyWord@cpp 004210de     autoKeyWord.obj
 0006:000000df       __11D7B391_initializer_list 004210df     autoKeyWord.obj
 0006:000000e0       __44A8BC59_istream         004210e0     autoKeyWord.obj
 0006:000000e1       __27788963_ostream         004210e1     autoKeyWord.obj
 0006:000000e2       __A5158C66_streambuf       004210e2     autoKeyWord.obj
 0006:000000e3       __87E7E7CB_iosfwd          004210e3     autoKeyWord.obj
 0006:000000e4       __F510C2C9_utility         004210e4     autoKeyWord.obj
 0006:000000e5       __066C2A02_iterator        004210e5     autoKeyWord.obj
 0006:000000e6       __020F55DB_xstddef         004210e6     autoKeyWord.obj
 0006:000000e7       __24F78251_xatomic@h       004210e7     autoKeyWord.obj
 0008:00000170       $R000000                   00423170     * linker generated manifest res *
